D/dalvikvm( 1994): WAIT_FOR_CONCURRENT_GC blocked 17ms
D/dalvikvm( 1994): GC_CONCURRENT freed 466K, 14% free 8921K/10336K, paused 2ms+2ms, total 22ms
D/dalvikvm( 1994): WAIT_FOR_CONCURRENT_GC blocked 18ms
D/dalvikvm( 1994): GC_CONCURRENT freed 482K, 14% free 8950K/10336K, paused 1ms+2ms, total 21ms
D/dalvikvm( 1994): WAIT_FOR_CONCURRENT_GC blocked 17ms
D/dalvikvm( 1994): GC_CONCURRENT freed 483K, 14% free 8978K/10336K, paused 2ms+2ms, total 23ms
D/dalvikvm( 1994): WAIT_FOR_CONCURRENT_GC blocked 19ms
D/dalvikvm( 1994): GC_CONCURRENT freed 468K, 13% free 9019K/10336K, paused 3ms+2ms, total 23ms
D/dalvikvm( 1994): WAIT_FOR_CONCURRENT_GC blocked 11ms
D/dalvikvm( 1994): GC_CONCURRENT freed 455K, 13% free 9073K/10336K, paused 1ms+1ms, total 21ms
D/dalvikvm( 1994): WAIT_FOR_CONCURRENT_GC blocked 17ms
D/dalvikvm( 1994): GC_CONCURRENT freed 488K, 12% free 9095K/10336K, paused 2ms+2ms, total 24ms
D/dalvikvm( 1994): WAIT_FOR_CONCURRENT_GC blocked 19ms
D/dalvikvm( 1994): GC_CONCURRENT freed 488K, 12% free 9118K/10336K, paused 1ms+2ms, total 21ms
D/dalvikvm( 1994): WAIT_FOR_CONCURRENT_GC blocked 17ms
D/dalvikvm( 1994): GC_CONCURRENT freed 467K, 12% free 9162K/10336K, paused 2ms+2ms, total 26ms
D/dalvikvm( 1994): WAIT_FOR_CONCURRENT_GC blocked 22ms
D/dalvikvm( 1994): GC_CONCURRENT freed 500K, 12% free 9185K/10336K, paused 2ms+2ms, total 22ms
D/dalvikvm( 1994): WAIT_FOR_CONCURRENT_GC blocked 17ms
D/dalvikvm( 1994): GC_CONCURRENT freed 488K, 11% free 9227K/10336K, paused 1ms+2ms, total 27ms
D/dalvikvm( 1994): WAIT_FOR_CONCURRENT_GC blocked 23ms
D/dalvikvm( 1994): GC_CONCURRENT freed 513K, 11% free 9260K/10336K, paused 1ms+2ms, total 21ms
D/dalvikvm( 1994): WAIT_FOR_CONCURRENT_GC blocked 17ms
D/dalvikvm( 1994): GC_CONCURRENT freed 508K, 10% free 9308K/10336K, paused 3ms+1ms, total 27ms
D/dalvikvm( 1994): WAIT_FOR_CONCURRENT_GC blocked 21ms
D/dalvikvm( 1994): GC_CONCURRENT freed 525K, 10% free 9357K/10336K, paused 2ms+1ms, total 22ms
D/dalvikvm( 1994): WAIT_FOR_CONCURRENT_GC blocked 18ms
D/dalvikvm( 1994): GC_CONCURRENT freed 575K, 10% free 9371K/10336K, paused 2ms+2ms, total 24ms
D/dalvikvm( 1994): WAIT_FOR_CONCURRENT_GC blocked 20ms
D/dalvikvm( 1994): GC_CONCURRENT freed 537K, 9% free 9428K/10336K, paused 2ms+2ms, total 24ms
D/dalvikvm( 1994): WAIT_FOR_CONCURRENT_GC blocked 20ms
D/dalvikvm( 1994): GC_CONCURRENT freed 579K, 9% free 9462K/10336K, paused 1ms+1ms, total 21ms
D/dalvikvm( 1994): WAIT_FOR_CONCURRENT_GC blocked 17ms
D/dalvikvm( 1994): GC_CONCURRENT freed 568K, 9% free 9501K/10336K, paused 3ms+2ms, total 28ms
D/dalvikvm( 1994): WAIT_FOR_CONCURRENT_GC blocked 22ms
D/dalvikvm( 1994): GC_CONCURRENT freed 518K, 8% free 9540K/10336K, paused 2ms+2ms, total 21ms
D/dalvikvm( 1994): WAIT_FOR_CONCURRENT_GC blocked 19ms
D/dalvikvm( 1994): GC_FOR_ALLOC freed 487K, 8% free 9567K/10336K, paused 19ms, total 19ms
D/dalvikvm( 1994): GC_FOR_ALLOC freed 417K, 8% free 9599K/10336K, paused 20ms, total 20ms
D/dalvikvm( 1994): GC_FOR_ALLOC freed 1291K, 16% free 8784K/10372K, paused 24ms, total 24ms
D/dalvikvm( 1994): GC_CONCURRENT freed 472K, 15% free 8824K/10372K, paused 3ms+2ms, total 22ms
D/dalvikvm( 1994): WAIT_FOR_CONCURRENT_GC blocked 17ms
D/dalvikvm( 1994): GC_CONCURRENT freed 465K, 15% free 8867K/10372K, paused 2ms+1ms, total 21ms
D/dalvikvm( 1994): WAIT_FOR_CONCURRENT_GC blocked 17ms
D/dalvikvm( 1994): GC_CONCURRENT freed 477K, 15% free 8901K/10372K, paused 1ms+2ms, total 21ms
D/dalvikvm( 1994): WAIT_FOR_CONCURRENT_GC blocked 18ms
D/dalvikvm( 1994): GC_CONCURRENT freed 467K, 14% free 8945K/10372K, paused 2ms+2ms, total 25ms
D/dalvikvm( 1994): WAIT_FOR_CONCURRENT_GC blocked 20ms
E/chromium( 1862): [ERROR:android_provider_backend.cc(850)] Can not find favicon's page url
E/chromium( 1862): [ERROR:android_provider_backend.cc(850)] Can not find favicon's page url
E/chromium( 1862): [ERROR:android_provider_backend.cc(850)] Can not find favicon's page url
E/chromium( 1862): [ERROR:android_provider_backend.cc(850)] Can not find favicon's page url
E/chromium( 1862): [ERROR:android_provider_backend.cc(850)] Can not find favicon's page url
E/chromium( 1862): [ERROR:android_provider_backend.cc(850)] Can not find favicon's page url
E/chromium( 1862): [ERROR:android_provider_backend.cc(850)] Can not find favicon's page url
E/chromium( 1862): [ERROR:android_provider_backend.cc(850)] Can not find favicon's page url
E/chromium( 1862): [ERROR:android_provider_backend.cc(850)] Can not find favicon's page url
E/chromium( 1862): [ERROR:android_provider_backend.cc(850)] Can not find favicon's page url
E/chromium( 1862): [ERROR:android_provider_backend.cc(850)] Can not find favicon's page url
E/chromium( 1862): [ERROR:android_provider_backend.cc(850)] Can not find favicon's page url
E/chromium( 1862): [ERROR:android_provider_backend.cc(850)] Can not find favicon's page url
E/chromium( 1862): [ERROR:android_provider_backend.cc(850)] Can not find favicon's page url
E/chromium( 1862): [ERROR:android_provider_backend.cc(850)] Can not find favicon's page url
E/chromium( 1862): [ERROR:android_provider_backend.cc(850)] Can not find favicon's page url
E/chromium( 1862): [ERROR:android_provider_backend.cc(850)] Can not find favicon's page url
E/chromium( 1862): [ERROR:android_provider_backend.cc(850)] Can not find favicon's page url
E/chromium( 1862): [ERROR:android_provider_backend.cc(850)] Can not find favicon's page url
E/chromium( 1862): [ERROR:android_provider_backend.cc(850)] Can not find favicon's page url
E/chromium( 1862): [ERROR:android_provider_backend.cc(850)] Can not find favicon's page url
E/chromium( 1862): [ERROR:android_provider_backend.cc(850)] Can not find favicon's page url
E/chromium( 1862): [ERROR:android_provider_backend.cc(850)] Can not find favicon's page url
E/chromium( 1862): [ERROR:android_provider_backend.cc(850)] Can not find favicon's page url
E/chromium( 1862): [ERROR:android_provider_backend.cc(850)] Can not find favicon's page url
E/chromium( 1862): [ERROR:android_provider_backend.cc(850)] Can not find favicon's page url
E/chromium( 1862): [ERROR:android_provider_backend.cc(850)] Can not find favicon's page url
E/chromium( 1862): [ERROR:android_provider_backend.cc(850)] Can not find favicon's page url
I/ActivityManager(  504): START u0 {act=android.intent.action.MAIN cat=[android.intent.category.LAUNCHER] flg=0x10200000 pkg=mahmed.net.synctuneswirelessfree cmp=mahmed.net.synctuneswirelessfree/.MainActivityFree bnds=[16,275][144,403]} from pid 767
I/ActivityManager(  504): Start proc mahmed.net.synctuneswirelessfree for activity mahmed.net.synctuneswirelessfree/.MainActivityFree: pid=2132 uid=10116 gids={50116, 3003, 1028, 1015}
D/dalvikvm( 2132): GC_CONCURRENT freed 79K, 2% free 8073K/8192K, paused 3ms+4ms, total 32ms
D/dalvikvm( 2132): WAIT_FOR_CONCURRENT_GC blocked 17ms
V/WebViewChromium( 2132): Binding Chromium to the background looper Looper (main, tid 1) {41edd6a0}
I/chromium( 2132): [INFO:library_loader_hooks.cc(112)] Chromium logging enabled: level = 0, default verbosity = 0
I/BrowserProcessMain( 2132): Initializing chromium process, renderers=0
W/chromium( 2132): [WARNING:proxy_service.cc(888)] PAC support disabled because there is no system implementation
D/libEGL  ( 2132): loaded /system/lib/egl/libEGL_tegra.so
D/libEGL  ( 2132): loaded /system/lib/egl/libGLESv1_CM_tegra.so
D/libEGL  ( 2132): loaded /system/lib/egl/libGLESv2_tegra.so
D/dalvikvm( 2132): GC_CONCURRENT freed 203K, 3% free 8274K/8516K, paused 3ms+2ms, total 21ms
I/Ads     ( 2132): To get test ads on this device, call adRequest.addTestDevice("656C7EB241333506A76BB5F48868C889");
D/dalvikvm( 2132): DexOpt: --- BEGIN 'ads-222853611.jar' (bootstrap=0) ---
D/dalvikvm( 2132): GC_CONCURRENT freed 268K, 4% free 8418K/8732K, paused 4ms+3ms, total 26ms
D/OpenGLRenderer( 2132): Enabling debug mode 0
D/dalvikvm( 2175): DexOpt: load 5ms, verify+opt 6ms, 149100 bytes
D/dalvikvm( 2132): DexOpt: --- END 'ads-222853611.jar' (success) ---
D/dalvikvm( 2132): DEX prep '/data/data/mahmed.net.synctuneswirelessfree/cache/ads-222853611.jar': unzip in 0ms, rewrite 229ms
D/dalvikvm( 2132): GC_CONCURRENT freed 116K, 2% free 8757K/8904K, paused 4ms+4ms, total 31ms
I/Ads     ( 2132): adRequestUrlHtml: <html><head><script src="http://media.admob.com/sdk-core-v40.js"></script><script>AFMA_getSdkConstants();AFMA_buildAdURL({"preqs":0,"session_id":"489917130060096174","u_sd":1.3312501,"seq_num":"1","slotname":"a150b514c8067e8","u_w":600,"msid":"mahmed.net.synctuneswirelessfree","js":"afma-sdk-a-v6.4.1","ms":"FTNLSdqkDz0CrW9_cjMDuRoeqOwXpGrbkQu0LXyAvFfD1kvN4kOstGZg6JLlMh8Vcm71gw_wE--NZunuxkuqFmT0O6x11TGxtE2P_POGte56-lv8biS958PljWo95xZ2BdoCC813M-q-0MY1das8x_9_TC3bdFpkRUWVU-NuB-lB8lmIEfg53rr3k5lDyBf18Og_DUC4zA91pkpAQx7oZ8RP7kEvp9FnvoDPYRIIYgY_2fTmK3tVoJBZo_zScyzMxIwRSNbq4l940kE7LQAvFRy_T-uJ3-vauQSiwiWuyjP7hpEbL36RNzmUb7zEEje8TM9wwfQr-xTMDUDWWhpeVQ","mv":"80280020.com.android.vending","isu":"656C7EB241333506A76BB5F48868C889","bas_off":0,"format":"320x50_mb","oar":0,"net":"wi","app_name":"23.android.mahmed.net.synctuneswirelessfree","hl":"ja","ad_pos":{"height":0,"visible":0,"y":66,"x":0,"width":0},"gnt":0,"u_h":905,"pt":0,"bas_on":0,"ptime":0,"u_audio":3});</script></head><body></body></html>
W/CursorWrapperInner( 2132): Cursor finalized without prior close()
V/RenderScript( 2132): 0x68810270 Launching thread(s), CPUs 4
I/ActivityManager(  504): Displayed mahmed.net.synctuneswirelessfree/.MainActivityFree: +832ms (total +60s753ms)
I/chromium( 2132): [INFO:simple_index_file.cc(397)] Simple Cache Index is being restored from disk.
I/Ads     ( 2132): Received ad url: <url: "http://googleads.g.doubleclick.net:80/mads/gma?preqs=0&session_id=489917130060096174&u_sd=1.3312501&seq_num=1&u_w=600&msid=mahmed.net.synctuneswirelessfree&js=afma-sdk-a-v6.4.1&ms=FTNLSdqkDz0CrW9_cjMDuRoeqOwXpGrbkQu0LXyAvFfD1kvN4kOstGZg6JLlMh8Vcm71gw_wE--NZunuxkuqFmT0O6x11TGxtE2P_POGte56-lv8biS958PljWo95xZ2BdoCC813M-q-0MY1das8x_9_TC3bdFpkRUWVU-NuB-lB8lmIEfg53rr3k5lDyBf18Og_DUC4zA91pkpAQx7oZ8RP7kEvp9FnvoDPYRIIYgY_2fTmK3tVoJBZo_zScyzMxIwRSNbq4l940kE7LQAvFRy_T-uJ3-vauQSiwiWuyjP7hpEbL36RNzmUb7zEEje8TM9wwfQr-xTMDUDWWhpeVQ&mv=80280020.com.android.vending&bas_off=0&format=320x50_mb&oar=0&net=wi&app_name=23.android.mahmed.net.synctuneswirelessfree&hl=ja&gnt=0&u_h=905&bas_on=0&ptime=0&u_audio=3&imbf=%40installed_markets%40&cap=t&an=23.android.mahmed.net.synctuneswirelessfree&u_so=p&bisch=undefined&blev=undefined&cans=undefined&canm=undefined&output=html&region=mobile_app&u_tz=-420&client_sdk=1&ex=1&slotname=a150b514c8067e8&gsb=wi&caps=inlineVideo_interactiveVideo_mraid1_th_autoplay_mediation_sdkAdmobApiForAds_di&jsv=92&urll=1025" type: "admob" afmaNotifyDt: "null" activationOverlayUrl: "null" useWebViewLoadUrl: "false">
I/Ads     ( 2132): Ad url modified to http://googleads.g.doubleclick.net:80/mads/gma?preqs=0&session_id=489917130060096174&u_sd=1.3312501&seq_num=1&u_w=600&msid=mahmed.net.synctuneswirelessfree&js=afma-sdk-a-v6.4.1&ms=FTNLSdqkDz0CrW9_cjMDuRoeqOwXpGrbkQu0LXyAvFfD1kvN4kOstGZg6JLlMh8Vcm71gw_wE--NZunuxkuqFmT0O6x11TGxtE2P_POGte56-lv8biS958PljWo95xZ2BdoCC813M-q-0MY1das8x_9_TC3bdFpkRUWVU-NuB-lB8lmIEfg53rr3k5lDyBf18Og_DUC4zA91pkpAQx7oZ8RP7kEvp9FnvoDPYRIIYgY_2fTmK3tVoJBZo_zScyzMxIwRSNbq4l940kE7LQAvFRy_T-uJ3-vauQSiwiWuyjP7hpEbL36RNzmUb7zEEje8TM9wwfQr-xTMDUDWWhpeVQ&mv=80280020.com.android.vending&bas_off=0&format=320x50_mb&oar=0&net=wi&app_name=23.android.mahmed.net.synctuneswirelessfree&hl=ja&gnt=0&u_h=905&bas_on=0&ptime=0&u_audio=3&imbf=9&cap=t&an=23.android.mahmed.net.synctuneswirelessfree&u_so=p&bisch=undefined&blev=undefined&cans=undefined&canm=undefined&output=html&region=mobile_app&u_tz=-420&client_sdk=1&ex=1&slotname=a150b514c8067e8&gsb=wi&caps=inlineVideo_interactiveVideo_mraid1_th_autoplay_mediation_sdkAdmobApiForAds_di&jsv=92&urll=1025
I/Ads     ( 2132): Request scenario: Online server request.
I/Ads     ( 2132): Received log message: <"string": "<Google:HTML> You are using version 6.4.1 of the AdMob SDK which is non-compliant with the Google Play Ad Policy (http://goo.gl/6OZelH). On August 1st, 2014, Google Play will stop accepting updates to apps using this SDK. Upgrade to Google Play services now to avoid this deadline.", "afmaNotifyDt": "null">
D/dalvikvm( 2132): GC_CONCURRENT freed 275K, 4% free 8907K/9220K, paused 4ms+2ms, total 30ms
D/MtpService(31197): updating state; isCurrentUser=true, mMtpLocked=false
D/MtpService(31197): addStorageLocked 65537 /storage/emulated/0
D/MtpService(31197): updating state; isCurrentUser=true, mMtpLocked=false
D/MtpService(31197): starting MTP server in PTP mode
D/MtpService(31197): addStorageLocked 65537 /storage/emulated/0
I/EntropyMixer(  504): Writing entropy...
D/PicasaSyncManager( 1642): battery info: true
D/dalvikvm( 1994): GC_CONCURRENT freed 541K, 15% free 8788K/10336K, paused 6ms+4ms, total 77ms
E/LocalFingerprints(21631): cannot compute fingerprint for: content://media/external/images/media/8054
E/LocalFingerprints(21631): java.io.FileNotFoundException: No such file or directory
E/LocalFingerprints(21631): 	at android.database.DatabaseUtils.readExceptionWithFileNotFoundExceptionFromParcel(DatabaseUtils.java:146)
E/LocalFingerprints(21631): 	at android.content.ContentProviderProxy.openTypedAssetFile(ContentProviderNative.java:682)
E/LocalFingerprints(21631): 	at android.content.ContentResolver.openTypedAssetFileDescriptor(ContentResolver.java:1063)
E/LocalFingerprints(21631): 	at android.content.ContentResolver.openAssetFileDescriptor(ContentResolver.java:904)
E/LocalFingerprints(21631): 	at android.content.ContentResolver.openInputStream(ContentResolver.java:629)
E/LocalFingerprints(21631): 	at cak.a(PG:159)
E/LocalFingerprints(21631): 	at bzj.a(PG:123)
E/LocalFingerprints(21631): 	at com.google.android.apps.plus.service.FingerprintScannerIntentService.onHandleIntent(PG:79)
E/LocalFingerprints(21631): 	at android.app.IntentService$ServiceHandler.handleMessage(IntentService.java:65)
E/LocalFingerprints(21631): 	at android.os.Handler.dispatchMessage(Handler.java:102)
E/LocalFingerprints(21631): 	at android.os.Looper.loop(Looper.java:136)
E/LocalFingerprints(21631): 	at android.os.HandlerThread.run(HandlerThread.java:61)
I/Ads     ( 2132): onReceiveAd()
I/chromium( 2132): [INFO:async_pixel_transfer_manager_android.cc(56)] Async pixel transfers not supported
I/chromium( 2132): [INFO:async_pixel_transfer_manager_android.cc(56)] Async pixel transfers not supported
D/AndroidRuntime( 2228): 
D/AndroidRuntime( 2228): >>>>>> AndroidRuntime START com.android.internal.os.RuntimeInit <<<<<<
D/AndroidRuntime( 2228): CheckJNI is OFF
D/dalvikvm( 2228): Trying to load lib libjavacore.so 0x0
D/dalvikvm( 2228): Added shared lib libjavacore.so 0x0
D/dalvikvm( 2228): Trying to load lib libnativehelper.so 0x0
D/dalvikvm( 2228): Added shared lib libnativehelper.so 0x0
D/dalvikvm( 2228): No JNI_OnLoad found in libnativehelper.so 0x0, skipping init
D/dalvikvm( 2228): Note: class Landroid/app/ActivityManagerNative; has 179 unimplemented (abstract) methods
E/memtrack( 2228): Couldn't load memtrack module (No such file or directory)
E/android.os.Debug( 2228): failed to load memtrack module: -2
D/AndroidRuntime( 2228): Calling main entry com.android.commands.pm.Pm
W/ActivityManager(  504): No content provider found for permission revoke: file:///data/local/tmp/linesensor.apk
W/ActivityManager(  504): No content provider found for permission revoke: file:///data/local/tmp/linesensor.apk
I/PackageManager(  504): Copying native libraries to /data/app-lib/vmdl-566540374
I/ActivityManager(  504): Force stopping us.aichisteel.linesensor appid=10122 user=-1: uninstall pkg
I/PackageManager(  504): Running dexopt on: us.aichisteel.linesensor
I/PackageManager(  504): Package us.aichisteel.linesensor codePath changed from /data/app/us.aichisteel.linesensor-1.apk to /data/app/us.aichisteel.linesensor-2.apk; Retaining data and using new
D/dalvikvm( 2241): DexOpt: 'Landroid/annotation/SuppressLint;' has an earlier definition; blocking out
D/dalvikvm( 2241): DexOpt: 'Landroid/annotation/TargetApi;' has an earlier definition; blocking out
D/dalvikvm( 2241): DexOpt: not verifying/optimizing 'Landroid/annotation/SuppressLint;': multiple definitions
D/dalvikvm( 2241): DexOpt: not verifying/optimizing 'Landroid/annotation/TargetApi;': multiple definitions
D/dalvikvm( 2241): DexOpt: load 22ms, verify+opt 151ms, 504460 bytes
I/ActivityManager(  504): Force stopping us.aichisteel.linesensor appid=10122 user=-1: update pkg
W/PackageManager(  504): Code path for pkg : us.aichisteel.linesensor changing from /data/app/us.aichisteel.linesensor-1.apk to /data/app/us.aichisteel.linesensor-2.apk
W/PackageManager(  504): Resource path for pkg : us.aichisteel.linesensor changing from /data/app/us.aichisteel.linesensor-1.apk to /data/app/us.aichisteel.linesensor-2.apk
I/ActivityManager(  504): Force stopping us.aichisteel.linesensor appid=10122 user=0: pkg removed
I/InputReader(  504): Reconfiguring input devices.  changes=0x00000010
I/InputReader(  504): Reconfiguring input devices.  changes=0x00000010
D/dalvikvm(  584): GC_EXPLICIT freed 9217K, 40% free 16306K/26760K, paused 4ms+23ms, total 139ms
I/InputReader(  504): Reconfiguring input devices.  changes=0x00000010
I/ActivityManager(  504): Start proc com.android.keychain for broadcast com.android.keychain/.KeyChainBroadcastReceiver: pid=2249 uid=1000 gids={41000, 1028, 1015, 3002, 3001, 3003}
D/dalvikvm(31780): GC_CONCURRENT freed 390K, 6% free 7957K/8404K, paused 13ms+9ms, total 68ms
I/Launcher(  767): Deferring update until onResume
D/dalvikvm(  123): GC_EXPLICIT freed 42K, 2% free 7659K/7740K, paused 3ms+6ms, total 81ms
I/Launcher(  767): Deferring update until onResume
D/dalvikvm(  123): GC_EXPLICIT freed <1K, 2% free 7659K/7740K, paused 2ms+6ms, total 50ms
D/dalvikvm( 1354): GC_EXPLICIT freed 465K, 7% free 7880K/8384K, paused 55ms+13ms, total 366ms
W/ContextImpl( 2249): Calling a method in the system process without a qualified user: android.app.ContextImpl.startService:1479 android.content.ContextWrapper.startService:494 android.content.ContextWrapper.startService:494 com.android.keychain.KeyChainBroadcastReceiver.onReceive:12 android.app.ActivityThread.handleReceiver:2419 
D/dalvikvm(  123): GC_EXPLICIT freed <1K, 2% free 7659K/7740K, paused 2ms+8ms, total 49ms
D/dalvikvm(  504): GC_EXPLICIT freed 2156K, 43% free 25438K/43904K, paused 8ms+50ms, total 475ms
D/dalvikvm(  504): WAIT_FOR_CONCURRENT_GC blocked 303ms
D/PackageBroadcastService(  798): Received broadcast action=android.intent.action.PACKAGE_REMOVED and uri=us.aichisteel.linesensor
I/ActivityManager(  504): Start proc com.google.android.gms.drive for broadcast com.google.android.gms/.drive.api.DriveSystemBroadcastReceiver: pid=2265 uid=10021 gids={50021, 3003, 1007, 1028, 1015, 3002, 3001, 3007, 2001, 3006}
D/dalvikvm(  504): GC_EXPLICIT freed 163K, 43% free 25310K/43904K, paused 81ms+25ms, total 483ms
D/AndroidRuntime( 2228): Shutting down VM
D/jdwp    ( 2228): Got wake-up signal, bailing out of select
D/dalvikvm( 2228): Debugger has detached; object registry had 1 entries
D/dalvikvm( 2228): Compiler shutdown in progress - discarding request
I/MultiDex( 2265): load(/data/app/com.google.android.gms-2.apk, forceReload=false)
D/dalvikvm( 2265): GC_CONCURRENT freed 144K, 3% free 7960K/8144K, paused 4ms+5ms, total 45ms
D/dalvikvm( 2265): GC_CONCURRENT freed 146K, 3% free 8316K/8508K, paused 2ms+4ms, total 47ms
D/dalvikvm( 2265): WAIT_FOR_CONCURRENT_GC blocked 25ms
I/MultiDex( 2265): Need extracted file /data/data/com.google.android.gms/files/secondary-dexes/com.google.android.gms-2.apk.classes2.zip
I/MultiDex( 2265): No extraction needed for /data/data/com.google.android.gms/files/secondary-dexes/com.google.android.gms-2.apk.classes2.zip of size 1809539
I/ActivityManager(  504): Start proc com.facebook.katana:dash for broadcast com.facebook.katana/com.facebook.dash.receivers.DashPackageUninstallReceiver: pid=2281 uid=10067 gids={50067, 1028, 1015, 3003}
D/CatchMeIfYouCan( 2281): Process (dash) ca: '/data/data/com.facebook.katana/app_cmiyc/0C66B38F48468E96F8008B6D5A2AE33B4A60265E01'
D/CatchMeIfYouCan( 2281): Process (dash) fc: '/data/data/com.facebook.katana/app_cmiyc/0C66B38F48468E96F8008B6D5A2AE33B4A60265E02'
D/CatchMeIfYouCan( 2281): Process (dash) cp: '('dash', 6, 60000, silent [true], restart [true], logout [true])'
D/ACRA    ( 2281): ACRA is enabled for com.facebook.katana, intializing...
D/ACRA    ( 2281): Looking for error files in /data/data/com.facebook.katana/app_acra-reports
D/ACRA    ( 2281): Looking for error files in /data/data/com.facebook.katana/app_minidumps
D/dalvikvm( 2281): Trying to load lib /data/app-lib/com.facebook.katana-1/libfb_stl_shared.so 0x41edbac8
D/dalvikvm( 2281): Added shared lib /data/app-lib/com.facebook.katana-1/libfb_stl_shared.so 0x41edbac8
D/dalvikvm( 2281): No JNI_OnLoad found in /data/app-lib/com.facebook.katana-1/libfb_stl_shared.so 0x41edbac8, skipping init
D/dalvikvm( 2281): Trying to load lib /data/app-lib/com.facebook.katana-1/libfb_breakpad_client.so 0x41edbac8
D/dalvikvm( 2281): Added shared lib /data/app-lib/com.facebook.katana-1/libfb_breakpad_client.so 0x41edbac8
D/SystemClassLoaderAdder( 2281): Marked as initialized entry corresponding to path /data/app/com.facebook.katana-1.apk
V/DexLibLoader( 2281): Preparing secondary program dexes from null
V/DexLibLoader( 2281): Loaded 3 raw lines of metadata.
V/DexLibLoader( 2281): Secondary program dex metadata: secondary-1.dex.jar.xz 8582a83695317af4e2587b95c21fe67eb1827261 secondary.dex01.Canary
V/DexLibLoader( 2281): Secondary program dex metadata: secondary-2.dex.jar.xz 2c328b42d131110d48112803975771cae7d7195a secondary.dex02.Canary
V/DexLibLoader( 2281): Secondary program dex metadata: secondary-3.dex.jar.xz 0d5c84c4eaedea33f89dcf8f865856492b47b4ec secondary.dex03.Canary
W/DexLibLoader( 2281): Unexpected file in program dex directory: /data/data/com.facebook.katana/app_secondary_program_dex/temp_dex_lock
D/dalvikvm( 2281): GC_CONCURRENT freed 241K, 4% free 7822K/8100K, paused 12ms+3ms, total 73ms
V/DexLibLoader( 2281): Preparing to extract secondary-1.dex.jar.xz to /data/data/com.facebook.katana/app_secondary_program_dex/program-8582a83695317af4e2587b95c21fe67eb182726131a2345d.dex.jar
V/DexLibLoader( 2281): Dex already copied
D/OdexVerifier( 2281): Odex verification is skipped.
V/DexLibLoader( 2281): Creating class loader
V/DexLibLoader( 2281): Finished creating class loader
V/DexLibLoader( 2281): Preparing to extract secondary-2.dex.jar.xz to /data/data/com.facebook.katana/app_secondary_program_dex/program-2c328b42d131110d48112803975771cae7d7195a31a2345d.dex.jar
V/DexLibLoader( 2281): Dex already copied
D/OdexVerifier( 2281): Odex verification is skipped.
V/DexLibLoader( 2281): Creating class loader
V/DexLibLoader( 2281): Finished creating class loader
V/DexLibLoader( 2281): Preparing to extract secondary-3.dex.jar.xz to /data/data/com.facebook.katana/app_secondary_program_dex/program-0d5c84c4eaedea33f89dcf8f865856492b47b4ec31a2345d.dex.jar
V/DexLibLoader( 2281): Dex already copied
D/OdexVerifier( 2281): Odex verification is skipped.
V/DexLibLoader( 2281): Creating class loader
V/DexLibLoader( 2281): Finished creating class loader
V/DexLibLoader( 2281): Verifying classes from secondary dexes.
D/dalvikvm(18252): Debugger has detached; object registry had 1 entries
D/DexLibLoader( 2281): DexLibLoader.ensureDexLoaded took 643 ms
D/BackupManagerService(  504): Received broadcast Intent { act=android.intent.action.PACKAGE_REMOVED dat=package:us.aichisteel.linesensor flg=0x4000010 (has extras) }
D/dalvikvm( 2281): GC_CONCURRENT freed 281K, 4% free 7954K/8276K, paused 6ms+6ms, total 42ms
I/ActivityManager(  504): START u0 {act=android.intent.action.MAIN cat=[android.intent.category.HOME] flg=0x10200000 cmp=com.android.launcher/com.android.launcher2.Launcher} from pid 504
D/BackupManagerService(  504): Received broadcast Intent { act=android.intent.action.PACKAGE_ADDED dat=package:us.aichisteel.linesensor flg=0x4000010 (has extras) }
V/BackupManagerService(  504): removePackageParticipantsLocked: uid=10122 #1
V/BackupManagerService(  504): addPackageParticipantsLocked: #1
W/InputMethodManagerService(  504): Window already focused, ignoring focus gain of: com.android.internal.view.IInputMethodClient$Stub$Proxy@426fc800 attribute=null, token = android.os.BinderProxy@42f88d90
D/dalvikvm( 2281): GC_CONCURRENT freed 187K, 3% free 8188K/8416K, paused 15ms+21ms, total 102ms
D/dalvikvm(  767): GC_CONCURRENT freed 2904K, 27% free 19274K/26260K, paused 10ms+30ms, total 125ms
D/dalvikvm( 2281): GC_CONCURRENT freed 182K, 3% free 8421K/8640K, paused 3ms+35ms, total 82ms
I/ActivityManager(  504): START u0 {act=com.android.systemui.recent.action.TOGGLE_RECENTS flg=0x10800000 cmp=com.android.systemui/.recent.RecentsActivity} from pid 584
W/InputMethodManagerService(  504): Window already focused, ignoring focus gain of: com.android.internal.view.IInputMethodClient$Stub$Proxy@42dc33f8 attribute=null, token = android.os.BinderProxy@42f88d90
D/dalvikvm( 2281): GC_CONCURRENT freed 202K, 3% free 8696K/8936K, paused 1ms+4ms, total 52ms
D/dalvikvm( 2281): GC_CONCURRENT freed 193K, 3% free 8994K/9228K, paused 5ms+4ms, total 47ms
W/dalvikvm( 2281): method Lcom/facebook/reflex/view/AbstractListView;.invalidate incorrectly overrides package-private method with same name in Landroid/view/View;
W/dalvikvm( 2281): method Lcom/facebook/reflex/view/GalleryViewAutoReflex;.invalidate incorrectly overrides package-private method with same name in Landroid/view/View;
W/dalvikvm( 2281): method Lcom/facebook/reflex/view/HorizontalScrollViewAutoReflex;.invalidate incorrectly overrides package-private method with same name in Landroid/view/View;
D/dalvikvm( 2281): GC_CONCURRENT freed 165K, 3% free 9219K/9424K, paused 3ms+17ms, total 46ms
W/dalvikvm( 2281): method Lcom/facebook/reflex/view/ImageViewAutoReflex;.invalidate incorrectly overrides package-private method with same name in Landroid/view/View;
W/dalvikvm( 2281): method Lcom/facebook/reflex/view/ScrollViewAutoReflex;.invalidate incorrectly overrides package-private method with same name in Landroid/view/View;
W/dalvikvm( 2281): method Lcom/facebook/reflex/view/ViewPagerAutoReflex;.invalidate incorrectly overrides package-private method with same name in Landroid/view/View;
W/dalvikvm( 2281): method Lcom/facebook/reflex/view/FrameLayoutAutoReflex;.invalidate incorrectly overrides package-private method with same name in Landroid/view/View;
D/dalvikvm( 2281): GC_CONCURRENT freed 268K, 4% free 9451K/9756K, paused 2ms+3ms, total 33ms
W/fb4a(:dash):StaticBindingVerifier( 2281): Verify
D/dalvikvm( 2281): GC_CONCURRENT freed 442K, 5% free 9604K/10088K, paused 3ms+3ms, total 36ms
D/dalvikvm( 2281): WAIT_FOR_CONCURRENT_GC blocked 11ms
W/fb4a(:dash):BaseAnalyticsConfig( 2281): willEventBeLogged() called before shared prefs were initialized! Defaulting to true.
D/PackageBroadcastService(  798): Received broadcast action=android.intent.action.PACKAGE_ADDED and uri=us.aichisteel.linesensor
I/InternalIcingCorporaPro(26265): Updating corpora: APPS=us.aichisteel.linesensor, CONTACTS=MAYBE
I/ActivityManager(  504): Delay finish: com.google.android.googlequicksearchbox/com.google.android.search.core.summons.icing.InternalIcingCorporaProvider$CorporaChangedReceiver
D/dalvikvm( 2281): GC_CONCURRENT freed 467K, 5% free 9737K/10244K, paused 6ms+14ms, total 109ms
I/InternalIcingCorporaPro(26265): UpdateCorporaTask done [took 79 ms] updated apps [took 78 ms] 
I/PeopleContactsSync(  798): CP2 sync disabled
I/ActivityManager(  504): Resuming delayed broadcast
I/ActivityManager(  504): START u0 {act=com.android.systemui.recent.action.TOGGLE_RECENTS flg=0x10800000 cmp=com.android.systemui/.recent.RecentsActivity} from pid 584
D/dalvikvm( 2281): GC_CONCURRENT freed 335K, 4% free 10066K/10440K, paused 3ms+4ms, total 49ms
I/ActivityManager(  504): START u0 {flg=0x10800000 cmp=com.estrongs.android.pop/.app.InstallMonitorActivity (has extras)} from pid 32470
W/InputMethodManagerService(  504): Window already focused, ignoring focus gain of: com.android.internal.view.IInputMethodClient$Stub$Proxy@423ebd18 attribute=null, token = android.os.BinderProxy@42f88d90
D/PackageBroadcastService(  798): Received broadcast action=android.intent.action.PACKAGE_REPLACED and uri=us.aichisteel.linesensor
I/PeopleContactsSync(  798): CP2 sync disabled
D/dalvikvm(  798): GC_CONCURRENT freed 440K, 8% free 9305K/10072K, paused 11ms+4ms, total 166ms
D/GCM     (28690): GcmService start Intent { act=com.google.android.gms.INITIALIZE flg=0x10 pkg=com.google.android.gms cmp=com.google.android.gms/.gcm.GcmService } com.google.android.gms.INITIALIZE
D/PicasaSyncManager( 1642): battery info: false
E/dalvikvm( 2281): Could not find class 'org.apache.harmony.xnet.provider.jsse.OpenSSLSocketImpl', referenced from method com.facebook.ssl.openssl.check.CheckOpenSSLImplHasRequiredMethods.<clinit>
W/dalvikvm( 2281): VFY: unable to resolve const-class 14814 (Lorg/apache/harmony/xnet/provider/jsse/OpenSSLSocketImpl;) in Lcom/facebook/ssl/openssl/check/CheckOpenSSLImplHasRequiredMethods;
D/dalvikvm( 2281): VFY: replacing opcode 0x1c at 0x000d
E/dalvikvm( 2281): Could not find class 'org.apache.harmony.xnet.provider.jsse.OpenSSLSocketFactoryImpl', referenced from method com.facebook.ssl.openssl.reflect.SSLParametersGetter.<clinit>
W/dalvikvm( 2281): VFY: unable to resolve const-class 14813 (Lorg/apache/harmony/xnet/provider/jsse/OpenSSLSocketFactoryImpl;) in Lcom/facebook/ssl/openssl/reflect/SSLParametersGetter;
D/dalvikvm( 2281): VFY: replacing opcode 0x1c at 0x000d
E/dalvikvm( 2281): Could not find class 'org.apache.harmony.xnet.provider.jsse.SSLParametersImpl', referenced from method com.facebook.ssl.openssl.reflect.SSLParametersGetter.a
W/dalvikvm( 2281): VFY: unable to resolve check-cast 14816 (Lorg/apache/harmony/xnet/provider/jsse/SSLParametersImpl;) in Lcom/facebook/ssl/openssl/reflect/SSLParametersGetter;
D/dalvikvm( 2281): VFY: replacing opcode 0x1f at 0x0006
E/dalvikvm( 2281): Could not find class 'org.apache.harmony.xnet.provider.jsse.SSLParametersImpl', referenced from method com.facebook.ssl.openssl.reflect.SSLSessionTimeoutSetter.<clinit>
W/dalvikvm( 2281): VFY: unable to resolve const-class 14816 (Lorg/apache/harmony/xnet/provider/jsse/SSLParametersImpl;) in Lcom/facebook/ssl/openssl/reflect/SSLSessionTimeoutSetter;
D/dalvikvm( 2281): VFY: replacing opcode 0x1c at 0x000d
W/dalvikvm( 2281): VFY: unable to find class referenced in signature (Lorg/apache/harmony/xnet/provider/jsse/SSLParametersImpl;)
E/dalvikvm( 2281): Could not find class 'org.apache.harmony.xnet.provider.jsse.ClientSessionContext', referenced from method com.facebook.ssl.openssl.reflect.SSLSessionTimeoutSetter.a
W/dalvikvm( 2281): VFY: unable to resolve check-cast 14812 (Lorg/apache/harmony/xnet/provider/jsse/ClientSessionContext;) in Lcom/facebook/ssl/openssl/reflect/SSLSessionTimeoutSetter;
D/dalvikvm( 2281): VFY: replacing opcode 0x1f at 0x0006
W/dalvikvm( 2281): VFY: unable to find class referenced in signature (Lorg/apache/harmony/xnet/provider/jsse/SSLParametersImpl;)
W/dalvikvm( 2281): Unable to resolve superclass of Lcom/facebook/ssl/openssl/TicketEnabledOpenSSLSocketImplWrapper; (14815)
W/dalvikvm( 2281): Link of class 'Lcom/facebook/ssl/openssl/TicketEnabledOpenSSLSocketImplWrapper;' failed
E/dalvikvm( 2281): Could not find class 'com.facebook.ssl.openssl.TicketEnabledOpenSSLSocketImplWrapper', referenced from method com.facebook.ssl.openssl.TicketEnabledOpenSSLSocketFactoryHelper.a
W/dalvikvm( 2281): VFY: unable to resolve new-instance 11487 (Lcom/facebook/ssl/openssl/TicketEnabledOpenSSLSocketImplWrapper;) in Lcom/facebook/ssl/openssl/TicketEnabledOpenSSLSocketFactoryHelper;
D/dalvikvm( 2281): VFY: replacing opcode 0x22 at 0x0000
W/dalvikvm( 2281): Unable to resolve superclass of Lcom/facebook/ssl/openssl/TicketEnabledOpenSSLSocketImplWrapper; (14815)
W/dalvikvm( 2281): Link of class 'Lcom/facebook/ssl/openssl/TicketEnabledOpenSSLSocketImplWrapper;' failed
D/dalvikvm( 2281): DexOpt: unable to opt direct call 0xad48 at 0x08 in Lcom/facebook/ssl/openssl/TicketEnabledOpenSSLSocketFactoryHelper;.a
D/dalvikvm( 2281): GC_CONCURRENT freed 454K, 5% free 10396K/10888K, paused 8ms+4ms, total 47ms
D/dalvikvm( 2281): Trying to load lib /data/app-lib/com.facebook.katana-1/libfb_stl_shared.so 0x41edbac8
D/dalvikvm( 2281): Shared lib '/data/app-lib/com.facebook.katana-1/libfb_stl_shared.so' already loaded in same CL 0x41edbac8
D/dalvikvm( 2281): Trying to load lib /data/app-lib/com.facebook.katana-1/libfb.so 0x41edbac8
D/dalvikvm( 2281): Added shared lib /data/app-lib/com.facebook.katana-1/libfb.so 0x41edbac8
D/dalvikvm( 2281): No JNI_OnLoad found in /data/app-lib/com.facebook.katana-1/libfb.so 0x41edbac8, skipping init
D/dalvikvm( 2281): Trying to load lib /data/app-lib/com.facebook.katana-1/libfb_breakpad_client.so 0x41edbac8
D/dalvikvm( 2281): Shared lib '/data/app-lib/com.facebook.katana-1/libfb_breakpad_client.so' already loaded in same CL 0x41edbac8
D/dalvikvm( 2281): Trying to load lib /data/app-lib/com.facebook.katana-1/libfbjni.so 0x41edbac8
D/dalvikvm( 2281): Added shared lib /data/app-lib/com.facebook.katana-1/libfbjni.so 0x41edbac8
D/dalvikvm( 2281): Trying to load lib /data/app-lib/com.facebook.katana-1/libheartbleed.so 0x41edbac8
D/dalvikvm( 2281): Added shared lib /data/app-lib/com.facebook.katana-1/libheartbleed.so 0x41edbac8
W/BroadcastQueue(  504): Permission Denial: broadcasting Intent { act=android.net.conn.INET_CONDITION_ACTION flg=0x4000010 (has extras) } from null (pid=-1, uid=-1) requires com.facebook.permission.prod.FB_APP_COMMUNICATION due to registered receiver BroadcastFilter{42fcbf98 u0 ReceiverList{42fdc318 2281 com.facebook.katana:dash/10067/u0 remote:42feb6a8}}
W/BroadcastQueue(  504): Permission Denial: broadcasting Intent { act=android.net.conn.CONNECTIVITY_CHANGE flg=0x4000010 (has extras) } from null (pid=-1, uid=-1) requires com.facebook.permission.prod.FB_APP_COMMUNICATION due to registered receiver BroadcastFilter{42fcbf98 u0 ReceiverList{42fdc318 2281 com.facebook.katana:dash/10067/u0 remote:42feb6a8}}
D/dalvikvm( 1994): GC_CONCURRENT freed 469K, 15% free 8829K/10336K, paused 4ms+2ms, total 34ms
D/dalvikvm( 1994): WAIT_FOR_CONCURRENT_GC blocked 27ms
W/BroadcastQueue(  504): Permission Denial: broadcasting Intent { act=android.net.conn.CONNECTIVITY_CHANGE flg=0x4000010 (has extras) } from null (pid=-1, uid=-1) requires com.facebook.permission.prod.FB_APP_COMMUNICATION due to registered receiver BroadcastFilter{42718f00 u0 ReceiverList{427258e0 2281 com.facebook.katana:dash/10067/u0 remote:4274c0b8}}
D/dalvikvm( 1994): GC_CONCURRENT freed 498K, 15% free 8841K/10336K, paused 2ms+2ms, total 32ms
D/dalvikvm( 1994): WAIT_FOR_CONCURRENT_GC blocked 27ms
D/dalvikvm( 1994): GC_CONCURRENT freed 476K, 15% free 8876K/10336K, paused 2ms+4ms, total 27ms
D/dalvikvm( 1994): WAIT_FOR_CONCURRENT_GC blocked 21ms
D/dalvikvm( 1994): GC_CONCURRENT freed 477K, 14% free 8910K/10336K, paused 2ms+2ms, total 24ms
D/dalvikvm( 1994): WAIT_FOR_CONCURRENT_GC blocked 19ms
D/dalvikvm( 1994): GC_CONCURRENT freed 477K, 14% free 8944K/10336K, paused 2ms+3ms, total 24ms
D/dalvikvm( 1994): WAIT_FOR_CONCURRENT_GC blocked 18ms
D/dalvikvm( 1994): GC_CONCURRENT freed 476K, 14% free 8979K/10336K, paused 2ms+2ms, total 26ms
D/dalvikvm( 1994): WAIT_FOR_CONCURRENT_GC blocked 20ms
D/dalvikvm( 2281): GC_CONCURRENT freed 802K, 8% free 10509K/11348K, paused 4ms+3ms, total 46ms
D/dalvikvm( 2281): WAIT_FOR_CONCURRENT_GC blocked 25ms
D/dalvikvm( 1994): GC_CONCURRENT freed 457K, 13% free 9033K/10336K, paused 2ms+3ms, total 31ms
D/dalvikvm( 1994): WAIT_FOR_CONCURRENT_GC blocked 26ms
D/dalvikvm( 1994): GC_CONCURRENT freed 489K, 13% free 9055K/10336K, paused 2ms+4ms, total 27ms
D/dalvikvm( 1994): WAIT_FOR_CONCURRENT_GC blocked 21ms
D/dalvikvm( 1994): GC_CONCURRENT freed 479K, 13% free 9087K/10336K, paused 2ms+2ms, total 32ms
D/dalvikvm( 1994): WAIT_FOR_CONCURRENT_GC blocked 19ms
D/dalvikvm( 1994): GC_CONCURRENT freed 468K, 12% free 9130K/10336K, paused 2ms+2ms, total 25ms
D/dalvikvm( 1994): WAIT_FOR_CONCURRENT_GC blocked 20ms
D/dalvikvm( 1994): GC_CONCURRENT freed 487K, 12% free 9156K/10336K, paused 3ms+2ms, total 23ms
D/dalvikvm( 1994): WAIT_FOR_CONCURRENT_GC blocked 16ms
D/dalvikvm( 1994): GC_CONCURRENT freed 477K, 11% free 9203K/10336K, paused 2ms+2ms, total 22ms
D/dalvikvm( 1994): WAIT_FOR_CONCURRENT_GC blocked 17ms
D/dalvikvm( 1994): GC_CONCURRENT freed 937K, 15% free 8804K/10336K, paused 4ms+2ms, total 27ms
D/dalvikvm( 1994): WAIT_FOR_CONCURRENT_GC blocked 19ms
D/dalvikvm( 1994): GC_CONCURRENT freed 469K, 15% free 8843K/10336K, paused 3ms+2ms, total 25ms
D/dalvikvm( 1994): WAIT_FOR_CONCURRENT_GC blocked 18ms
D/dalvikvm( 1994): GC_CONCURRENT freed 484K, 15% free 8870K/10336K, paused 2ms+2ms, total 25ms
D/dalvikvm( 1994): WAIT_FOR_CONCURRENT_GC blocked 20ms
D/dalvikvm( 1994): GC_CONCURRENT freed 476K, 14% free 8905K/10336K, paused 3ms+2ms, total 23ms
D/dalvikvm( 1994): WAIT_FOR_CONCURRENT_GC blocked 17ms
D/dalvikvm( 1994): GC_CONCURRENT freed 477K, 14% free 8939K/10336K, paused 2ms+3ms, total 25ms
D/dalvikvm( 1994): WAIT_FOR_CONCURRENT_GC blocked 21ms
I/ActivityManager(  504): Killing 1660:com.google.android.deskclock/u0a13 (adj 15): empty #17
D/dalvikvm( 1994): GC_CONCURRENT freed 476K, 14% free 8974K/10336K, paused 1ms+2ms, total 21ms
D/dalvikvm( 1994): WAIT_FOR_CONCURRENT_GC blocked 17ms
D/dalvikvm( 1994): GC_CONCURRENT freed 474K, 13% free 9012K/10336K, paused 1ms+2ms, total 21ms
D/dalvikvm( 1994): WAIT_FOR_CONCURRENT_GC blocked 17ms
D/dalvikvm( 1994): GC_CONCURRENT freed 476K, 13% free 9046K/10336K, paused 1ms+2ms, total 21ms
D/dalvikvm( 1994): WAIT_FOR_CONCURRENT_GC blocked 17ms
D/dalvikvm( 1994): GC_CONCURRENT freed 469K, 13% free 9089K/10336K, paused 2ms+2ms, total 23ms
D/dalvikvm( 1994): WAIT_FOR_CONCURRENT_GC blocked 18ms
D/dalvikvm( 1994): GC_CONCURRENT freed 484K, 12% free 9115K/10336K, paused 2ms+2ms, total 25ms
D/dalvikvm( 1994): WAIT_FOR_CONCURRENT_GC blocked 18ms
D/dalvikvm( 1994): GC_CONCURRENT freed 474K, 12% free 9152K/10336K, paused 2ms+1ms, total 21ms
D/dalvikvm( 1994): WAIT_FOR_CONCURRENT_GC blocked 17ms
D/dalvikvm( 1994): GC_CONCURRENT freed 478K, 12% free 9188K/10336K, paused 2ms+1ms, total 27ms
D/dalvikvm( 1994): GC_CONCURRENT freed 912K, 15% free 8810K/10336K, paused 2ms+2ms, total 22ms
D/dalvikvm( 1994): WAIT_FOR_CONCURRENT_GC blocked 18ms
D/dalvikvm( 1994): GC_CONCURRENT freed 471K, 15% free 8847K/10336K, paused 2ms+1ms, total 21ms
D/dalvikvm( 1994): WAIT_FOR_CONCURRENT_GC blocked 16ms
I/jid     (  916): Not returning location for the following outliers: [17650159744318, 19849182999871]
D/dalvikvm( 1994): GC_CONCURRENT freed 452K, 14% free 8905K/10336K, paused 4ms+2ms, total 29ms
D/dalvikvm( 1994): WAIT_FOR_CONCURRENT_GC blocked 16ms
D/libgps  (  504): proxy_gps_inject_location()
D/dalvikvm(  916): GC_CONCURRENT freed 587K, 10% free 9500K/10488K, paused 2ms+4ms, total 61ms
D/dalvikvm(  916): WAIT_FOR_CONCURRENT_GC blocked 14ms
D/dalvikvm(  916): WAIT_FOR_CONCURRENT_GC blocked 13ms
D/dalvikvm( 1994): GC_CONCURRENT freed 500K, 14% free 8917K/10336K, paused 2ms+4ms, total 50ms
D/dalvikvm( 1994): WAIT_FOR_CONCURRENT_GC blocked 45ms
D/GCoreUlr(  916): Throttling analytics event: entity, location_received, 1
D/GCoreUlr(  916): Throttling analytics event: entity, LocationRecordStore:save_attempt, 1
D/dalvikvm( 1994): GC_CONCURRENT freed 474K, 14% free 8954K/10336K, paused 2ms+2ms, total 25ms
D/dalvikvm( 1994): WAIT_FOR_CONCURRENT_GC blocked 18ms
D/GCoreUlr(  916): Throttling analytics event: entity, LocationRecordStore:saved, 1
D/dalvikvm( 1994): GC_CONCURRENT freed 476K, 14% free 8988K/10336K, paused 2ms+2ms, total 26ms
D/dalvikvm( 1994): WAIT_FOR_CONCURRENT_GC blocked 20ms
I/GCoreUlr(  916): Successfully inserted location
D/GCoreUlr(  916): Throttling analytics event: upload, prev_location:has_accuracy, 1
D/GCoreUlr(  916): Throttling analytics event: upload, location:has_accuracy, 1
D/dalvikvm( 1994): GC_CONCURRENT freed 478K, 13% free 9022K/10336K, paused 2ms+3ms, total 27ms
D/dalvikvm( 1994): WAIT_FOR_CONCURRENT_GC blocked 21ms
D/GCoreUlr(  916): Throttling analytics event: upload, request:jqy:stationary:insufficient_accuracy, 1
D/GCoreUlr(  916): Throttling analytics event: entity, metadata_created, 1
D/GCoreUlr(  916): Throttling analytics event: entity, ApiMetadataStore:save_attempt, 1
D/dalvikvm( 1994): GC_CONCURRENT freed 470K, 13% free 9062K/10336K, paused 2ms+2ms, total 28ms
D/dalvikvm( 1994): WAIT_FOR_CONCURRENT_GC blocked 24ms
D/GCoreUlr(  916): Throttling analytics event: entity, ApiMetadataStore:saved, 1
I/GCoreUlr(  916): Starting service, intent=Intent { cmp=com.google.android.gms/com.google.android.location.reporting.LocationReportingService }, extras=null
E/GCoreUlr(  916): Error deleting /data/data/com.google.android.gms/files/flog
E/GCoreUlr(  916): Error deleting /data/data/com.google.android.gms/files/flog
E/GCoreUlr(  916): Error deleting /data/data/com.google.android.gms/files/flog
E/GCoreUlr(  916): Error deleting /data/data/com.google.android.gms/files/flog
D/dalvikvm( 1994): GC_CONCURRENT freed 483K, 13% free 9090K/10336K, paused 2ms+2ms, total 26ms
D/dalvikvm( 1994): WAIT_FOR_CONCURRENT_GC blocked 21ms
E/GCoreUlr(  916): Error deleting /data/data/com.google.android.gms/files/flog
E/GCoreUlr(  916): Error deleting /data/data/com.google.android.gms/files/flog
E/GCoreUlr(  916): Error deleting /data/data/com.google.android.gms/files/flog
E/GCoreUlr(  916): Error deleting /data/data/com.google.android.gms/files/flog
E/GCoreUlr(  916): Error deleting /data/data/com.google.android.gms/files/flog
E/GCoreUlr(  916): Error deleting /data/data/com.google.android.gms/files/flog
E/GCoreUlr(  916): Error deleting /data/data/com.google.android.gms/files/flog
E/GCoreUlr(  916): Error deleting /data/data/com.google.android.gms/files/flog
E/GCoreUlr(  916): Error deleting /data/data/com.google.android.gms/files/flog
E/GCoreUlr(  916): Error deleting /data/data/com.google.android.gms/files/flog
E/GCoreUlr(  916): Error deleting /data/data/com.google.android.gms/files/flog
E/GCoreUlr(  916): Error deleting /data/data/com.google.android.gms/files/flog
D/dalvikvm( 1994): GC_CONCURRENT freed 469K, 12% free 9131K/10336K, paused 4ms+3ms, total 30ms
D/dalvikvm( 1994): WAIT_FOR_CONCURRENT_GC blocked 23ms
D/GCoreUlr(  916): Throttling analytics event: db, restrict_to:attempt, 1
D/GCoreUlr(  916): Throttling analytics event: db, restrict_to:attempt, 1
D/GCoreUlr(  916): Throttling analytics event: db, restrict_to:attempt, 1
D/GCoreUlr(  916): Throttling analytics event: upload, attempt, 1
D/GCoreUlr(  916): Throttling analytics event: db, retrieve_entity:attempt, 1
D/dalvikvm( 1994): GC_CONCURRENT freed 461K, 12% free 9181K/10336K, paused 2ms+2ms, total 26ms
D/dalvikvm( 1994): WAIT_FOR_CONCURRENT_GC blocked 21ms
D/GCoreUlr(  916): Throttling analytics event: entity, LocationRecordStore:deserialize_attempt, 19
D/GCoreUlr(  916): Throttling analytics event: entity, LocationRecordStore:deserialized, 19
D/GCoreUlr(  916): Throttling analytics event: db, retrieve_entity:attempt, 1
D/GCoreUlr(  916): Throttling analytics event: entity, DetectedActivityStore:deserialize_attempt, 23
D/GCoreUlr(  916): Throttling analytics event: entity, DetectedActivityStore:deserialized, 23
D/GCoreUlr(  916): Throttling analytics event: db, retrieve_entity:attempt, 1
D/GCoreUlr(  916): Throttling analytics event: entity, ApiMetadataStore:deserialize_attempt, 9
D/dalvikvm( 1994): GC_CONCURRENT freed 503K, 11% free 9210K/10336K, paused 2ms+3ms, total 25ms
D/dalvikvm( 1994): WAIT_FOR_CONCURRENT_GC blocked 19ms
D/dalvikvm(  916): GC_CONCURRENT freed 519K, 10% free 9472K/10488K, paused 2ms+18ms, total 52ms
D/GCoreUlr(  916): Throttling analytics event: entity, ApiMetadataStore:deserialized, 9
W/GLSUser (28690): GoogleAccountDataService.getToken()
D/dalvikvm( 1994): GC_CONCURRENT freed 936K, 15% free 8814K/10336K, paused 3ms+2ms, total 34ms
D/dalvikvm( 1994): WAIT_FOR_CONCURRENT_GC blocked 24ms
D/dalvikvm( 1994): GC_CONCURRENT freed 494K, 15% free 8832K/10336K, paused 3ms+2ms, total 28ms
D/dalvikvm( 1994): WAIT_FOR_CONCURRENT_GC blocked 22ms
D/dalvikvm( 1994): GC_CONCURRENT freed 472K, 15% free 8871K/10336K, paused 2ms+2ms, total 25ms
D/dalvikvm( 1994): WAIT_FOR_CONCURRENT_GC blocked 20ms
D/dalvikvm( 1994): GC_CONCURRENT freed 486K, 14% free 8895K/10336K, paused 2ms+2ms, total 25ms
D/dalvikvm( 1994): WAIT_FOR_CONCURRENT_GC blocked 20ms
I/GCoreUlr(  916): Received powerMode change from NLP: com.google.android.location.activity.LOW_POWER_MODE_DISABLED
I/GCoreUlr(  916): Starting service, intent=Intent { act=com.google.android.location.reporting.ACTION_UPDATE_ACTIVE_STATE cmp=com.google.android.gms/com.google.android.location.reporting.service.DispatchingService }, extras=null
D/dalvikvm( 1994): GC_CONCURRENT freed 464K, 14% free 8941K/10336K, paused 2ms+2ms, total 37ms
D/dalvikvm( 1994): WAIT_FOR_CONCURRENT_GC blocked 31ms
D/GCoreUlr(  916): Throttling analytics event: entity, activity_received, 1
D/GCoreUlr(  916): Throttling analytics event: entity, DetectedActivityStore:save_attempt, 1
D/GCoreUlr(  916): Throttling analytics event: entity, DetectedActivityStore:saved, 1
D/dalvikvm( 1994): GC_CONCURRENT freed 476K, 14% free 8976K/10336K, paused 3ms+4ms, total 31ms
D/dalvikvm( 1994): WAIT_FOR_CONCURRENT_GC blocked 26ms
D/GCoreUlr(  916): Throttling analytics event: db, restrict_to:attempt, 1
D/GCoreUlr(  916): Throttling analytics event: db, restrict_to:attempt, 1
D/GCoreUlr(  916): Throttling analytics event: db, restrict_to:attempt, 1
D/dalvikvm( 1994): GC_CONCURRENT freed 486K, 13% free 9001K/10336K, paused 2ms+2ms, total 28ms
D/dalvikvm( 1994): WAIT_FOR_CONCURRENT_GC blocked 23ms
I/GCoreUlr(  916): Ensuring that reporting is active for [account#14#]
I/GCoreUlr(  916): Starting service, intent=Intent { act=com.google.android.location.reporting.ACTION_LOCATION_STATUS cmp=com.google.android.gms/com.google.android.location.reporting.service.DispatchingService (has extras) }, extras=Bundle[{status=LocationStatus[cell status: STATUS_NO_INFO_IN_DATABASE, wifi status: STATUS_SUCCESSFUL, elapsed realtime ns: 422064568686002]}]
D/GCoreUlr(  916): Throttling analytics event: entity, metadata_created, 1
D/GCoreUlr(  916): Throttling analytics event: entity, ApiMetadataStore:save_attempt, 1
D/GCoreUlr(  916): Throttling analytics event: entity, ApiMetadataStore:saved, 1
D/dalvikvm( 1994): GC_CONCURRENT freed 461K, 13% free 9051K/10336K, paused 4ms+2ms, total 36ms
D/dalvikvm( 1994): WAIT_FOR_CONCURRENT_GC blocked 22ms
I/GCoreUlr(  916): GMS FLP location and AR updates requested: {"timestampMs":1402531365140,"description":"default","samplePeriodMs":60000,"sampleSource":"internal","sampleReason":"default"}
D/dalvikvm(  916): GC_CONCURRENT freed 342K, 9% free 9616K/10488K, paused 3ms+3ms, total 36ms
D/dalvikvm( 1994): GC_CONCURRENT freed 486K, 13% free 9076K/10336K, paused 3ms+3ms, total 34ms
D/dalvikvm( 1994): WAIT_FOR_CONCURRENT_GC blocked 26ms
D/GCoreUlr(  916): Throttling analytics event: entity, ApiMetadataStore:save_attempt, 1
D/GCoreUlr(  916): Throttling analytics event: entity, ApiMetadataStore:saved, 1
D/dalvikvm( 1994): GC_CONCURRENT freed 477K, 12% free 9110K/10336K, paused 2ms+2ms, total 23ms
D/dalvikvm( 1994): WAIT_FOR_CONCURRENT_GC blocked 18ms
D/dalvikvm( 1994): GC_CONCURRENT freed 465K, 12% free 9155K/10336K, paused 3ms+2ms, total 23ms
D/dalvikvm( 1994): WAIT_FOR_CONCURRENT_GC blocked 18ms
D/dalvikvm( 1994): GC_CONCURRENT freed 486K, 12% free 9193K/10336K, paused 1ms+2ms, total 27ms
D/dalvikvm( 1994): WAIT_FOR_CONCURRENT_GC blocked 22ms
D/dalvikvm( 1994): GC_CONCURRENT freed 509K, 11% free 9220K/10336K, paused 2ms+2ms, total 22ms
D/dalvikvm( 1994): WAIT_FOR_CONCURRENT_GC blocked 17ms
D/dalvikvm( 1994): GC_CONCURRENT freed 505K, 11% free 9258K/10336K, paused 4ms+2ms, total 28ms
D/dalvikvm( 1994): WAIT_FOR_CONCURRENT_GC blocked 21ms
D/dalvikvm( 1994): GC_CONCURRENT freed 512K, 10% free 9303K/10336K, paused 2ms+2ms, total 24ms
D/dalvikvm( 1994): WAIT_FOR_CONCURRENT_GC blocked 20ms
D/dalvikvm( 1994): GC_CONCURRENT freed 1070K, 15% free 8804K/10336K, paused 3ms+2ms, total 26ms
D/dalvikvm( 1994): WAIT_FOR_CONCURRENT_GC blocked 20ms
D/dalvikvm( 1994): GC_CONCURRENT freed 476K, 15% free 8839K/10336K, paused 4ms+6ms, total 43ms
D/dalvikvm( 1994): WAIT_FOR_CONCURRENT_GC blocked 29ms
D/dalvikvm( 1994): GC_CONCURRENT freed 476K, 15% free 8874K/10336K, paused 4ms+5ms, total 37ms
D/dalvikvm( 1994): WAIT_FOR_CONCURRENT_GC blocked 28ms
D/dalvikvm( 1994): GC_CONCURRENT freed 473K, 14% free 8910K/10336K, paused 3ms+7ms, total 35ms
D/dalvikvm( 1994): WAIT_FOR_CONCURRENT_GC blocked 30ms
D/dalvikvm( 1994): GC_CONCURRENT freed 469K, 14% free 8951K/10336K, paused 7ms+2ms, total 44ms
D/dalvikvm( 1994): WAIT_FOR_CONCURRENT_GC blocked 31ms
D/dalvikvm( 1994): GC_CONCURRENT freed 487K, 14% free 8974K/10336K, paused 1ms+3ms, total 38ms
D/dalvikvm( 1994): WAIT_FOR_CONCURRENT_GC blocked 34ms
D/dalvikvm( 1994): GC_CONCURRENT freed 469K, 13% free 9015K/10336K, paused 3ms+2ms, total 29ms
D/dalvikvm( 1994): WAIT_FOR_CONCURRENT_GC blocked 24ms
D/dalvikvm( 1994): GC_CONCURRENT freed 468K, 13% free 9059K/10336K, paused 3ms+2ms, total 35ms
D/dalvikvm( 1994): WAIT_FOR_CONCURRENT_GC blocked 30ms
D/dalvikvm( 1994): GC_FOR_ALLOC freed 487K, 13% free 9081K/10336K, paused 26ms, total 26ms
D/dalvikvm( 1994): GC_CONCURRENT freed 458K, 12% free 9131K/10336K, paused 6ms+4ms, total 36ms
