D/dalvikvm( 1994): WAIT_FOR_CONCURRENT_GC blocked 14ms
D/dalvikvm( 1994): GC_CONCURRENT freed 496K, 12% free 9149K/10336K, paused 2ms+2ms, total 33ms
D/dalvikvm( 1994): WAIT_FOR_CONCURRENT_GC blocked 26ms
D/dalvikvm( 1994): GC_CONCURRENT freed 480K, 12% free 9189K/10336K, paused 2ms+2ms, total 37ms
D/dalvikvm( 1994): WAIT_FOR_CONCURRENT_GC blocked 34ms
D/dalvikvm( 1994): GC_CONCURRENT freed 502K, 11% free 9222K/10336K, paused 2ms+4ms, total 32ms
D/dalvikvm( 1994): WAIT_FOR_CONCURRENT_GC blocked 29ms
D/dalvikvm( 1994): GC_CONCURRENT freed 506K, 11% free 9259K/10336K, paused 2ms+2ms, total 27ms
D/dalvikvm( 1994): WAIT_FOR_CONCURRENT_GC blocked 23ms
D/dalvikvm( 1994): GC_CONCURRENT freed 510K, 10% free 9304K/10336K, paused 3ms+2ms, total 25ms
D/dalvikvm( 1994): WAIT_FOR_CONCURRENT_GC blocked 21ms
D/dalvikvm( 1994): GC_CONCURRENT freed 536K, 10% free 9337K/10336K, paused 2ms+2ms, total 29ms
D/dalvikvm( 1994): WAIT_FOR_CONCURRENT_GC blocked 24ms
D/dalvikvm( 1994): GC_CONCURRENT freed 537K, 10% free 9383K/10336K, paused 2ms+3ms, total 33ms
D/dalvikvm( 1994): WAIT_FOR_CONCURRENT_GC blocked 28ms
D/dalvikvm( 1994): GC_CONCURRENT freed 567K, 9% free 9414K/10336K, paused 1ms+2ms, total 25ms
D/dalvikvm( 1994): WAIT_FOR_CONCURRENT_GC blocked 21ms
D/dalvikvm( 1994): GC_CONCURRENT freed 561K, 9% free 9459K/10336K, paused 2ms+2ms, total 23ms
D/dalvikvm( 1994): WAIT_FOR_CONCURRENT_GC blocked 19ms
D/dalvikvm( 1994): GC_CONCURRENT freed 564K, 9% free 9505K/10336K, paused 4ms+2ms, total 25ms
D/dalvikvm( 1994): WAIT_FOR_CONCURRENT_GC blocked 19ms
D/dalvikvm( 1994): GC_CONCURRENT freed 1299K, 15% free 8815K/10336K, paused 2ms+2ms, total 23ms
D/dalvikvm( 1994): WAIT_FOR_CONCURRENT_GC blocked 19ms
D/dalvikvm( 1994): GC_CONCURRENT freed 474K, 15% free 8852K/10336K, paused 3ms+2ms, total 24ms
D/dalvikvm( 1994): WAIT_FOR_CONCURRENT_GC blocked 18ms
D/dalvikvm( 1994): GC_CONCURRENT freed 486K, 15% free 8877K/10336K, paused 9ms+2ms, total 30ms
D/dalvikvm( 1994): WAIT_FOR_CONCURRENT_GC blocked 16ms
D/dalvikvm( 1994): GC_CONCURRENT freed 468K, 14% free 8917K/10336K, paused 2ms+1ms, total 22ms
D/dalvikvm( 1994): WAIT_FOR_CONCURRENT_GC blocked 18ms
D/dalvikvm( 1994): GC_CONCURRENT freed 477K, 14% free 8951K/10336K, paused 2ms+2ms, total 23ms
D/dalvikvm( 1994): WAIT_FOR_CONCURRENT_GC blocked 19ms
D/dalvikvm( 1994): GC_CONCURRENT freed 487K, 14% free 8974K/10336K, paused 2ms+2ms, total 22ms
D/dalvikvm( 1994): WAIT_FOR_CONCURRENT_GC blocked 18ms
D/dalvikvm( 1994): GC_CONCURRENT freed 469K, 13% free 9015K/10336K, paused 3ms+2ms, total 23ms
D/dalvikvm( 1994): WAIT_FOR_CONCURRENT_GC blocked 18ms
D/dalvikvm( 1994): GC_CONCURRENT freed 482K, 13% free 9043K/10336K, paused 2ms+2ms, total 22ms
D/dalvikvm( 1994): WAIT_FOR_CONCURRENT_GC blocked 18ms
W/UsbSettingsManager(  504): no meta-data for ResolveInfo{43375a00 com.estrongs.android.pop/.view.FileExplorerActivity m=0x108000}
W/ContextImpl(  504): Calling a method in the system process without a qualified user: android.app.ContextImpl.sendBroadcast:1123 com.android.server.usb.UsbSettingsManager.deviceAttached:621 com.android.server.usb.UsbHostManager.usbDeviceAdded:156 com.android.server.usb.UsbHostManager.monitorUsbHostBus:-2 com.android.server.usb.UsbHostManager.access$000:38 
I/ActivityManager(  504): START u0 {act=android.hardware.usb.action.USB_DEVICE_ATTACHED flg=0x10000000 cmp=us.aichisteel.linesensor/.LineSensorActivity (has extras)} from pid 504
D/dalvikvm( 1994): GC_CONCURRENT freed 455K, 12% free 9099K/10336K, paused 2ms+3ms, total 38ms
D/dalvikvm( 1994): WAIT_FOR_CONCURRENT_GC blocked 33ms
I/ActivityManager(  504): Start proc us.aichisteel.linesensor for activity us.aichisteel.linesensor/.LineSensorActivity: pid=2371 uid=10122 gids={50122}
D/dalvikvm( 1994): GC_CONCURRENT freed 483K, 12% free 9125K/10336K, paused 3ms+3ms, total 29ms
D/dalvikvm( 1994): WAIT_FOR_CONCURRENT_GC blocked 22ms
D/dalvikvm( 1994): GC_CONCURRENT freed 483K, 12% free 9155K/10336K, paused 4ms+3ms, total 40ms
D/dalvikvm( 1994): WAIT_FOR_CONCURRENT_GC blocked 31ms
D/dalvikvm( 1994): GC_CONCURRENT freed 488K, 12% free 9189K/10336K, paused 4ms+2ms, total 28ms
D/dalvikvm( 1994): WAIT_FOR_CONCURRENT_GC blocked 20ms
D/LINESENSOR( 2371): buildDataset
D/LINESENSOR( 2371): buildRenderer
D/LINESENSOR( 2371): addView
I/dalvikvm( 2371): Could not find method com.ftdi.j2xx.D2xxManager.getInstance, referenced from method com.physicaloid.lib.usb.driver.uart.UartFtdi.<init>
W/dalvikvm( 2371): VFY: unable to resolve static method 155: Lcom/ftdi/j2xx/D2xxManager;.getInstance (Landroid/content/Context;)Lcom/ftdi/j2xx/D2xxManager;
D/dalvikvm( 2371): VFY: replacing opcode 0x71 at 0x0030
W/dalvikvm( 2371): VFY: unable to resolve exception class 58 (Lcom/ftdi/j2xx/D2xxManager$D2xxException;)
W/dalvikvm( 2371): VFY: unable to find exception handler at addr 0x37
W/dalvikvm( 2371): VFY:  rejected Lcom/physicaloid/lib/usb/driver/uart/UartFtdi;.<init> (Landroid/content/Context;)V
W/dalvikvm( 2371): VFY:  rejecting opcode 0x0d at 0x0037
W/dalvikvm( 2371): VFY:  rejected Lcom/physicaloid/lib/usb/driver/uart/UartFtdi;.<init> (Landroid/content/Context;)V
W/dalvikvm( 2371): Verifier rejected class Lcom/physicaloid/lib/usb/driver/uart/UartFtdi;
D/AndroidRuntime( 2371): Shutting down VM
W/dalvikvm( 2371): threadid=1: thread exiting with uncaught exception (group=0x4175bba8)
E/AndroidRuntime( 2371): FATAL EXCEPTION: main
E/AndroidRuntime( 2371): Process: us.aichisteel.linesensor, PID: 2371
E/AndroidRuntime( 2371): java.lang.VerifyError: com/physicaloid/lib/usb/driver/uart/UartFtdi
E/AndroidRuntime( 2371): 	at com.physicaloid.lib.framework.AutoCommunicator.getSerialCommunicator(AutoCommunicator.java:44)
E/AndroidRuntime( 2371): 	at com.physicaloid.lib.Physicaloid.open(Physicaloid.java:74)
E/AndroidRuntime( 2371): 	at com.physicaloid.lib.Physicaloid.open(Physicaloid.java:62)
E/AndroidRuntime( 2371): 	at us.aichisteel.linesensor.LineSensorActivity.openUsbSerial(LineSensorActivity.java:297)
E/AndroidRuntime( 2371): 	at us.aichisteel.linesensor.LineSensorActivity.onCreate(LineSensorActivity.java:204)
E/AndroidRuntime( 2371): 	at android.app.Activity.performCreate(Activity.java:5231)
E/AndroidRuntime( 2371): 	at android.app.Instrumentation.callActivityOnCreate(Instrumentation.java:1087)
E/AndroidRuntime( 2371): 	at android.app.ActivityThread.performLaunchActivity(ActivityThread.java:2159)
E/AndroidRuntime( 2371): 	at android.app.ActivityThread.handleLaunchActivity(ActivityThread.java:2245)
E/AndroidRuntime( 2371): 	at android.app.ActivityThread.access$800(ActivityThread.java:135)
E/AndroidRuntime( 2371): 	at android.app.ActivityThread$H.handleMessage(ActivityThread.java:1196)
E/AndroidRuntime( 2371): 	at android.os.Handler.dispatchMessage(Handler.java:102)
E/AndroidRuntime( 2371): 	at android.os.Looper.loop(Looper.java:136)
E/AndroidRuntime( 2371): 	at android.app.ActivityThread.main(ActivityThread.java:5017)
E/AndroidRuntime( 2371): 	at java.lang.reflect.Method.invokeNative(Native Method)
E/AndroidRuntime( 2371): 	at java.lang.reflect.Method.invoke(Method.java:515)
E/AndroidRuntime( 2371): 	at com.android.internal.os.ZygoteInit$MethodAndArgsCaller.run(ZygoteInit.java:779)
E/AndroidRuntime( 2371): 	at com.android.internal.os.ZygoteInit.main(ZygoteInit.java:595)
E/AndroidRuntime( 2371): 	at dalvik.system.NativeStart.main(Native Method)
W/ActivityManager(  504):   Force finishing activity us.aichisteel.linesensor/.LineSensorActivity
D/dalvikvm( 1994): GC_CONCURRENT freed 497K, 11% free 9224K/10336K, paused 6ms+3ms, total 41ms
D/dalvikvm( 1994): WAIT_FOR_CONCURRENT_GC blocked 27ms
D/dalvikvm( 1994): GC_CONCURRENT freed 498K, 11% free 9269K/10336K, paused 4ms+2ms, total 26ms
D/dalvikvm( 1994): WAIT_FOR_CONCURRENT_GC blocked 18ms
D/dalvikvm( 1994): GC_CONCURRENT freed 527K, 10% free 9303K/10336K, paused 2ms+2ms, total 23ms
D/dalvikvm( 1994): WAIT_FOR_CONCURRENT_GC blocked 19ms
D/dalvikvm( 1994): GC_CONCURRENT freed 522K, 10% free 9353K/10336K, paused 2ms+7ms, total 33ms
D/dalvikvm( 1994): WAIT_FOR_CONCURRENT_GC blocked 28ms
D/dalvikvm( 1994): GC_CONCURRENT freed 550K, 10% free 9392K/10336K, paused 3ms+4ms, total 30ms
D/dalvikvm( 1994): WAIT_FOR_CONCURRENT_GC blocked 24ms
D/dalvikvm( 1994): GC_CONCURRENT freed 566K, 9% free 9424K/10336K, paused 3ms+2ms, total 25ms
D/dalvikvm( 1994): WAIT_FOR_CONCURRENT_GC blocked 18ms
D/dalvikvm( 1994): GC_CONCURRENT freed 565K, 9% free 9471K/10336K, paused 3ms+3ms, total 38ms
D/dalvikvm( 1994): WAIT_FOR_CONCURRENT_GC blocked 34ms
D/dalvikvm( 1994): GC_CONCURRENT freed 553K, 8% free 9518K/10336K, paused 6ms+5ms, total 42ms
D/dalvikvm( 1994): WAIT_FOR_CONCURRENT_GC blocked 32ms
D/dalvikvm( 1994): GC_FOR_ALLOC freed 539K, 8% free 9540K/10336K, paused 34ms, total 34ms
D/dalvikvm( 1994): GC_CONCURRENT freed 462K, 8% free 9595K/10336K, paused 5ms+4ms, total 39ms
D/dalvikvm( 1994): WAIT_FOR_CONCURRENT_GC blocked 16ms
D/dalvikvm( 1994): GC_FOR_ALLOC freed 498K, 8% free 9606K/10368K, paused 44ms, total 44ms
I/ActivityManager(  504): Killing 2249:com.android.keychain/1000 (adj 15): empty #17
W/ActivityManager(  504): Activity pause timeout for ActivityRecord{42f562d0 u0 us.aichisteel.linesensor/.LineSensorActivity t338 f}
I/ActivityManager(  504): Killing 2265:com.google.android.gms.drive/u0a21 (adj 15): empty #17
D/dalvikvm( 1994): GC_FOR_ALLOC freed 1296K, 16% free 8797K/10380K, paused 61ms, total 61ms
D/dalvikvm( 1994): GC_CONCURRENT freed 472K, 15% free 8837K/10380K, paused 3ms+2ms, total 23ms
D/dalvikvm( 1994): WAIT_FOR_CONCURRENT_GC blocked 15ms
D/dalvikvm( 1994): GC_CONCURRENT freed 481K, 15% free 8866K/10380K, paused 2ms+1ms, total 21ms
D/dalvikvm( 1994): WAIT_FOR_CONCURRENT_GC blocked 17ms
D/dalvikvm( 1994): GC_CONCURRENT freed 475K, 15% free 8902K/10380K, paused 2ms+2ms, total 23ms
D/dalvikvm( 1994): WAIT_FOR_CONCURRENT_GC blocked 18ms
D/dalvikvm( 1994): GC_CONCURRENT freed 476K, 14% free 8935K/10380K, paused 2ms+2ms, total 21ms
D/dalvikvm( 1994): WAIT_FOR_CONCURRENT_GC blocked 17ms
W/GLSUser (28690): [asb][asb] Permission for com.google.android.gms to access oauth2:https://www.googleapis.com/auth/userlocation.reporting will be managed locally.
D/dalvikvm(  916): GC_FOR_ALLOC freed 377K, 8% free 9702K/10488K, paused 56ms, total 58ms
I/dalvikvm-heap(  916): Grow heap (frag case) to 9.535MB for 27344-byte allocation
D/dalvikvm(  916): GC_FOR_ALLOC freed 3K, 8% free 9725K/10516K, paused 57ms, total 57ms
D/dalvikvm(  916): GC_FOR_ALLOC freed 128K, 8% free 9707K/10516K, paused 38ms, total 38ms
I/dalvikvm-heap(  916): Grow heap (frag case) to 9.553MB for 41012-byte allocation
D/dalvikvm(  916): GC_FOR_ALLOC freed 26K, 8% free 9721K/10560K, paused 27ms, total 27ms
D/dalvikvm(  916): GC_FOR_ALLOC freed 101K, 8% free 9723K/10560K, paused 26ms, total 26ms
I/dalvikvm-heap(  916): Grow heap (frag case) to 9.562MB for 34804-byte allocation
D/dalvikvm(  916): GC_FOR_ALLOC freed <1K, 8% free 9756K/10596K, paused 25ms, total 25ms
D/dalvikvm(  916): GC_FOR_ALLOC freed 40K, 9% free 9716K/10596K, paused 26ms, total 26ms
D/dalvikvm(  916): GC_FOR_ALLOC freed 43K, 9% free 9713K/10596K, paused 26ms, total 26ms
D/dalvikvm(  916): GC_FOR_ALLOC freed 35K, 9% free 9730K/10596K, paused 26ms, total 26ms
D/dalvikvm(  916): GC_FOR_ALLOC freed 367K, 10% free 9599K/10596K, paused 56ms, total 56ms
I/jvq     (  916): I/O exception (javax.net.ssl.SSLException) caught when processing request: Write error: ssl=0x688e4db8: I/O error during system call, Broken pipe
I/jvq     (  916): Retrying request
D/dalvikvm(  916): GC_CONCURRENT freed 352K, 7% free 9894K/10596K, paused 3ms+2ms, total 30ms
D/dalvikvm(  916): WAIT_FOR_CONCURRENT_GC blocked 24ms
D/dalvikvm(  504): GC_EXPLICIT freed 3753K, 43% free 25354K/43904K, paused 4ms+12ms, total 107ms
I/GCoreUlr(  916): Starting service, intent=Intent { act=com.google.android.location.reporting.ACTION_UPDATE_ACTIVE_STATE cmp=com.google.android.gms/com.google.android.location.reporting.service.DispatchingService }, extras=null
D/GCoreUlr(  916): Throttling analytics event: entity, location_sent, 19
D/GCoreUlr(  916): Throttling analytics event: entity, wifi_sent, 14
D/GCoreUlr(  916): Throttling analytics event: entity, activity_sent, 23
D/GCoreUlr(  916): Throttling analytics event: entity, metadata_sent, 9
I/GCoreUlr(  916): Batch Location Update succeeded for account account#14#
D/GCoreUlr(  916): Throttling analytics event: upload, success, 1
D/GCoreUlr(  916): Throttling analytics event: entity, location_uploaded, 19
D/GCoreUlr(  916): Throttling analytics event: entity, activity_uploaded, 23
D/GCoreUlr(  916): Throttling analytics event: entity, metadata_uploaded, 9
D/GCoreUlr(  916): Throttling analytics event: db, clear_store:attempt, 1
D/GCoreUlr(  916): Throttling analytics event: entity, LocationRecordStore:deleted_after_use, 19
D/GCoreUlr(  916): Throttling analytics event: db, restrict_to:attempt, 1
D/GCoreUlr(  916): Throttling analytics event: db, clear_store:attempt, 1
D/GCoreUlr(  916): Throttling analytics event: entity, DetectedActivityStore:deleted_after_use, 24
D/GCoreUlr(  916): Throttling analytics event: db, clear_store:attempt, 1
D/GCoreUlr(  916): Throttling analytics event: db, restrict_to:attempt, 1
D/GCoreUlr(  916): Throttling analytics event: entity, ApiMetadataStore:deleted_after_use, 8
D/GCoreUlr(  916): Throttling analytics event: db, restrict_to:attempt, 1
I/GCoreUlr(  916): Ensuring that reporting is active for [account#14#]
I/GCoreUlr(  916): Starting service, intent=Intent { act=com.google.android.location.reporting.ACTION_LOCATION_STATUS cmp=com.google.android.gms/com.google.android.location.reporting.service.DispatchingService (has extras) }, extras=Bundle[{status=LocationStatus[cell status: STATUS_NO_INFO_IN_DATABASE, wifi status: STATUS_SUCCESSFUL, elapsed realtime ns: 422064568686002]}]
D/GCoreUlr(  916): Throttling analytics event: entity, ApiMetadataStore:save_attempt, 1
D/GCoreUlr(  916): Throttling analytics event: entity, ApiMetadataStore:saved, 1
I/Process ( 2371): Sending signal. PID: 2371 SIG: 9
I/ActivityManager(  504): Process us.aichisteel.linesensor (pid 2371) has died.
W/InputMethodManagerService(  504): Window already focused, ignoring focus gain of: com.android.internal.view.IInputMethodClient$Stub$Proxy@42f8f320 attribute=null, token = android.os.BinderProxy@42f88d90
D/dalvikvm(  916): GC_CONCURRENT freed 992K, 10% free 9618K/10672K, paused 8ms+2ms, total 41ms
D/dalvikvm(  916): WAIT_FOR_CONCURRENT_GC blocked 19ms
D/dalvikvm(  916): GC_CONCURRENT freed 518K, 10% free 9699K/10672K, paused 3ms+2ms, total 32ms
D/dalvikvm(  916): WAIT_FOR_CONCURRENT_GC blocked 29ms
D/Finsky  (32614): [1] 5.onFinished: Installation state replication succeeded.
D/dalvikvm(  916): GC_CONCURRENT freed 713K, 10% free 9669K/10672K, paused 3ms+2ms, total 34ms
D/dalvikvm(  916): WAIT_FOR_CONCURRENT_GC blocked 21ms
D/dalvikvm(  916): GC_CONCURRENT freed 767K, 11% free 9450K/10556K, paused 7ms+6ms, total 98ms
D/dalvikvm(  916): GC_CONCURRENT freed 431K, 9% free 9618K/10556K, paused 12ms+7ms, total 95ms
D/dalvikvm(  916): WAIT_FOR_CONCURRENT_GC blocked 48ms
D/dalvikvm(  916): GC_CONCURRENT freed 666K, 10% free 9537K/10556K, paused 3ms+2ms, total 39ms
D/dalvikvm(  916): WAIT_FOR_CONCURRENT_GC blocked 18ms
D/dalvikvm(  916): GC_CONCURRENT freed 468K, 9% free 9696K/10556K, paused 3ms+2ms, total 29ms
D/dalvikvm(  916): WAIT_FOR_CONCURRENT_GC blocked 22ms
D/dalvikvm(29093): GC_CONCURRENT freed 2599K, 16% free 15683K/18560K, paused 15ms+5ms, total 124ms
I/jid     (  916): Not returning location for the following outliers: [57569247770]
D/libgps  (  504): proxy_gps_inject_location()
D/GCoreUlr(  916): Throttling analytics event: entity, location_received, 1
D/GCoreUlr(  916): Throttling analytics event: entity, LocationRecordStore:save_attempt, 1
D/GCoreUlr(  916): Throttling analytics event: entity, LocationRecordStore:saved, 1
I/GCoreUlr(  916): Successfully inserted location
I/GCoreUlr(  916): Not calling LocationReportingService, hasMoved: true, elapsed millis: 61894, request: Tablet
W/DefaultRequestDirector(12762): Authentication error: Unable to respond to any of these challenges: {oauth=WWW-Authenticate: OAuth "Facebook Platform" "invalid_token" "Error validating access token: Session does not match current stored session. This may be because the user changed the password since the time the session was created or Facebook has changed the session for security reasons."}
W/msgr(:<default>):l(12762): Exception during service
W/msgr(:<default>):l(12762): com.facebook.http.protocol.e: Error validating access token: Session does not match current stored session. This may be because the user changed the password since the time the session was created or Facebook has changed the session for security reasons.
W/msgr(:<default>):l(12762): 	at com.facebook.http.protocol.v.b(ApiResponseChecker.java:106)
W/msgr(:<default>):l(12762): 	at com.facebook.http.protocol.v.a(ApiResponseChecker.java:139)
W/msgr(:<default>):l(12762): 	at com.facebook.http.protocol.v.a(ApiResponseChecker.java:246)
W/msgr(:<default>):l(12762): 	at com.facebook.http.protocol.v.a(ApiResponseChecker.java:187)
W/msgr(:<default>):l(12762): 	at com.facebook.http.protocol.bk.a(JsonResponseHandler.java:38)
W/msgr(:<default>):l(12762): 	at com.facebook.http.protocol.aa.b(ApiResponseHandler.java:105)
W/msgr(:<default>):l(12762): 	at com.facebook.http.protocol.aa.a(ApiResponseHandler.java:56)
W/msgr(:<default>):l(12762): 	at com.facebook.http.protocol.aa.handleResponse(ApiResponseHandler.java:31)
W/msgr(:<default>):l(12762): 	at com.facebook.http.b.s.a(FbHttpRequestProcessor.java:312)
W/msgr(:<default>):l(12762): 	at com.facebook.http.b.s.a(FbHttpRequestProcessor.java:142)
W/msgr(:<default>):l(12762): 	at com.facebook.http.b.s.b(FbHttpRequestProcessor.java:98)
W/msgr(:<default>):l(12762): 	at com.facebook.http.b.s.a(FbHttpRequestProcessor.java:228)
W/msgr(:<default>):l(12762): 	at com.facebook.http.protocol.bx.a(SingleMethodRunnerImpl.java:415)
W/msgr(:<default>):l(12762): 	at com.facebook.http.protocol.bx.a(SingleMethodRunnerImpl.java:170)
W/msgr(:<default>):l(12762): 	at com.facebook.http.protocol.b.a(AbstractSingleMethodRunner.java:26)
W/msgr(:<default>):l(12762): 	at com.facebook.http.protocol.l.a(ApiMethodRunnerImpl.java:43)
W/msgr(:<default>):l(12762): 	at com.facebook.http.protocol.l.a(ApiMethodRunnerImpl.java:35)
W/msgr(:<default>):l(12762): 	at com.facebook.orca.protocol.a.b(WebServiceHandler.java:210)
W/msgr(:<default>):l(12762): 	at com.facebook.orca.server.a.a(AbstractBlueServiceHandlerFilter.java:31)
W/msgr(:<default>):l(12762): 	at com.facebook.fbservice.service.x.a(FilterChainLink.java:20)
W/msgr(:<default>):l(12762): 	at com.facebook.orca.database.ad.b(DbServiceHandler.java:338)
W/msgr(:<default>):l(12762): 	at com.facebook.orca.server.a.a(AbstractBlueServiceHandlerFilter.java:31)
W/msgr(:<default>):l(12762): 	at com.facebook.fbservice.service.x.a(FilterChainLink.java:20)
W/msgr(:<default>):l(12762): 	at com.facebook.orca.f.k.b(CacheServiceHandler.java:132)
W/msgr(:<default>):l(12762): 	at com.facebook.orca.server.a.a(AbstractBlueServiceHandlerFilter.java:31)
W/msgr(:<default>):l(12762): 	at com.facebook.fbservice.service.x.a(FilterChainLink.java:20)
W/msgr(:<default>):l(12762): 	at com.facebook.fbservice.service.l.e(BlueServiceQueue.java:345)
W/msgr(:<default>):l(12762): 	at com.facebook.fbservice.service.l.d(BlueServiceQueue.java:56)
W/msgr(:<default>):l(12762): 	at com.facebook.fbservice.service.o.run(BlueServiceQueue.java:265)
W/msgr(:<default>):l(12762): 	at java.util.concurrent.Executors$RunnableAdapter.call(Executors.java:422)
W/msgr(:<default>):l(12762): 	at java.util.concurrent.FutureTask.run(FutureTask.java:237)
W/msgr(:<default>):l(12762): 	at com.facebook.common.executors.av.run(ListenableScheduledFutureImpl.java:59)
W/msgr(:<default>):l(12762): 	at android.os.Handler.handleCallback(Handler.java:733)
W/msgr(:<default>):l(12762): 	at android.os.Handler.dispatchMessage(Handler.java:95)
W/msgr(:<default>):l(12762): 	at android.os.Looper.loop(Looper.java:136)
W/msgr(:<default>):l(12762): 	at android.os.HandlerThread.run(HandlerThread.java:61)
W/msgr(:<default>):x(12762): Requested time interval of 1200000 ms should be increased to at least 3600000 ms for n
D/dalvikvm(12762): GC_CONCURRENT freed 1280K, 16% free 11799K/13904K, paused 5ms+4ms, total 93ms
D/MtpService(31197): updating state; isCurrentUser=true, mMtpLocked=false
D/MtpService(31197): addStorageLocked 65537 /storage/emulated/0
D/MtpService(31197): updating state; isCurrentUser=true, mMtpLocked=false
D/MtpService(31197): starting MTP server in PTP mode
D/MtpService(31197): addStorageLocked 65537 /storage/emulated/0
I/EntropyMixer(  504): Writing entropy...
D/PicasaSyncManager( 1642): battery info: true
E/LocalFingerprints(21631): cannot compute fingerprint for: content://media/external/images/media/8054
E/LocalFingerprints(21631): java.io.FileNotFoundException: No such file or directory
E/LocalFingerprints(21631): 	at android.database.DatabaseUtils.readExceptionWithFileNotFoundExceptionFromParcel(DatabaseUtils.java:146)
E/LocalFingerprints(21631): 	at android.content.ContentProviderProxy.openTypedAssetFile(ContentProviderNative.java:682)
E/LocalFingerprints(21631): 	at android.content.ContentResolver.openTypedAssetFileDescriptor(ContentResolver.java:1063)
E/LocalFingerprints(21631): 	at android.content.ContentResolver.openAssetFileDescriptor(ContentResolver.java:904)
E/LocalFingerprints(21631): 	at android.content.ContentResolver.openInputStream(ContentResolver.java:629)
E/LocalFingerprints(21631): 	at cak.a(PG:159)
E/LocalFingerprints(21631): 	at bzj.a(PG:123)
E/LocalFingerprints(21631): 	at com.google.android.apps.plus.service.FingerprintScannerIntentService.onHandleIntent(PG:79)
E/LocalFingerprints(21631): 	at android.app.IntentService$ServiceHandler.handleMessage(IntentService.java:65)
E/LocalFingerprints(21631): 	at android.os.Handler.dispatchMessage(Handler.java:102)
E/LocalFingerprints(21631): 	at android.os.Looper.loop(Looper.java:136)
E/LocalFingerprints(21631): 	at android.os.HandlerThread.run(HandlerThread.java:61)
D/AndroidRuntime( 2516): 
D/AndroidRuntime( 2516): >>>>>> AndroidRuntime START com.android.internal.os.RuntimeInit <<<<<<
D/AndroidRuntime( 2516): CheckJNI is OFF
D/dalvikvm( 2516): Trying to load lib libjavacore.so 0x0
D/dalvikvm( 2516): Added shared lib libjavacore.so 0x0
D/dalvikvm( 2516): Trying to load lib libnativehelper.so 0x0
D/dalvikvm( 2516): Added shared lib libnativehelper.so 0x0
D/dalvikvm( 2516): No JNI_OnLoad found in libnativehelper.so 0x0, skipping init
D/dalvikvm( 2516): Note: class Landroid/app/ActivityManagerNative; has 179 unimplemented (abstract) methods
E/memtrack( 2516): Couldn't load memtrack module (No such file or directory)
E/android.os.Debug( 2516): failed to load memtrack module: -2
D/AndroidRuntime( 2516): Calling main entry com.android.commands.pm.Pm
W/ActivityManager(  504): No content provider found for permission revoke: file:///data/local/tmp/linesensor.apk
W/ActivityManager(  504): No content provider found for permission revoke: file:///data/local/tmp/linesensor.apk
I/PackageManager(  504): Copying native libraries to /data/app-lib/vmdl-1937687359
I/ActivityManager(  504): Force stopping us.aichisteel.linesensor appid=10122 user=-1: uninstall pkg
I/PackageManager(  504): Running dexopt on: us.aichisteel.linesensor
I/PackageManager(  504): Package us.aichisteel.linesensor codePath changed from /data/app/us.aichisteel.linesensor-2.apk to /data/app/us.aichisteel.linesensor-1.apk; Retaining data and using new
D/dalvikvm( 2529): DexOpt: 'Landroid/annotation/SuppressLint;' has an earlier definition; blocking out
D/dalvikvm( 2529): DexOpt: 'Landroid/annotation/TargetApi;' has an earlier definition; blocking out
D/dalvikvm( 2529): DexOpt: not verifying/optimizing 'Landroid/annotation/SuppressLint;': multiple definitions
D/dalvikvm( 2529): DexOpt: not verifying/optimizing 'Landroid/annotation/TargetApi;': multiple definitions
D/dalvikvm( 2529): DexOpt: load 19ms, verify+opt 130ms, 504460 bytes
I/ActivityManager(  504): Force stopping us.aichisteel.linesensor appid=10122 user=-1: update pkg
W/PackageManager(  504): Code path for pkg : us.aichisteel.linesensor changing from /data/app/us.aichisteel.linesensor-2.apk to /data/app/us.aichisteel.linesensor-1.apk
W/PackageManager(  504): Resource path for pkg : us.aichisteel.linesensor changing from /data/app/us.aichisteel.linesensor-2.apk to /data/app/us.aichisteel.linesensor-1.apk
I/ActivityManager(  504): Force stopping us.aichisteel.linesensor appid=10122 user=0: pkg removed
D/dalvikvm(  767): GC_EXPLICIT freed 1067K, 30% free 18382K/26260K, paused 2ms+4ms, total 61ms
I/InputReader(  504): Reconfiguring input devices.  changes=0x00000010
D/dalvikvm(26265): GC_EXPLICIT freed 536K, 9% free 8682K/9468K, paused 1ms+3ms, total 81ms
I/InputReader(  504): Reconfiguring input devices.  changes=0x00000010
D/dalvikvm( 1994): GC_EXPLICIT freed 240K, 16% free 8773K/10352K, paused 2ms+4ms, total 104ms
D/dalvikvm(  504): GC_EXPLICIT freed 2103K, 43% free 25374K/43904K, paused 5ms+17ms, total 147ms
I/ActivityManager(  504): Start proc com.android.keychain for broadcast com.android.keychain/.KeyChainBroadcastReceiver: pid=2536 uid=1000 gids={41000, 1028, 1015, 3002, 3001, 3003}
I/InputReader(  504): Reconfiguring input devices.  changes=0x00000010
W/ContextImpl( 2536): Calling a method in the system process without a qualified user: android.app.ContextImpl.startService:1479 android.content.ContextWrapper.startService:494 android.content.ContextWrapper.startService:494 com.android.keychain.KeyChainBroadcastReceiver.onReceive:12 android.app.ActivityThread.handleReceiver:2419 
D/PackageBroadcastService(  798): Received broadcast action=android.intent.action.PACKAGE_REMOVED and uri=us.aichisteel.linesensor
I/ActivityManager(  504): Start proc com.google.android.gms.drive for broadcast com.google.android.gms/.drive.api.DriveSystemBroadcastReceiver: pid=2555 uid=10021 gids={50021, 3003, 1007, 1028, 1015, 3002, 3001, 3007, 2001, 3006}
I/MultiDex( 2555): load(/data/app/com.google.android.gms-2.apk, forceReload=false)
D/dalvikvm(  504): GC_EXPLICIT freed 311K, 43% free 25212K/43904K, paused 16ms+22ms, total 234ms
D/AndroidRuntime( 2516): Shutting down VM
D/jdwp    ( 2516): Got wake-up signal, bailing out of select
D/dalvikvm( 2516): Debugger has detached; object registry had 1 entries
D/dalvikvm( 2555): GC_CONCURRENT freed 174K, 3% free 7997K/8208K, paused 3ms+2ms, total 25ms
D/dalvikvm( 2555): WAIT_FOR_CONCURRENT_GC blocked 7ms
D/dalvikvm( 2555): GC_CONCURRENT freed 146K, 3% free 8355K/8548K, paused 2ms+2ms, total 20ms
D/dalvikvm( 2555): WAIT_FOR_CONCURRENT_GC blocked 5ms
I/MultiDex( 2555): Need extracted file /data/data/com.google.android.gms/files/secondary-dexes/com.google.android.gms-2.apk.classes2.zip
I/MultiDex( 2555): No extraction needed for /data/data/com.google.android.gms/files/secondary-dexes/com.google.android.gms-2.apk.classes2.zip of size 1809539
D/BackupManagerService(  504): Received broadcast Intent { act=android.intent.action.PACKAGE_REMOVED dat=package:us.aichisteel.linesensor flg=0x4000010 (has extras) }
D/BackupManagerService(  504): Received broadcast Intent { act=android.intent.action.PACKAGE_ADDED dat=package:us.aichisteel.linesensor flg=0x4000010 (has extras) }
V/BackupManagerService(  504): removePackageParticipantsLocked: uid=10122 #1
V/BackupManagerService(  504): addPackageParticipantsLocked: #1
D/PackageBroadcastService(  798): Received broadcast action=android.intent.action.PACKAGE_ADDED and uri=us.aichisteel.linesensor
I/PeopleContactsSync(  798): CP2 sync disabled
I/InternalIcingCorporaPro(26265): Updating corpora: APPS=us.aichisteel.linesensor, CONTACTS=MAYBE
I/ActivityManager(  504): Delay finish: com.google.android.googlequicksearchbox/com.google.android.search.core.summons.icing.InternalIcingCorporaProvider$CorporaChangedReceiver
I/ActivityManager(  504): Resuming delayed broadcast
I/InternalIcingCorporaPro(26265): UpdateCorporaTask done [took 45 ms] updated apps [took 45 ms] 
I/ActivityManager(  504): START u0 {flg=0x10800000 cmp=com.estrongs.android.pop/.app.InstallMonitorActivity (has extras)} from pid 32470
W/InputMethodManagerService(  504): Window already focused, ignoring focus gain of: com.android.internal.view.IInputMethodClient$Stub$Proxy@42291668 attribute=null, token = android.os.BinderProxy@42f88d90
D/PackageBroadcastService(  798): Received broadcast action=android.intent.action.PACKAGE_REPLACED and uri=us.aichisteel.linesensor
I/PeopleContactsSync(  798): CP2 sync disabled
I/ActivityManager(  504): Delay finish: com.google.android.apps.magazines/com.google.apps.dots.android.app.receiver.FirstInstallNotificationReceiver
I/ActivityManager(  504): Resuming delayed broadcast
D/GCM     (28690): GcmService start Intent { act=com.google.android.gms.INITIALIZE flg=0x10 pkg=com.google.android.gms cmp=com.google.android.gms/.gcm.GcmService } com.google.android.gms.INITIALIZE
D/dalvikvm( 1994): GC_CONCURRENT freed 462K, 15% free 8822K/10352K, paused 2ms+2ms, total 25ms
D/dalvikvm( 1994): WAIT_FOR_CONCURRENT_GC blocked 20ms
D/dalvikvm( 1994): GC_CONCURRENT freed 489K, 15% free 8845K/10352K, paused 2ms+2ms, total 21ms
D/dalvikvm( 1994): WAIT_FOR_CONCURRENT_GC blocked 18ms
D/dalvikvm( 1994): GC_CONCURRENT freed 472K, 15% free 8882K/10352K, paused 2ms+2ms, total 26ms
D/dalvikvm( 1994): WAIT_FOR_CONCURRENT_GC blocked 20ms
D/dalvikvm( 1994): GC_CONCURRENT freed 472K, 14% free 8921K/10352K, paused 1ms+1ms, total 21ms
D/dalvikvm( 1994): WAIT_FOR_CONCURRENT_GC blocked 17ms
D/dalvikvm( 1994): GC_CONCURRENT freed 476K, 14% free 8956K/10352K, paused 2ms+2ms, total 24ms
D/dalvikvm( 1994): WAIT_FOR_CONCURRENT_GC blocked 19ms
D/dalvikvm( 1994): GC_CONCURRENT freed 479K, 14% free 8987K/10352K, paused 3ms+2ms, total 26ms
D/dalvikvm( 1994): WAIT_FOR_CONCURRENT_GC blocked 12ms
D/dalvikvm( 1994): GC_CONCURRENT freed 478K, 13% free 9020K/10352K, paused 2ms+2ms, total 21ms
D/dalvikvm( 1994): WAIT_FOR_CONCURRENT_GC blocked 17ms
D/dalvikvm( 1994): GC_CONCURRENT freed 473K, 13% free 9058K/10352K, paused 2ms+2ms, total 24ms
D/dalvikvm( 1994): WAIT_FOR_CONCURRENT_GC blocked 18ms
D/dalvikvm( 1994): GC_CONCURRENT freed 477K, 13% free 9092K/10352K, paused 2ms+2ms, total 27ms
D/dalvikvm( 1994): WAIT_FOR_CONCURRENT_GC blocked 21ms
D/dalvikvm( 1994): GC_CONCURRENT freed 474K, 12% free 9130K/10352K, paused 2ms+2ms, total 22ms
D/dalvikvm( 1994): WAIT_FOR_CONCURRENT_GC blocked 17ms
D/dalvikvm( 1994): GC_CONCURRENT freed 481K, 12% free 9163K/10352K, paused 2ms+2ms, total 26ms
D/dalvikvm( 1994): WAIT_FOR_CONCURRENT_GC blocked 20ms
D/dalvikvm( 1994): GC_CONCURRENT freed 491K, 12% free 9197K/10352K, paused 2ms+2ms, total 25ms
D/dalvikvm( 1994): WAIT_FOR_CONCURRENT_GC blocked 19ms
D/dalvikvm( 1994): GC_CONCURRENT freed 928K, 15% free 8805K/10352K, paused 2ms+2ms, total 23ms
D/dalvikvm( 1994): WAIT_FOR_CONCURRENT_GC blocked 18ms
D/dalvikvm( 1994): GC_CONCURRENT freed 479K, 15% free 8836K/10352K, paused 2ms+2ms, total 30ms
D/dalvikvm( 1994): WAIT_FOR_CONCURRENT_GC blocked 25ms
D/dalvikvm( 1994): GC_CONCURRENT freed 477K, 15% free 8870K/10352K, paused 2ms+2ms, total 24ms
D/dalvikvm( 1994): WAIT_FOR_CONCURRENT_GC blocked 19ms
D/dalvikvm( 1994): GC_CONCURRENT freed 464K, 14% free 8914K/10352K, paused 2ms+2ms, total 26ms
D/dalvikvm( 1994): WAIT_FOR_CONCURRENT_GC blocked 20ms
D/dalvikvm( 1994): GC_CONCURRENT freed 483K, 14% free 8943K/10352K, paused 2ms+2ms, total 21ms
D/dalvikvm( 1994): WAIT_FOR_CONCURRENT_GC blocked 17ms
D/dalvikvm( 1994): GC_CONCURRENT freed 457K, 14% free 8994K/10352K, paused 3ms+2ms, total 27ms
D/dalvikvm( 1994): WAIT_FOR_CONCURRENT_GC blocked 20ms
D/dalvikvm( 1994): GC_CONCURRENT freed 497K, 13% free 9009K/10352K, paused 2ms+2ms, total 24ms
D/dalvikvm( 1994): WAIT_FOR_CONCURRENT_GC blocked 19ms
D/dalvikvm( 1994): GC_CONCURRENT freed 458K, 13% free 9062K/10352K, paused 2ms+1ms, total 21ms
D/dalvikvm( 1994): WAIT_FOR_CONCURRENT_GC blocked 17ms
D/dalvikvm( 1994): GC_CONCURRENT freed 487K, 13% free 9085K/10352K, paused 2ms+2ms, total 25ms
D/dalvikvm( 1994): WAIT_FOR_CONCURRENT_GC blocked 19ms
D/dalvikvm( 1994): GC_CONCURRENT freed 480K, 12% free 9115K/10352K, paused 2ms+2ms, total 23ms
D/dalvikvm( 1994): WAIT_FOR_CONCURRENT_GC blocked 19ms
D/dalvikvm(18252): Debugger has detached; object registry had 1 entries
D/dalvikvm( 1994): GC_CONCURRENT freed 473K, 12% free 9153K/10352K, paused 2ms+2ms, total 22ms
D/dalvikvm( 1994): WAIT_FOR_CONCURRENT_GC blocked 18ms
D/dalvikvm( 1994): GC_CONCURRENT freed 461K, 12% free 9183K/10352K, paused 2ms+1ms, total 25ms
D/dalvikvm( 1994): GC_CONCURRENT freed 903K, 15% free 8810K/10352K, paused 2ms+2ms, total 23ms
D/dalvikvm( 1994): WAIT_FOR_CONCURRENT_GC blocked 19ms
D/dalvikvm( 1994): GC_CONCURRENT freed 470K, 15% free 8848K/10352K, paused 2ms+2ms, total 21ms
D/dalvikvm( 1994): WAIT_FOR_CONCURRENT_GC blocked 16ms
D/dalvikvm( 1994): GC_CONCURRENT freed 459K, 15% free 8901K/10352K, paused 1ms+2ms, total 27ms
D/dalvikvm( 1994): WAIT_FOR_CONCURRENT_GC blocked 21ms
D/dalvikvm( 1994): GC_CONCURRENT freed 492K, 14% free 8920K/10352K, paused 2ms+2ms, total 22ms
D/dalvikvm( 1994): WAIT_FOR_CONCURRENT_GC blocked 16ms
D/dalvikvm( 1994): GC_CONCURRENT freed 477K, 14% free 8954K/10352K, paused 2ms+1ms, total 21ms
D/dalvikvm( 1994): WAIT_FOR_CONCURRENT_GC blocked 16ms
D/dalvikvm( 1994): GC_CONCURRENT freed 473K, 14% free 8992K/10352K, paused 3ms+1ms, total 22ms
D/dalvikvm( 1994): WAIT_FOR_CONCURRENT_GC blocked 12ms
D/dalvikvm( 1994): GC_CONCURRENT freed 484K, 13% free 9019K/10352K, paused 1ms+2ms, total 20ms
D/dalvikvm( 1994): WAIT_FOR_CONCURRENT_GC blocked 17ms
D/dalvikvm( 1994): GC_CONCURRENT freed 460K, 13% free 9070K/10352K, paused 2ms+1ms, total 23ms
D/dalvikvm( 1994): WAIT_FOR_CONCURRENT_GC blocked 18ms
D/dalvikvm( 1994): GC_CONCURRENT freed 486K, 13% free 9094K/10352K, paused 1ms+2ms, total 20ms
D/dalvikvm( 1994): WAIT_FOR_CONCURRENT_GC blocked 16ms
D/dalvikvm( 1994): GC_CONCURRENT freed 477K, 12% free 9129K/10352K, paused 2ms+2ms, total 24ms
D/dalvikvm( 1994): WAIT_FOR_CONCURRENT_GC blocked 19ms
D/dalvikvm( 1994): GC_CONCURRENT freed 472K, 12% free 9168K/10352K, paused 2ms+1ms, total 21ms
D/dalvikvm( 1994): WAIT_FOR_CONCURRENT_GC blocked 17ms
D/dalvikvm( 1994): GC_CONCURRENT freed 486K, 12% free 9210K/10352K, paused 2ms+1ms, total 24ms
D/dalvikvm( 1994): WAIT_FOR_CONCURRENT_GC blocked 19ms
D/dalvikvm( 1994): GC_CONCURRENT freed 941K, 15% free 8808K/10352K, paused 2ms+2ms, total 22ms
D/dalvikvm( 1994): WAIT_FOR_CONCURRENT_GC blocked 18ms
D/dalvikvm( 1994): GC_CONCURRENT freed 489K, 15% free 8831K/10352K, paused 2ms+2ms, total 23ms
D/dalvikvm( 1994): WAIT_FOR_CONCURRENT_GC blocked 18ms
D/dalvikvm( 1994): GC_CONCURRENT freed 475K, 15% free 8867K/10352K, paused 2ms+2ms, total 23ms
D/dalvikvm( 1994): WAIT_FOR_CONCURRENT_GC blocked 19ms
D/dalvikvm( 1994): GC_CONCURRENT freed 469K, 14% free 8908K/10352K, paused 2ms+1ms, total 28ms
D/dalvikvm( 1994): WAIT_FOR_CONCURRENT_GC blocked 22ms
D/PicasaSyncManager( 1642): battery info: false
D/dalvikvm( 1994): GC_CONCURRENT freed 477K, 14% free 8944K/10352K, paused 1ms+10ms, total 32ms
D/dalvikvm( 1994): WAIT_FOR_CONCURRENT_GC blocked 29ms
D/dalvikvm( 1994): GC_CONCURRENT freed 464K, 14% free 8991K/10352K, paused 2ms+2ms, total 23ms
D/dalvikvm( 1994): WAIT_FOR_CONCURRENT_GC blocked 18ms
D/dalvikvm( 1994): GC_CONCURRENT freed 481K, 13% free 9018K/10352K, paused 3ms+2ms, total 23ms
D/dalvikvm( 1994): WAIT_FOR_CONCURRENT_GC blocked 18ms
D/dalvikvm( 1994): GC_CONCURRENT freed 487K, 13% free 9043K/10352K, paused 2ms+2ms, total 21ms
D/dalvikvm( 1994): WAIT_FOR_CONCURRENT_GC blocked 17ms
D/dalvikvm( 1994): GC_CONCURRENT freed 482K, 13% free 9072K/10352K, paused 2ms+2ms, total 21ms
D/dalvikvm( 1994): WAIT_FOR_CONCURRENT_GC blocked 17ms
D/dalvikvm( 1994): GC_CONCURRENT freed 472K, 12% free 9111K/10352K, paused 2ms+2ms, total 24ms
D/dalvikvm( 1994): WAIT_FOR_CONCURRENT_GC blocked 19ms
D/dalvikvm( 1994): GC_CONCURRENT freed 467K, 12% free 9155K/10352K, paused 2ms+1ms, total 23ms
D/dalvikvm( 1994): WAIT_FOR_CONCURRENT_GC blocked 19ms
D/dalvikvm( 1994): GC_CONCURRENT freed 499K, 12% free 9178K/10352K, paused 1ms+2ms, total 20ms
D/dalvikvm( 1994): WAIT_FOR_CONCURRENT_GC blocked 17ms
D/dalvikvm( 1994): GC_CONCURRENT freed 485K, 11% free 9221K/10352K, paused 2ms+2ms, total 23ms
D/dalvikvm( 1994): WAIT_FOR_CONCURRENT_GC blocked 18ms
D/dalvikvm( 1994): GC_CONCURRENT freed 509K, 11% free 9256K/10352K, paused 2ms+2ms, total 21ms
D/dalvikvm( 1994): WAIT_FOR_CONCURRENT_GC blocked 17ms
D/dalvikvm( 1994): GC_CONCURRENT freed 521K, 11% free 9289K/10352K, paused 2ms+2ms, total 21ms
D/dalvikvm( 1994): WAIT_FOR_CONCURRENT_GC blocked 16ms
D/dalvikvm( 1994): GC_CONCURRENT freed 1043K, 15% free 8813K/10352K, paused 2ms+2ms, total 24ms
D/dalvikvm( 1994): WAIT_FOR_CONCURRENT_GC blocked 16ms
D/dalvikvm( 1994): GC_CONCURRENT freed 482K, 15% free 8842K/10352K, paused 3ms+2ms, total 22ms
D/dalvikvm( 1994): WAIT_FOR_CONCURRENT_GC blocked 16ms
D/dalvikvm( 1994): GC_CONCURRENT freed 488K, 15% free 8865K/10352K, paused 1ms+2ms, total 21ms
D/dalvikvm( 1994): WAIT_FOR_CONCURRENT_GC blocked 17ms
D/dalvikvm( 1994): GC_CONCURRENT freed 465K, 14% free 8911K/10352K, paused 3ms+1ms, total 24ms
D/dalvikvm( 1994): WAIT_FOR_CONCURRENT_GC blocked 17ms
D/dalvikvm( 1994): GC_CONCURRENT freed 479K, 14% free 8941K/10352K, paused 1ms+2ms, total 21ms
D/dalvikvm( 1994): WAIT_FOR_CONCURRENT_GC blocked 17ms
D/dalvikvm( 1994): GC_CONCURRENT freed 462K, 14% free 8989K/10352K, paused 1ms+1ms, total 23ms
D/dalvikvm( 1994): WAIT_FOR_CONCURRENT_GC blocked 17ms
D/dalvikvm( 1994): GC_CONCURRENT freed 487K, 13% free 9012K/10352K, paused 2ms+2ms, total 23ms
D/dalvikvm( 1994): WAIT_FOR_CONCURRENT_GC blocked 14ms
D/dalvikvm( 1994): GC_CONCURRENT freed 471K, 13% free 9052K/10352K, paused 3ms+2ms, total 36ms
D/dalvikvm( 1994): WAIT_FOR_CONCURRENT_GC blocked 28ms
D/dalvikvm( 1994): GC_CONCURRENT freed 470K, 13% free 9094K/10352K, paused 1ms+2ms, total 32ms
D/dalvikvm( 1994): WAIT_FOR_CONCURRENT_GC blocked 29ms
D/dalvikvm( 1994): GC_CONCURRENT freed 492K, 12% free 9113K/10352K, paused 2ms+3ms, total 28ms
D/dalvikvm( 1994): WAIT_FOR_CONCURRENT_GC blocked 25ms
D/dalvikvm( 1994): GC_CONCURRENT freed 476K, 12% free 9148K/10352K, paused 2ms+4ms, total 32ms
D/dalvikvm( 1994): WAIT_FOR_CONCURRENT_GC blocked 28ms
D/dalvikvm( 1994): GC_CONCURRENT freed 480K, 12% free 9186K/10352K, paused 7ms+2ms, total 33ms
D/dalvikvm( 1994): WAIT_FOR_CONCURRENT_GC blocked 26ms
D/dalvikvm( 1994): GC_CONCURRENT freed 481K, 11% free 9236K/10352K, paused 1ms+2ms, total 31ms
D/dalvikvm( 1994): WAIT_FOR_CONCURRENT_GC blocked 28ms
D/dalvikvm( 1994): GC_CONCURRENT freed 518K, 11% free 9268K/10352K, paused 6ms+2ms, total 34ms
D/dalvikvm( 1994): WAIT_FOR_CONCURRENT_GC blocked 25ms
D/dalvikvm( 1994): GC_CONCURRENT freed 534K, 11% free 9292K/10352K, paused 2ms+1ms, total 33ms
D/dalvikvm( 1994): WAIT_FOR_CONCURRENT_GC blocked 26ms
D/dalvikvm( 1994): GC_CONCURRENT freed 533K, 10% free 9327K/10352K, paused 4ms+2ms, total 33ms
D/dalvikvm( 1994): WAIT_FOR_CONCURRENT_GC blocked 28ms
D/dalvikvm( 1994): GC_CONCURRENT freed 536K, 10% free 9371K/10352K, paused 1ms+1ms, total 33ms
D/dalvikvm( 1994): WAIT_FOR_CONCURRENT_GC blocked 27ms
D/dalvikvm( 1994): GC_CONCURRENT freed 541K, 9% free 9424K/10352K, paused 3ms+4ms, total 32ms
D/dalvikvm( 1994): WAIT_FOR_CONCURRENT_GC blocked 15ms
D/dalvikvm( 1994): GC_CONCURRENT freed 573K, 9% free 9463K/10352K, paused 5ms+2ms, total 30ms
D/dalvikvm( 1994): WAIT_FOR_CONCURRENT_GC blocked 22ms
D/dalvikvm( 1994): GC_CONCURRENT freed 581K, 9% free 9502K/10352K, paused 1ms+2ms, total 29ms
D/dalvikvm( 1994): WAIT_FOR_CONCURRENT_GC blocked 20ms
D/dalvikvm( 1994): GC_CONCURRENT freed 1317K, 15% free 8809K/10352K, paused 2ms+2ms, total 23ms
D/dalvikvm( 1994): WAIT_FOR_CONCURRENT_GC blocked 19ms
D/dalvikvm( 1994): GC_CONCURRENT freed 466K, 15% free 8853K/10352K, paused 1ms+1ms, total 21ms
D/dalvikvm( 1994): WAIT_FOR_CONCURRENT_GC blocked 17ms
D/dalvikvm( 1994): GC_CONCURRENT freed 489K, 15% free 8874K/10352K, paused 1ms+2ms, total 25ms
D/dalvikvm( 1994): WAIT_FOR_CONCURRENT_GC blocked 20ms
D/dalvikvm( 1994): GC_CONCURRENT freed 465K, 14% free 8918K/10352K, paused 3ms+2ms, total 23ms
D/dalvikvm( 1994): WAIT_FOR_CONCURRENT_GC blocked 18ms
D/dalvikvm( 1994): GC_CONCURRENT freed 477K, 14% free 8952K/10352K, paused 2ms+2ms, total 25ms
D/dalvikvm( 1994): WAIT_FOR_CONCURRENT_GC blocked 21ms
D/dalvikvm( 1994): GC_CONCURRENT freed 487K, 14% free 8975K/10352K, paused 2ms+1ms, total 21ms
D/dalvikvm( 1994): WAIT_FOR_CONCURRENT_GC blocked 17ms
D/dalvikvm( 1994): GC_CONCURRENT freed 469K, 13% free 9016K/10352K, paused 2ms+2ms, total 26ms
D/dalvikvm( 1994): WAIT_FOR_CONCURRENT_GC blocked 21ms
D/dalvikvm( 1994): GC_CONCURRENT freed 482K, 13% free 9044K/10352K, paused 1ms+2ms, total 21ms
D/dalvikvm( 1994): WAIT_FOR_CONCURRENT_GC blocked 18ms
D/dalvikvm( 1994): GC_CONCURRENT freed 454K, 13% free 9101K/10352K, paused 1ms+2ms, total 25ms
D/dalvikvm( 1994): WAIT_FOR_CONCURRENT_GC blocked 20ms
D/dalvikvm( 1994): GC_CONCURRENT freed 484K, 12% free 9125K/10352K, paused 1ms+1ms, total 21ms
D/dalvikvm( 1994): WAIT_FOR_CONCURRENT_GC blocked 17ms
D/dalvikvm( 1994): GC_CONCURRENT freed 486K, 12% free 9152K/10352K, paused 2ms+2ms, total 25ms
D/dalvikvm( 1994): WAIT_FOR_CONCURRENT_GC blocked 20ms
D/dalvikvm( 1994): GC_CONCURRENT freed 489K, 12% free 9185K/10352K, paused 1ms+1ms, total 21ms
D/dalvikvm( 1994): WAIT_FOR_CONCURRENT_GC blocked 18ms
D/dalvikvm( 1994): GC_CONCURRENT freed 494K, 11% free 9222K/10352K, paused 2ms+1ms, total 25ms
D/dalvikvm( 1994): WAIT_FOR_CONCURRENT_GC blocked 20ms
D/dalvikvm( 1994): GC_CONCURRENT freed 496K, 11% free 9268K/10352K, paused 1ms+1ms, total 21ms
D/dalvikvm( 1994): WAIT_FOR_CONCURRENT_GC blocked 17ms
D/dalvikvm( 1994): GC_CONCURRENT freed 527K, 11% free 9301K/10352K, paused 2ms+2ms, total 23ms
D/dalvikvm( 1994): WAIT_FOR_CONCURRENT_GC blocked 20ms
D/dalvikvm( 1994): GC_CONCURRENT freed 521K, 10% free 9352K/10352K, paused 2ms+2ms, total 24ms
D/dalvikvm( 1994): WAIT_FOR_CONCURRENT_GC blocked 19ms
D/dalvikvm( 1994): GC_CONCURRENT freed 551K, 10% free 9390K/10352K, paused 1ms+2ms, total 21ms
D/dalvikvm( 1994): WAIT_FOR_CONCURRENT_GC blocked 17ms
D/dalvikvm( 1994): GC_CONCURRENT freed 563K, 9% free 9428K/10352K, paused 2ms+2ms, total 27ms
D/dalvikvm( 1994): WAIT_FOR_CONCURRENT_GC blocked 21ms
D/dalvikvm( 1994): GC_CONCURRENT freed 575K, 9% free 9466K/10352K, paused 1ms+1ms, total 21ms
D/dalvikvm( 1994): WAIT_FOR_CONCURRENT_GC blocked 18ms
D/dalvikvm( 1994): GC_CONCURRENT freed 570K, 9% free 9516K/10352K, paused 2ms+2ms, total 24ms
D/dalvikvm( 1994): WAIT_FOR_CONCURRENT_GC blocked 20ms
D/dalvikvm( 1994): GC_CONCURRENT freed 543K, 8% free 9550K/10352K, paused 1ms+2ms, total 21ms
D/dalvikvm( 1994): WAIT_FOR_CONCURRENT_GC blocked 18ms
D/dalvikvm( 1994): GC_FOR_ALLOC freed 488K, 8% free 9585K/10352K, paused 19ms, total 19ms
D/dalvikvm( 1994): GC_FOR_ALLOC freed 480K, 8% free 9605K/10352K, paused 19ms, total 19ms
D/dalvikvm( 1994): GC_FOR_ALLOC freed 1303K, 16% free 8794K/10380K, paused 20ms, total 20ms
D/dalvikvm( 1994): GC_CONCURRENT freed 456K, 15% free 8849K/10380K, paused 2ms+2ms, total 26ms
D/dalvikvm( 1994): WAIT_FOR_CONCURRENT_GC blocked 17ms
D/dalvikvm( 1994): GC_CONCURRENT freed 479K, 15% free 8879K/10380K, paused 2ms+2ms, total 22ms
D/dalvikvm( 1994): WAIT_FOR_CONCURRENT_GC blocked 17ms
D/dalvikvm( 1994): GC_CONCURRENT freed 493K, 15% free 8898K/10380K, paused 2ms+2ms, total 21ms
D/dalvikvm( 1994): WAIT_FOR_CONCURRENT_GC blocked 16ms
D/dalvikvm( 1994): GC_CONCURRENT freed 471K, 14% free 8938K/10380K, paused 2ms+2ms, total 20ms
D/dalvikvm( 1994): WAIT_FOR_CONCURRENT_GC blocked 17ms
W/UsbSettingsManager(  504): no meta-data for ResolveInfo{425ab310 com.estrongs.android.pop/.view.FileExplorerActivity m=0x108000}
W/ContextImpl(  504): Calling a method in the system process without a qualified user: android.app.ContextImpl.sendBroadcast:1123 com.android.server.usb.UsbSettingsManager.deviceAttached:621 com.android.server.usb.UsbHostManager.usbDeviceAdded:156 com.android.server.usb.UsbHostManager.monitorUsbHostBus:-2 com.android.server.usb.UsbHostManager.access$000:38 
I/ActivityManager(  504): START u0 {act=android.hardware.usb.action.USB_DEVICE_ATTACHED flg=0x10000000 cmp=us.aichisteel.linesensor/.LineSensorActivity (has extras)} from pid 504
I/ActivityManager(  504): Start proc us.aichisteel.linesensor for activity us.aichisteel.linesensor/.LineSensorActivity: pid=2595 uid=10122 gids={50122}
D/LINESENSOR( 2595): buildDataset
D/LINESENSOR( 2595): buildRenderer
D/LINESENSOR( 2595): addView
I/dalvikvm( 2595): Could not find method com.ftdi.j2xx.D2xxManager.getInstance, referenced from method com.physicaloid.lib.usb.driver.uart.UartFtdi.<init>
W/dalvikvm( 2595): VFY: unable to resolve static method 155: Lcom/ftdi/j2xx/D2xxManager;.getInstance (Landroid/content/Context;)Lcom/ftdi/j2xx/D2xxManager;
D/dalvikvm( 2595): VFY: replacing opcode 0x71 at 0x0030
W/dalvikvm( 2595): VFY: unable to resolve exception class 58 (Lcom/ftdi/j2xx/D2xxManager$D2xxException;)
W/dalvikvm( 2595): VFY: unable to find exception handler at addr 0x37
W/dalvikvm( 2595): VFY:  rejected Lcom/physicaloid/lib/usb/driver/uart/UartFtdi;.<init> (Landroid/content/Context;)V
W/dalvikvm( 2595): VFY:  rejecting opcode 0x0d at 0x0037
W/dalvikvm( 2595): VFY:  rejected Lcom/physicaloid/lib/usb/driver/uart/UartFtdi;.<init> (Landroid/content/Context;)V
W/dalvikvm( 2595): Verifier rejected class Lcom/physicaloid/lib/usb/driver/uart/UartFtdi;
D/AndroidRuntime( 2595): Shutting down VM
W/dalvikvm( 2595): threadid=1: thread exiting with uncaught exception (group=0x4175bba8)
E/AndroidRuntime( 2595): FATAL EXCEPTION: main
E/AndroidRuntime( 2595): Process: us.aichisteel.linesensor, PID: 2595
E/AndroidRuntime( 2595): java.lang.VerifyError: com/physicaloid/lib/usb/driver/uart/UartFtdi
E/AndroidRuntime( 2595): 	at com.physicaloid.lib.framework.AutoCommunicator.getSerialCommunicator(AutoCommunicator.java:44)
E/AndroidRuntime( 2595): 	at com.physicaloid.lib.Physicaloid.open(Physicaloid.java:74)
E/AndroidRuntime( 2595): 	at com.physicaloid.lib.Physicaloid.open(Physicaloid.java:62)
E/AndroidRuntime( 2595): 	at us.aichisteel.linesensor.LineSensorActivity.openUsbSerial(LineSensorActivity.java:293)
E/AndroidRuntime( 2595): 	at us.aichisteel.linesensor.LineSensorActivity.onCreate(LineSensorActivity.java:203)
E/AndroidRuntime( 2595): 	at android.app.Activity.performCreate(Activity.java:5231)
E/AndroidRuntime( 2595): 	at android.app.Instrumentation.callActivityOnCreate(Instrumentation.java:1087)
E/AndroidRuntime( 2595): 	at android.app.ActivityThread.performLaunchActivity(ActivityThread.java:2159)
E/AndroidRuntime( 2595): 	at android.app.ActivityThread.handleLaunchActivity(ActivityThread.java:2245)
E/AndroidRuntime( 2595): 	at android.app.ActivityThread.access$800(ActivityThread.java:135)
E/AndroidRuntime( 2595): 	at android.app.ActivityThread$H.handleMessage(ActivityThread.java:1196)
E/AndroidRuntime( 2595): 	at android.os.Handler.dispatchMessage(Handler.java:102)
E/AndroidRuntime( 2595): 	at android.os.Looper.loop(Looper.java:136)
E/AndroidRuntime( 2595): 	at android.app.ActivityThread.main(ActivityThread.java:5017)
E/AndroidRuntime( 2595): 	at java.lang.reflect.Method.invokeNative(Native Method)
E/AndroidRuntime( 2595): 	at java.lang.reflect.Method.invoke(Method.java:515)
E/AndroidRuntime( 2595): 	at com.android.internal.os.ZygoteInit$MethodAndArgsCaller.run(ZygoteInit.java:779)
E/AndroidRuntime( 2595): 	at com.android.internal.os.ZygoteInit.main(ZygoteInit.java:595)
E/AndroidRuntime( 2595): 	at dalvik.system.NativeStart.main(Native Method)
W/ActivityManager(  504):   Force finishing activity us.aichisteel.linesensor/.LineSensorActivity
W/ActivityManager(  504): Activity pause timeout for ActivityRecord{4242e708 u0 us.aichisteel.linesensor/.LineSensorActivity t340 f}
I/ActivityManager(  504): Killing 2536:com.android.keychain/1000 (adj 15): empty #17
I/ActivityManager(  504): Killing 2555:com.google.android.gms.drive/u0a21 (adj 15): empty #17
W/BroadcastQueue(  504): Skipping deliver [background] BroadcastRecord{425fb990 u-1 android.hardware.usb.action.USB_DEVICE_DETACHED} to ReceiverList{42ff2798 2595 us.aichisteel.linesensor/10122/u0 remote:430d5f20}: process crashing
D/dalvikvm(32614): GC_CONCURRENT freed 2084K, 13% free 15105K/17240K, paused 29ms+3ms, total 57ms
D/Finsky  (32614): [1] 5.onFinished: Installation state replication succeeded.
E/WindowManager(  504): Starting window AppWindowToken{427a53f8 token=Token{424dff30 ActivityRecord{4242e708 u0 us.aichisteel.linesensor/.LineSensorActivity t340}}} timed out
W/ActivityManager(  504): Activity destroy timeout for ActivityRecord{4242e708 u0 us.aichisteel.linesensor/.LineSensorActivity t340 f}
W/msgr(:<default>):l(12762): Exception during service
W/msgr(:<default>):l(12762): com.facebook.http.protocol.e: Error validating access token: Session does not match current stored session. This may be because the user changed the password since the time the session was created or Facebook has changed the session for security reasons.
W/msgr(:<default>):l(12762): 	at com.facebook.http.protocol.v.b(ApiResponseChecker.java:86)
W/msgr(:<default>):l(12762): 	at com.facebook.http.protocol.v.a(ApiResponseChecker.java:165)
W/msgr(:<default>):l(12762): 	at com.facebook.http.protocol.t.g(ApiResponse.java:151)
