W/ActivityManager(  504): No content provider found for permission revoke: file:///data/local/tmp/ntsensor.apk
W/ActivityManager(  504): No content provider found for permission revoke: file:///data/local/tmp/ntsensor.apk
I/PackageManager(  504): Copying native libraries to /data/app-lib/vmdl-1400492444
I/ActivityManager(  504): Force stopping us.aichisteel.ntsensor appid=10123 user=-1: uninstall pkg
I/ActivityManager(  504): Killing 21773:us.aichisteel.ntsensor/u0a123 (adj 13): stop us.aichisteel.ntsensor
I/PackageManager(  504): Package us.aichisteel.ntsensor codePath changed from /data/app/us.aichisteel.ntsensor-2.apk to /data/app/us.aichisteel.ntsensor-1.apk; Retaining data and using new
W/PackageManager(  504): Code path for pkg : us.aichisteel.ntsensor changing from /data/app/us.aichisteel.ntsensor-2.apk to /data/app/us.aichisteel.ntsensor-1.apk
W/PackageManager(  504): Resource path for pkg : us.aichisteel.ntsensor changing from /data/app/us.aichisteel.ntsensor-2.apk to /data/app/us.aichisteel.ntsensor-1.apk
I/ActivityManager(  504): Force stopping us.aichisteel.ntsensor appid=10123 user=-1: update pkg
I/ActivityManager(  504): Force stopping us.aichisteel.ntsensor appid=10123 user=0: pkg removed
I/ActivityManager(  504): Start proc com.android.keychain for broadcast com.android.keychain/.KeyChainBroadcastReceiver: pid=23246 uid=1000 gids={41000, 1028, 1015, 3002, 3001, 3003}
W/ContextImpl(23246): Calling a method in the system process without a qualified user: android.app.ContextImpl.startService:1479 android.content.ContextWrapper.startService:494 android.content.ContextWrapper.startService:494 com.android.keychain.KeyChainBroadcastReceiver.onReceive:12 android.app.ActivityThread.handleReceiver:2419 
I/ActivityManager(  504): Start proc com.facebook.katana:dash for broadcast com.facebook.katana/com.facebook.dash.receivers.DashPackageUninstallReceiver: pid=23263 uid=10067 gids={50067, 1028, 1015, 3003}
I/PowerManagerService(  504): Going to sleep due to screen timeout...
W/BroadcastQueue(  504): Permission Denial: broadcasting Intent { act=android.net.conn.INET_CONDITION_ACTION flg=0x4000010 (has extras) } from null (pid=-1, uid=-1) requires com.facebook.permission.prod.FB_APP_COMMUNICATION due to registered receiver BroadcastFilter{429c8268 u0 ReceiverList{426dad60 23176 com.facebook.katana/10067/u0 remote:42614498}}
W/BroadcastQueue(  504): Permission Denial: broadcasting Intent { act=android.net.conn.CONNECTIVITY_CHANGE flg=0x4000010 (has extras) } from null (pid=-1, uid=-1) requires com.facebook.permission.prod.FB_APP_COMMUNICATION due to registered receiver BroadcastFilter{429c8268 u0 ReceiverList{426dad60 23176 com.facebook.katana/10067/u0 remote:42614498}}
W/BroadcastQueue(  504): Permission Denial: broadcasting Intent { act=android.net.conn.CONNECTIVITY_CHANGE flg=0x4000010 (has extras) } from null (pid=-1, uid=-1) requires com.facebook.permission.prod.FB_APP_COMMUNICATION due to registered receiver BroadcastFilter{42893900 u0 ReceiverList{426d7ee0 23176 com.facebook.katana/10067/u0 remote:425ffb68}}
I/ActivityManager(  504): Delay finish: com.android.musicfx/.Compatibility$Receiver
I/ActivityManager(  504): Resuming delayed broadcast
I/ActivityManager(  504): Delay finish: com.google.android.apps.plus/.service.PackagesMediaMonitor
I/ActivityManager(  504): Resuming delayed broadcast
D/BackupManagerService(  504): Received broadcast Intent { act=android.intent.action.PACKAGE_REMOVED dat=package:us.aichisteel.ntsensor flg=0x4000010 (has extras) }
D/BackupManagerService(  504): Received broadcast Intent { act=android.intent.action.PACKAGE_ADDED dat=package:us.aichisteel.ntsensor flg=0x4000010 (has extras) }
V/BackupManagerService(  504): removePackageParticipantsLocked: uid=10123 #1
V/BackupManagerService(  504): addPackageParticipantsLocked: #1
I/ActivityManager(  504): Delay finish: com.google.android.apps.plus/.service.PackageAddedReceiver
I/ActivityManager(  504): Resuming delayed broadcast
I/ActivityManager(  504): START u0 {flg=0x10800000 cmp=com.estrongs.android.pop/.app.InstallMonitorActivity (has extras)} from pid 21320
I/ActivityManager(  504): Delay finish: com.android.musicfx/.Compatibility$Receiver
I/ActivityManager(  504): Resuming delayed broadcast
W/ActivityManager(  504): Activity pause timeout for ActivityRecord{41f10008 u0 com.android.chrome/com.google.android.apps.chrome.Main t292}
W/BroadcastQueue(  504): Permission Denial: broadcasting Intent { act=android.net.conn.INET_CONDITION_ACTION flg=0x4000010 (has extras) } from null (pid=-1, uid=-1) requires com.facebook.permission.prod.FB_APP_COMMUNICATION due to registered receiver BroadcastFilter{42455ef0 u0 ReceiverList{424809c8 23263 com.facebook.katana:dash/10067/u0 remote:42a0ceb0}}
W/BroadcastQueue(  504): Permission Denial: broadcasting Intent { act=android.net.conn.CONNECTIVITY_CHANGE flg=0x4000010 (has extras) } from null (pid=-1, uid=-1) requires com.facebook.permission.prod.FB_APP_COMMUNICATION due to registered receiver BroadcastFilter{42455ef0 u0 ReceiverList{424809c8 23263 com.facebook.katana:dash/10067/u0 remote:42a0ceb0}}
W/BroadcastQueue(  504): Permission Denial: broadcasting Intent { act=android.net.conn.CONNECTIVITY_CHANGE flg=0x4000010 (has extras) } from null (pid=-1, uid=-1) requires com.facebook.permission.prod.FB_APP_COMMUNICATION due to registered receiver BroadcastFilter{4256fbb8 u0 ReceiverList{42579b40 23263 com.facebook.katana:dash/10067/u0 remote:425fb3d8}}
I/ActivityManager(  504): Delay finish: com.facebook.katana/com.facebook.push.c2dm.C2DMBroadcastReceiver
I/ActivityManager(  504): Resuming delayed broadcast
W/ActivityManager(  504): No content provider found for permission revoke: file:///data/local/tmp/ntsensor.apk
W/ActivityManager(  504): No content provider found for permission revoke: file:///data/local/tmp/ntsensor.apk
I/PackageManager(  504): Copying native libraries to /data/app-lib/vmdl757849907
I/ActivityManager(  504): Force stopping us.aichisteel.ntsensor appid=10123 user=-1: uninstall pkg
I/PackageManager(  504): Package us.aichisteel.ntsensor codePath changed from /data/app/us.aichisteel.ntsensor-1.apk to /data/app/us.aichisteel.ntsensor-2.apk; Retaining data and using new
I/ActivityManager(  504): Force stopping us.aichisteel.ntsensor appid=10123 user=-1: update pkg
W/PackageManager(  504): Code path for pkg : us.aichisteel.ntsensor changing from /data/app/us.aichisteel.ntsensor-1.apk to /data/app/us.aichisteel.ntsensor-2.apk
W/PackageManager(  504): Resource path for pkg : us.aichisteel.ntsensor changing from /data/app/us.aichisteel.ntsensor-1.apk to /data/app/us.aichisteel.ntsensor-2.apk
I/ActivityManager(  504): Force stopping us.aichisteel.ntsensor appid=10123 user=0: pkg removed
W/ContextImpl(23246): Calling a method in the system process without a qualified user: android.app.ContextImpl.startService:1479 android.content.ContextWrapper.startService:494 android.content.ContextWrapper.startService:494 com.android.keychain.KeyChainBroadcastReceiver.onReceive:12 android.app.ActivityThread.handleReceiver:2419 
D/BackupManagerService(  504): Received broadcast Intent { act=android.intent.action.PACKAGE_REMOVED dat=package:us.aichisteel.ntsensor flg=0x4000010 (has extras) }
D/BackupManagerService(  504): Received broadcast Intent { act=android.intent.action.PACKAGE_ADDED dat=package:us.aichisteel.ntsensor flg=0x4000010 (has extras) }
V/BackupManagerService(  504): removePackageParticipantsLocked: uid=10123 #1
V/BackupManagerService(  504): addPackageParticipantsLocked: #1
I/ActivityManager(  504): Delay finish: com.google.android.partnersetup/.AppInstalledReceiver
I/ActivityManager(  504): Resuming delayed broadcast
I/ActivityManager(  504): Delay finish: com.android.musicfx/.Compatibility$Receiver
I/ActivityManager(  504): Resuming delayed broadcast
I/ActivityManager(  504): Delay finish: com.google.android.apps.plus/.service.PackagesMediaMonitor
I/ActivityManager(  504): Resuming delayed broadcast
I/ActivityManager(  504): START u0 {flg=0x10800000 cmp=com.estrongs.android.pop/.app.InstallMonitorActivity (has extras)} from pid 21320
I/ActivityManager(  504): Waited long enough for: ServiceRecord{427a3f20 u0 com.facebook.katana/com.facebook.push.mqtt.service.MqttPushService}
I/PowerManagerService(  504): Waking up from sleep...
I/WindowManager(  504): Lock screen displayed!
I/ActivityManager(  504): Killing 22498:com.google.android.deskclock/u0a13 (adj 15): empty #17
W/UsbSettingsManager(  504): no meta-data for ResolveInfo{41f39748 com.estrongs.android.pop/.view.FileExplorerActivity m=0x108000}
W/ContextImpl(  504): Calling a method in the system process without a qualified user: android.app.ContextImpl.sendBroadcast:1123 com.android.server.usb.UsbSettingsManager.deviceAttached:621 com.android.server.usb.UsbHostManager.usbDeviceAdded:156 com.android.server.usb.UsbHostManager.monitorUsbHostBus:-2 com.android.server.usb.UsbHostManager.access$000:38 
I/ActivityManager(  504): START u0 {act=android.hardware.usb.action.USB_DEVICE_ATTACHED flg=0x10000000 cmp=us.aichisteel.ntsensor/.NTSensorActivity (has extras)} from pid 504
I/ActivityManager(  504): Start proc us.aichisteel.ntsensor for activity us.aichisteel.ntsensor/.NTSensorActivity: pid=23431 uid=10123 gids={50123}
W/ActivityManager(  504): Activity pause timeout for ActivityRecord{4249e690 u0 us.aichisteel.ntsensor/.NTSensorActivity t317}
W/InputMethodManagerService(  504): Window already focused, ignoring focus gain of: com.android.internal.view.IInputMethodClient$Stub$Proxy@4263af50 attribute=null, token = android.os.BinderProxy@42dcf360
W/InputMethodManagerService(  504): Window already focused, ignoring focus gain of: com.android.internal.view.IInputMethodClient$Stub$Proxy@427a74e8 attribute=null, token = android.os.BinderProxy@42dcf360
I/ActivityManager(  504): Killing 23246:com.android.keychain/1000 (adj 15): empty #17
W/InputMethodManagerService(  504): Window already focused, ignoring focus gain of: com.android.internal.view.IInputMethodClient$Stub$Proxy@4257a928 attribute=null, token = android.os.BinderProxy@430a2c58
D/ConnectivityService(  504): handleInetConditionHoldEnd: net=1, condition=100, published condition=100
D/ConnectivityService(  504): handleInetConditionHoldEnd: net=1, condition=100, published condition=100
I/PowerManagerService(  504): Going to sleep due to screen timeout...
I/ActivityManager(  504): Start proc com.google.android.deskclock for broadcast com.google.android.deskclock/com.android.alarmclock.DigitalAppWidgetProvider: pid=23770 uid=10013 gids={50013, 1028}
I/ActivityManager(  504): Killing 21477:com.google.android.gms.drive/u0a21 (adj 15): empty #17
D/ConnectivityService(  504): handleInetConditionHoldEnd: net=1, condition=100, published condition=100
D/ConnectivityService(  504): Sampling interval elapsed, updating statistics ..
D/ConnectivityService(  504): Done.
D/ConnectivityService(  504): Setting timer for 720seconds
D/ConnectivityService(  504): handleInetConditionHoldEnd: net=1, condition=100, published condition=100
D/ConnectivityService(  504): Sampling interval elapsed, updating statistics ..
D/ConnectivityService(  504): Done.
D/ConnectivityService(  504): Setting timer for 720seconds
D/ConnectivityService(  504): handleInetConditionHoldEnd: net=1, condition=0, published condition=100
D/ConnectivityService(  504): handleInetConditionHoldEnd: net=1, condition=100, published condition=0
I/ActivityManager(  504): Start proc com.google.android.apps.maps for service com.google.android.apps.maps/com.google.android.apps.gmm.prefetch.PrefetcherService: pid=25248 uid=10036 gids={50036, 3003, 1028, 1015}
W/ProcessCpuTracker(  504): Skipping unknown process pid 25244
W/ProcessCpuTracker(  504): Skipping unknown process pid 25261
W/ProcessCpuTracker(  504): Skipping unknown process pid 25277
I/ActivityManager(  504): Start proc com.google.android.tts for service com.google.android.tts/.service.GoogleTTSService: pid=25291 uid=10027 gids={50027, 3003, 1028, 1015}
W/ActivityThread(25248): ClassLoader.loadClass: The class loader returned by Thread.getContextClassLoader() may fail for processes that host multiple applications. You should explicitly specify a context class loader. For example: Thread.setContextClassLoader(getClass().getClassLoader());
I/ActivityManager(  504): Killing 20958:com.google.android.partnersetup/u0a25 (adj 15): empty #17
I/ActivityManager(  504): Killing 23263:com.facebook.katana:dash/u0a67 (adj 15): empty #18
D/ConnectivityService(  504): Sampling interval elapsed, updating statistics ..
D/ConnectivityService(  504): Done.
D/ConnectivityService(  504): Setting timer for 720seconds
V/BackupManagerService(  504): Running a backup pass
V/BackupManagerService(  504): clearing pending backups
V/PerformBackupTask(  504): Beginning backup of 1 targets
D/PerformBackupTask(  504): invokeAgentForBackup on @pm@
I/PerformBackupTask(  504): no backup data written; not calling transport
D/PerformBackupTask(  504): starting agent for backup of BackupRequest{pkg=android}
D/BackupManagerService(  504): awaiting agent for ApplicationInfo{42044ad8 android}
D/BackupManagerService(  504): agentConnected pkg=android agent=android.app.backup.BackupAgent$BackupServiceBinder@424e8268
I/BackupManagerService(  504): got agent android.app.backup.BackupAgent$BackupServiceBinder@424e8268
D/PerformBackupTask(  504): invokeAgentForBackup on android
I/PerformBackupTask(  504): no backup data written; not calling transport
I/PerformBackupTask(  504): Backup pass finished.
I/ActivityManager(  504): Start proc com.google.android.calendar for service com.google.android.calendar/com.google.android.syncadapters.calendar.CalendarSyncAdapterService: pid=25867 uid=10006 gids={50006, 3003}
I/ActivityManager(  504): Start proc com.android.providers.calendar for content provider com.android.providers.calendar/.CalendarProvider2: pid=25884 uid=10007 gids={50007, 3003, 1028, 1015}
D/BackupManagerService(  504): Now staging backup of android
I/ActivityManager(  504): Start proc com.google.android.gm for service com.google.android.gm/.provider.MailSyncAdapterService: pid=25925 uid=10020 gids={50020, 3003, 1028, 1015}
D/ActivityThread(25925): Loading provider com.android.gmail.ui: com.google.android.gm.provider.GmailProvider
I/ActivityManager(  504): Killing 21498:com.google.android.apps.docs/u0a95 (adj 15): empty #17
I/ActivityManager(  504): Start proc com.google.android.ears for service com.google.android.ears/.heard.EarsSyncAdapterService: pid=25958 uid=10022 gids={50022, 3003, 1028, 1015}
I/ActivityManager(  504): Killing 21673:com.ishihata_tech.android.mj2/u0a68 (adj 15): empty #17
I/ActivityManager(  504): Start proc com.google.android.music:main for service com.google.android.music/.sync.SyncAdapterService: pid=25989 uid=10038 gids={50038, 3003, 1028, 1015}
I/ActivityManager(  504): Killing 21446:com.android.musicfx/u0a39 (adj 15): empty #17
I/ActivityManager(  504): Start proc com.google.android.videos for service com.google.android.videos/.store.SyncService: pid=26012 uid=10056 gids={50056, 3003, 1028, 1015, 3002}
I/ActivityManager(  504): Killing 21881:com.google.android.apps.walletnfcrel/u0a59 (adj 15): empty #17
I/ActivityManager(  504): Killing 21899:com.google.android.apps.magazines/u0a35 (adj 15): empty #17
I/ActivityManager(  504): Killing 21422:com.android.defcontainer/u0a12 (adj 15): empty #17
I/ActivityManager(  504): Start proc com.google.android.keep for service com.google.android.keep/.syncadapter.KeepSyncAdapterService: pid=26086 uid=10075 gids={50075, 3003, 1028, 1015}
I/ActivityManager(  504): Start proc com.google.android.apps.docs for service com.google.android.apps.docs/.sync.syncadapter.DocsSyncAdapterService: pid=26098 uid=10095 gids={50095, 3003, 1028, 1015}
E/ActivityThread(26098): Failed to find provider info for com.google.android.apps.docs.editors.kix.statesyncer
E/ActivityThread(26098): Failed to find provider info for com.google.android.apps.docs.editors.trix.statesyncer
E/ActivityThread(26098): Failed to find provider info for com.google.android.apps.docs.editors.punch.statesyncer
E/ActivityThread(26098): Failed to find provider info for com.google.android.apps.docs.editors.drawings.statesyncer
I/ActivityManager(  504): Killing 21320:com.estrongs.android.pop/u0a46 (adj 15): empty #17
I/ActivityManager(  504): Killing 23431:us.aichisteel.ntsensor/u0a123 (adj 15): empty #17
W/ProcessCpuTracker(  504): Skipping unknown process pid 26179
W/ProcessCpuTracker(  504): Skipping unknown process pid 26180
W/ProcessCpuTracker(  504): Skipping unknown process pid 26181
W/ProcessCpuTracker(  504): Skipping unknown process pid 26182
W/ProcessCpuTracker(  504): Skipping unknown process pid 26183
W/ProcessCpuTracker(  504): Skipping unknown process pid 26184
W/ProcessCpuTracker(  504): Skipping unknown process pid 26185
W/ProcessCpuTracker(  504): Skipping unknown process pid 26186
W/ProcessCpuTracker(  504): Skipping unknown process pid 26187
W/ProcessCpuTracker(  504): Skipping unknown process pid 26188
D/ConnectivityService(  504): handleInetConditionHoldEnd: net=1, condition=0, published condition=100
D/ConnectivityService(  504): handleInetConditionHoldEnd: net=1, condition=100, published condition=0
D/ConnectivityService(  504): Sampling interval elapsed, updating statistics ..
D/ConnectivityService(  504): Done.
D/ConnectivityService(  504): Setting timer for 720seconds
D/ConnectivityService(  504): Sampling interval elapsed, updating statistics ..
D/ConnectivityService(  504): Done.
D/ConnectivityService(  504): Setting timer for 720seconds
D/ConnectivityService(  504): handleInetConditionHoldEnd: net=1, condition=0, published condition=100
D/ConnectivityService(  504): handleInetConditionHoldEnd: net=1, condition=100, published condition=0
E/ActivityThread(23176): Failed to find provider info for com.facebook.wakizashi.provider.MessagesForegroundProvider
E/ActivityThread(23176): Failed to find provider info for com.facebook.wakizashi.provider.MessagesForegroundProvider
D/ConnectivityService(  504): Sampling interval elapsed, updating statistics ..
D/ConnectivityService(  504): Done.
D/ConnectivityService(  504): Setting timer for 720seconds
E/ActivityThread(23176): Failed to find provider info for com.facebook.wakizashi.provider.MessagesForegroundProvider
D/ConnectivityService(  504): handleInetConditionHoldEnd: net=1, condition=0, published condition=100
D/ConnectivityService(  504): handleInetConditionHoldEnd: net=1, condition=100, published condition=0
E/ActivityThread(12762): Failed to find provider info for com.facebook.wakizashi.provider.MessagesForegroundProvider
E/ActivityThread(12762): Failed to find provider info for com.facebook.wakizashi.provider.MessagesForegroundProvider
E/ActivityThread(12762): Failed to find provider info for com.facebook.wakizashi.provider.MessagesForegroundProvider
I/ActivityManager(  504): Waited long enough for: ServiceRecord{42fc59f8 u0 com.facebook.orca/.chatheads.service.ChatHeadService}
D/ConnectivityService(  504): Sampling interval elapsed, updating statistics ..
D/ConnectivityService(  504): Done.
D/ConnectivityService(  504): Setting timer for 720seconds
W/ActivityThread(18591): ClassLoader.loadClass: The class loader returned by Thread.getContextClassLoader() may fail for processes that host multiple applications. You should explicitly specify a context class loader. For example: Thread.setContextClassLoader(getClass().getClassLoader());
I/ActivityManager(  504): Start proc com.android.defcontainer for service com.android.defcontainer/.DefaultContainerService: pid=28246 uid=10012 gids={50012, 1028, 1015, 1023, 2001}
W/ActivityManager(  504): No content provider found for permission revoke: file:///data/data/com.android.vending/cache/patches/com.dragonflow1296068083.apk
W/ActivityManager(  504): No content provider found for permission revoke: file:///data/data/com.android.vending/cache/patches/com.dragonflow1296068083.apk
I/PackageManager(  504): Copying native libraries to /data/app-lib/vmdl1960491163
W/PackageParser(  504): No actions in intent filter at /data/app/vmdl1960491163.tmp Binary XML file line #174
W/PackageParser(  504): No actions in intent filter at /data/app/vmdl1960491163.tmp Binary XML file line #177
I/ActivityManager(  504): Force stopping com.dragonflow appid=10115 user=-1: uninstall pkg
I/PackageManager(  504): Package com.dragonflow codePath changed from /data/app/com.dragonflow-1.apk to /data/app/com.dragonflow-2.apk; Retaining data and using new
I/ActivityManager(  504): Force stopping com.dragonflow appid=10115 user=-1: update pkg
W/PackageManager(  504): Code path for pkg : com.dragonflow changing from /data/app/com.dragonflow-1.apk to /data/app/com.dragonflow-2.apk
W/PackageManager(  504): Resource path for pkg : com.dragonflow changing from /data/app/com.dragonflow-1.apk to /data/app/com.dragonflow-2.apk
W/PackageManager(  504): Not granting permission android.permission.ACCESS_CHECKIN_PROPERTIES to package com.dragonflow (protectionLevel=18 flags=0xbe44)
W/PackageManager(  504): Not granting permission android.permission.CHANGE_CONFIGURATION to package com.dragonflow (protectionLevel=50 flags=0xbe44)
W/PackageManager(  504): Unknown permission android.permission.WRITE_OWNER_DATA in package com.dragonflow
I/ActivityManager(  504): Force stopping com.dragonflow appid=10115 user=0: pkg removed
I/ActivityManager(  504): Killing 25248:com.google.android.apps.maps/u0a36 (adj 15): empty #17
I/ActivityManager(  504): Start proc com.android.musicfx for broadcast com.android.musicfx/.Compatibility$Receiver: pid=28382 uid=10039 gids={50039, 3003, 3002}
I/ActivityManager(  504): Start proc com.android.keychain for broadcast com.android.keychain/.KeyChainBroadcastReceiver: pid=28396 uid=1000 gids={41000, 1028, 1015, 3002, 3001, 3003}
W/ContextImpl(28396): Calling a method in the system process without a qualified user: android.app.ContextImpl.startService:1479 android.content.ContextWrapper.startService:494 android.content.ContextWrapper.startService:494 com.android.keychain.KeyChainBroadcastReceiver.onReceive:12 android.app.ActivityThread.handleReceiver:2419 
I/ActivityManager(  504): Killing 25291:com.google.android.tts/u0a27 (adj 15): empty #17
I/ActivityManager(  504): Start proc com.google.android.gms.drive for broadcast com.google.android.gms/.drive.api.DriveSystemBroadcastReceiver: pid=28410 uid=10021 gids={50021, 3003, 1007, 1028, 1015, 3002, 3001, 3007, 2001, 3006}
I/ActivityManager(  504): Killing 21270:com.google.android.gallery3d/u0a19 (adj 15): empty #17
I/ActivityManager(  504): Killing 25958:com.google.android.ears/u0a22 (adj 15): empty #17
I/ActivityManager(  504): Start proc com.facebook.katana:dash for broadcast com.facebook.katana/com.facebook.dash.receivers.DashPackageUninstallReceiver: pid=28434 uid=10067 gids={50067, 1028, 1015, 3003}
I/ActivityManager(  504): Start proc com.google.android.partnersetup for content provider com.google.android.partnersetup/.RlzAppProvider: pid=28448 uid=10025 gids={50025, 3003}
D/BackupManagerService(  504): Received broadcast Intent { act=android.intent.action.PACKAGE_REMOVED dat=package:com.dragonflow flg=0x4000010 (has extras) }
D/BackupManagerService(  504): Received broadcast Intent { act=android.intent.action.PACKAGE_ADDED dat=package:com.dragonflow flg=0x4000010 (has extras) }
V/BackupManagerService(  504): removePackageParticipantsLocked: uid=10115 #1
V/BackupManagerService(  504): addPackageParticipantsLocked: #1
I/ActivityManager(  504): Killing 26012:com.google.android.videos/u0a56 (adj 15): empty #17
I/ActivityManager(  504): Delay finish: com.google.android.partnersetup/.AppInstalledReceiver
I/ActivityManager(  504): Resuming delayed broadcast
I/ActivityManager(  504): Delay finish: com.android.musicfx/.Compatibility$Receiver
I/ActivityManager(  504): Resuming delayed broadcast
I/ActivityManager(  504): Delay finish: com.google.android.apps.plus/.service.PackagesMediaMonitor
I/ActivityManager(  504): Resuming delayed broadcast
I/ActivityManager(  504): Delay finish: com.google.android.apps.plus/.service.PackageAddedReceiver
I/ActivityManager(  504): Resuming delayed broadcast
I/ActivityManager(  504): Start proc com.ishihata_tech.android.mj2 for broadcast com.ishihata_tech.android.mj2/jp.basicinc.gamefeat.android.sdk.receiver.GameFeatBroadcastReceiver: pid=28502 uid=10068 gids={50068, 3003}
W/BroadcastQueue(  504): Permission Denial: broadcasting Intent { act=android.net.conn.INET_CONDITION_ACTION flg=0x4000010 (has extras) } from null (pid=-1, uid=-1) requires com.facebook.permission.prod.FB_APP_COMMUNICATION due to registered receiver BroadcastFilter{42e20bb0 u0 ReceiverList{425fa470 28434 com.facebook.katana:dash/10067/u0 remote:431fd350}}
W/BroadcastQueue(  504): Permission Denial: broadcasting Intent { act=android.net.conn.CONNECTIVITY_CHANGE flg=0x4000010 (has extras) } from null (pid=-1, uid=-1) requires com.facebook.permission.prod.FB_APP_COMMUNICATION due to registered receiver BroadcastFilter{42e20bb0 u0 ReceiverList{425fa470 28434 com.facebook.katana:dash/10067/u0 remote:431fd350}}
W/BroadcastQueue(  504): Permission Denial: broadcasting Intent { act=android.net.conn.CONNECTIVITY_CHANGE flg=0x4000010 (has extras) } from null (pid=-1, uid=-1) requires com.facebook.permission.prod.FB_APP_COMMUNICATION due to registered receiver BroadcastFilter{42def7f0 u0 ReceiverList{425c1270 28434 com.facebook.katana:dash/10067/u0 remote:42b583d8}}
I/ActivityManager(  504): Killing 26086:com.google.android.keep/u0a75 (adj 15): empty #17
I/ActivityManager(  504): Killing 25884:com.android.providers.calendar/u0a7 (adj 15): empty #17
I/ActivityManager(  504): Start proc com.estrongs.android.pop for broadcast com.estrongs.android.pop/.app.InstallMonitorReceiver: pid=28673 uid=10046 gids={50046, 3003, 3002, 3001, 1028, 1015}
I/ActivityManager(  504): START u0 {flg=0x10800000 cmp=com.estrongs.android.pop/.app.InstallMonitorActivity (has extras)} from pid 28673
I/ActivityManager(  504): Start proc com.google.android.apps.walletnfcrel for broadcast com.google.android.apps.walletnfcrel/com.google.android.apps.wallet.services.maintenance.OnBootOrUpgradeReceiver: pid=28707 uid=10059 gids={50059, 3003, 1028}
W/ActivityManager(  504): Activity pause timeout for ActivityRecord{41f10008 u0 com.android.chrome/com.google.android.apps.chrome.Main t292}
I/ActivityManager(  504): Killing 25867:com.google.android.calendar/u0a6 (adj 15): empty #17
I/ActivityManager(  504): Killing 25989:com.google.android.music:main/u0a38 (adj 15): empty #17
I/ActivityManager(  504): Start proc com.google.android.apps.magazines for broadcast com.google.android.apps.magazines/com.google.apps.dots.android.app.receiver.FirstInstallNotificationReceiver: pid=28731 uid=10035 gids={50035, 3003, 1028, 1015}
I/ActivityManager(  504): Killing 25925:com.google.android.gm/u0a20 (adj 15): empty #17
D/ConnectivityService(  504): handleInetConditionHoldEnd: net=1, condition=100, published condition=100
W/ActivityManager(  504): No content provider found for permission revoke: file:///data/data/com.android.vending/cache/patches/com.facebook.katana916808848.apk
W/ActivityManager(  504): No content provider found for permission revoke: file:///data/data/com.android.vending/cache/patches/com.facebook.katana916808848.apk
I/PackageManager(  504): Copying native libraries to /data/app-lib/vmdl1434221948
W/PackageParser(  504): Unknown element under <application>: enable-feature at /data/app/vmdl1434221948.tmp Binary XML file line #131
I/ActivityManager(  504): Force stopping com.facebook.katana appid=10067 user=-1: uninstall pkg
I/ActivityManager(  504): Killing 23176:com.facebook.katana/u0a67 (adj 8): stop com.facebook.katana
I/ActivityManager(  504): Killing 28434:com.facebook.katana:dash/u0a67 (adj 15): stop com.facebook.katana
I/ActivityManager(  504):   Force stopping service ServiceRecord{427a3f20 u0 com.facebook.katana/com.facebook.push.mqtt.service.MqttPushService}
I/PackageManager(  504): Package com.facebook.katana codePath changed from /data/app/com.facebook.katana-2.apk to /data/app/com.facebook.katana-1.apk; Retaining data and using new
W/ProcessCpuTracker(  504): Skipping unknown process pid 28908
W/ProcessCpuTracker(  504): Skipping unknown process pid 28911
W/ProcessCpuTracker(  504): Skipping unknown process pid 28912
W/PackageManager(  504): Code path for pkg : com.facebook.katana changing from /data/app/com.facebook.katana-2.apk to /data/app/com.facebook.katana-1.apk
I/ActivityManager(  504): Force stopping com.facebook.katana appid=10067 user=-1: update pkg
W/PackageManager(  504): Resource path for pkg : com.facebook.katana changing from /data/app/com.facebook.katana-2.apk to /data/app/com.facebook.katana-1.apk
W/PackageManager(  504): Unknown permission com.android.smspush.WAPPUSH_MANAGER_BIND in package com.android.phone
W/PackageManager(  504): Unknown permission com.android.nfc.permission.NFCEE_ADMIN in package com.google.android.apps.walletnfcrel
W/PackageManager(  504): Unknown permission com.android.vending.billing.IBillingAccountService.BIND2 in package com.google.android.gsf.login
W/PackageManager(  504): Unknown permission com.android.gallery3d.permission.GALLERY_PROVIDER in package com.android.bluetooth
W/PackageManager(  504): Unknown permission android.permission.MMS_SEND_OUTBOX_MSG in package com.android.bluetooth
W/PackageManager(  504): Not granting permission android.permission.BROADCAST_PACKAGE_REMOVED to package com.google.android.marvin.talkback (protectionLevel=2 flags=0xc9bec5)
W/PackageManager(  504): Not granting permission android.permission.DEVICE_POWER to package com.google.android.deskclock (protectionLevel=2 flags=0xc8be45)
W/PackageManager(  504): Unknown permission android.permission.RECOVERY in package com.google.android.gms
W/PackageManager(  504): Not granting permission android.permission.READ_DREAM_STATE to package com.google.android.gms (protectionLevel=2 flags=0xc83ec5)
W/PackageManager(  504): Not granting permission android.permission.CAPTURE_AUDIO_HOTWORD to package com.google.android.gms (protectionLevel=18 flags=0xc83ec5)
W/PackageManager(  504): Not granting permission android.permission.READ_FRAME_BUFFER to package com.google.android.gms (protectionLevel=18 flags=0xc83ec5)
W/PackageManager(  504): Unknown permission com.google.android.wearable.READ_SETTINGS in package com.google.android.gms
W/PackageManager(  504): Unknown permission android.permission.READ_OWNER_DATA in package com.google.android.setupwizard
W/PackageManager(  504): Unknown permission android.permission.WRITE_OWNER_DATA in package com.google.android.setupwizard
W/PackageManager(  504): Unknown permission com.amazon.dcp.sso.permission.AMAZON_ACCOUNT_PROPERTY in package com.amazon.kindle
W/PackageManager(  504): Unknown permission com.amazon.dcp.metrics.permission.METRICS_PERMISSION in package com.amazon.kindle
W/PackageManager(  504): Unknown permission com.amazon.dcp.config.permission.DYN_CONFIG_VALUES_UPDATED in package com.amazon.kindle
W/PackageManager(  504): Unknown permission com.amazon.dcp.settings.permission.READ_SETTINGS in package com.amazon.kindle
W/PackageManager(  504): Unknown permission com.amazon.identity.permission.GENERIC_IPC in package com.amazon.kindle
W/PackageManager(  504): Unknown permission com.amazon.dcp.sso.permission.USE_DEVICE_CREDENTIALS in package com.amazon.kindle
W/PackageManager(  504): Unknown permission com.amazon.dcp.sso.permission.EXPIRE_ACCESS_TOKEN in package com.amazon.kindle
W/PackageManager(  504): Unknown permission com.amazon.dcp.sso.permission.MANAGE_COR_PFM in package com.amazon.kindle
W/PackageManager(  504): Unknown permission com.amazon.dcp.sso.permission.CUSTOMER_ATTRIBUTE_SERVICE in package com.amazon.kindle
W/PackageManager(  504): Unknown permission amazon.permission.COLLECT_METRICS in package com.amazon.kindle
W/PackageManager(  504): Unknown permission com.google.android.voicesearch.SHORTCUTS_ACCESS in package com.google.android.googlequicksearchbox
W/PackageManager(  504): Unknown permission com.google.android.voicesearch.ACCESS_SETTINGS in package com.google.android.googlequicksearchbox
W/PackageManager(  504): Unknown permission com.android.browser.permission.PRELOAD in package com.google.android.googlequicksearchbox
W/PackageManager(  504): Not granting permission android.permission.MEDIA_CONTENT_CONTROL to package com.google.android.googlequicksearchbox (protectionLevel=18 flags=0xdbbec5)
W/PackageManager(  504): Unknown permission com.google.android.apps.googlevoice.permission.AUTO_SEND in package com.google.android.googlequicksearchbox
W/PackageManager(  504): Not granting permission android.permission.STOP_APP_SWITCHES to package com.google.android.googlequicksearchbox (protectionLevel=18 flags=0xdbbec5)
W/PackageManager(  504): Unknown permission com.google.android.launcher.permission.CONTENT_REDIRECT in package com.google.android.googlequicksearchbox
W/PackageManager(  504): Unknown permission android.permission.WRITE_SYNC_STATS in package com.google.android.apps.docs
W/PackageManager(  504): Not granting permission android.permission.ACCESS_CHECKIN_PROPERTIES to package com.dragonflow (protectionLevel=18 flags=0x80be44)
W/PackageManager(  504): Not granting permission android.permission.CHANGE_CONFIGURATION to package com.dragonflow (protectionLevel=50 flags=0x80be44)
W/PackageManager(  504): Unknown permission android.permission.WRITE_OWNER_DATA in package com.dragonflow
W/PackageManager(  504): Unknown permission android.permission.READ_INTERNAL_STORAGE in package tunein.player
W/PackageManager(  504): Unknown permission android.permission.WRITE_INTERNAL_STORAGE in package tunein.player
W/PackageManager(  504): Not granting permission android.permission.CHANGE_CONFIGURATION to package com.enlightment.screenshot (protectionLevel=50 flags=0x88be44)
W/PackageManager(  504): Unknown permission android.permission.Access_PHONE_STATE in package com.diamonds.metal_app
W/PackageManager(  504): Unknown permission com.sec.android.provider.badge.permission.READ in package com.facebook.orca
W/PackageManager(  504): Unknown permission com.sec.android.provider.badge.permission.WRITE in package com.facebook.orca
W/PackageManager(  504): Unknown permission com.htc.launcher.permission.READ_SETTINGS in package com.facebook.orca
W/PackageManager(  504): Unknown permission com.htc.launcher.permission.UPDATE_SHORTCUT in package com.facebook.orca
W/PackageManager(  504): Unknown permission com.sonyericsson.home.permission.BROADCAST_BADGE in package com.facebook.orca
W/PackageManager(  504): Unknown permission com.facebook.home.permission.WRITE_BADGES in package com.facebook.orca
W/PackageManager(  504): Unknown permission com.nokia.pushnotifications.permission.RECEIVE in package com.facebook.orca
W/PackageManager(  504): Not granting permission android.permission.SEND_DOWNLOAD_COMPLETED_INTENTS to package com.android.vending (protectionLevel=2 flags=0x8abec5)
W/PackageManager(  504): Not granting permission android.permission.FORCE_STOP_PACKAGES to package com.android.vending (protectionLevel=2 flags=0x8abec5)
W/PackageManager(  504): Not granting permission android.permission.READ_LOGS to package mahmed.net.synctuneswirelessfree (protectionLevel=50 flags=0x88be44)
W/PackageManager(  504): Not granting permission android.permission.BIND_WALLPAPER to package com.google.android.GoogleCamera (protectionLevel=18 flags=0xd8bc45)
W/PackageManager(  504): Not granting permission android.permission.WRITE_MEDIA_STORAGE to package com.estrongs.android.pop (protectionLevel=18 flags=0xc8be44)
W/PackageManager(  504): Unknown permission android.permission.ACCESS_SUPERUSER in package com.estrongs.android.pop
W/PackageManager(  504): Unknown permission .PERMISSION in package com.estrongs.android.pop
W/PackageManager(  504): Not granting permission android.permission.MANAGE_DOCUMENTS to package com.google.android.youtube (protectionLevel=18 flags=0x98bec5)
W/PackageManager(  504): Unknown permission android.permission.ACCESS_COARSE_UPDATES in package com.antivirus
W/PackageManager(  504): Not granting permission android.permission.BATTERY_STATS to package com.antivirus (protectionLevel=18 flags=0x88be44)
W/PackageManager(  504): Not granting permission android.permission.MOUNT_FORMAT_FILESYSTEMS to package com.antivirus (protectionLevel=18 flags=0x88be44)
W/PackageManager(  504): Not granting permission android.permission.MOUNT_UNMOUNT_FILESYSTEMS to package com.antivirus (protectionLevel=18 flags=0x88be44)
W/PackageManager(  504): Not granting permission android.permission.READ_LOGS to package com.antivirus (protectionLevel=50 flags=0x88be44)
W/PackageManager(  504): Unknown permission android.permission.WRITE_OWNER_DATA in package com.antivirus
W/PackageManager(  504): Unknown permission com.sec.android.provider.logsprovider.permission.READ_LOGS in package com.antivirus
W/PackageManager(  504): Unknown permission com.sec.android.provider.logsprovider.permission.WRITE_LOGS in package com.antivirus
W/PackageManager(  504): Unknown permission com.htc.launcher.permission.WRITE_SETTINGS in package com.antivirus
W/PackageManager(  504): Unknown permission com.sonyericsson.homescreen.permission.READ_SETTINGS in package com.antivirus
W/PackageManager(  504): Unknown permission com.sonyericsson.homescreen.permission.WRITE_SETTINGS in package com.antivirus
W/PackageManager(  504): Not granting permission android.permission.READ_DREAM_STATE to package com.google.android.gsf (protectionLevel=2 flags=0x40883e45)
W/PackageManager(  504): Unknown permission com.chrome.permission.DEVICE_EXTRAS in package com.android.chrome
W/PackageManager(  504): Unknown permission com.sec.enterprise.knox.MDM_CONTENT_PROVIDER in package com.android.chrome
W/PackageManager(  504): Unknown permission com.facebook.pages.app.provider.ACCESS in package com.facebook.katana
W/PackageManager(  504): Not granting permission android.permission.BATTERY_STATS to package com.facebook.katana (protectionLevel=18 flags=0x8be44)
W/PackageManager(  504): Unknown permission com.sec.android.provider.badge.permission.READ in package com.facebook.katana
W/PackageManager(  504): Unknown permission com.sec.android.provider.badge.permission.WRITE in package com.facebook.katana
W/PackageManager(  504): Unknown permission com.htc.launcher.permission.READ_SETTINGS in package com.facebook.katana
W/PackageManager(  504): Unknown permission com.htc.launcher.permission.UPDATE_SHORTCUT in package com.facebook.katana
W/PackageManager(  504): Unknown permission com.sonyericsson.home.permission.BROADCAST_BADGE in package com.facebook.katana
W/PackageManager(  504): Unknown permission com.facebook.home.permission.WRITE_BADGES in package com.facebook.katana
W/PackageManager(  504): Unknown permission com.nokia.pushnotifications.permission.RECEIVE in package com.facebook.katana
W/PackageManager(  504): Unknown permission com.amazon.device.messaging.permission.RECEIVE in package com.facebook.katana
I/ActivityManager(  504): Force stopping com.facebook.katana appid=10067 user=0: pkg removed
W/ContextImpl(28396): Calling a method in the system process without a qualified user: android.app.ContextImpl.startService:1479 android.content.ContextWrapper.startService:494 android.content.ContextWrapper.startService:494 com.android.keychain.KeyChainBroadcastReceiver.onReceive:12 android.app.ActivityThread.handleReceiver:2419 
I/ActivityManager(  504): Start proc com.facebook.katana:dash for broadcast com.facebook.katana/com.facebook.dash.receivers.DashPackageUninstallReceiver: pid=28971 uid=10067 gids={50067, 1028, 1015, 3003}
I/ActivityManager(  504): Start proc com.google.android.apps.maps for service com.google.android.apps.maps/com.google.android.apps.gmm.prefetch.PrefetcherService: pid=28998 uid=10036 gids={50036, 3003, 1028, 1015}
W/ActivityThread(28998): ClassLoader.loadClass: The class loader returned by Thread.getContextClassLoader() may fail for processes that host multiple applications. You should explicitly specify a context class loader. For example: Thread.setContextClassLoader(getClass().getClassLoader());
D/BackupManagerService(  504): Received broadcast Intent { act=android.intent.action.PACKAGE_REMOVED dat=package:com.facebook.katana flg=0x4000010 (has extras) }
I/ActivityManager(  504): Start proc com.google.android.tts for service com.google.android.tts/.service.GoogleTTSService: pid=29039 uid=10027 gids={50027, 3003, 1028, 1015}
D/BackupManagerService(  504): Received broadcast Intent { act=android.intent.action.PACKAGE_ADDED dat=package:com.facebook.katana flg=0x4000010 (has extras) }
V/BackupManagerService(  504): removePackageParticipantsLocked: uid=10067 #1
V/BackupManagerService(  504): addPackageParticipantsLocked: #1
I/ActivityManager(  504): Killing 23770:com.google.android.deskclock/u0a13 (adj 15): empty #17
I/ActivityManager(  504): Start proc com.facebook.katana for content provider com.facebook.katana/.provider.orca.FbSharedPreferencesContentProvider: pid=29093 uid=10067 gids={50067, 1028, 1015, 3003}
I/ActivityManager(  504): Killing 28502:com.ishihata_tech.android.mj2/u0a68 (adj 15): empty #17
I/ActivityManager(  504): Killing 28707:com.google.android.apps.walletnfcrel/u0a59 (adj 15): empty #17
I/ActivityManager(  504): Start proc com.ishihata_tech.android.mj2 for broadcast com.ishihata_tech.android.mj2/jp.basicinc.gamefeat.android.sdk.receiver.GameFeatBroadcastReceiver: pid=29114 uid=10068 gids={50068, 3003}
I/ActivityManager(  504): START u0 {flg=0x10800000 cmp=com.estrongs.android.pop/.app.InstallMonitorActivity (has extras)} from pid 28673
I/ActivityManager(  504): Start proc com.google.android.apps.walletnfcrel for broadcast com.google.android.apps.walletnfcrel/com.google.android.apps.wallet.services.maintenance.OnBootOrUpgradeReceiver: pid=29294 uid=10059 gids={50059, 3003, 1028}
W/ActivityManager(  504): Activity pause timeout for ActivityRecord{41f10008 u0 com.android.chrome/com.google.android.apps.chrome.Main t292}
I/ActivityManager(  504): Killing 28731:com.google.android.apps.magazines/u0a35 (adj 15): empty #17
W/BroadcastQueue(  504): Permission Denial: broadcasting Intent { act=android.net.conn.INET_CONDITION_ACTION flg=0x4000010 (has extras) } from null (pid=-1, uid=-1) requires com.facebook.permission.prod.FB_APP_COMMUNICATION due to registered receiver BroadcastFilter{41ed44f8 u0 ReceiverList{4377d860 28971 com.facebook.katana:dash/10067/u0 remote:4377d6a8}}
W/BroadcastQueue(  504): Permission Denial: broadcasting Intent { act=android.net.conn.CONNECTIVITY_CHANGE flg=0x4000010 (has extras) } from null (pid=-1, uid=-1) requires com.facebook.permission.prod.FB_APP_COMMUNICATION due to registered receiver BroadcastFilter{41ed44f8 u0 ReceiverList{4377d860 28971 com.facebook.katana:dash/10067/u0 remote:4377d6a8}}
W/BroadcastQueue(  504): Permission Denial: broadcasting Intent { act=android.net.conn.CONNECTIVITY_CHANGE flg=0x4000010 (has extras) } from null (pid=-1, uid=-1) requires com.facebook.permission.prod.FB_APP_COMMUNICATION due to registered receiver BroadcastFilter{42f58b00 u0 ReceiverList{4377e130 28971 com.facebook.katana:dash/10067/u0 remote:4377dee8}}
I/ActivityManager(  504): Killing 18591:android.process.media/u0a14 (adj 15): empty #17
I/ActivityManager(  504): Start proc com.google.android.apps.magazines for broadcast com.google.android.apps.magazines/com.google.apps.dots.android.app.receiver.FirstInstallNotificationReceiver: pid=29316 uid=10035 gids={50035, 3003, 1028, 1015}
I/ActivityManager(  504): Start proc com.facebook.katana:dash_service for broadcast com.facebook.katana/com.facebook.keyguardservice.KeyguardServiceBooter: pid=29366 uid=10067 gids={50067, 1028, 1015, 3003}
I/ActivityManager(  504): Killing 28246:com.android.defcontainer/u0a12 (adj 15): empty #17
W/BroadcastQueue(  504): Permission Denial: broadcasting Intent { act=android.net.conn.INET_CONDITION_ACTION flg=0x4000010 (has extras) } from null (pid=-1, uid=-1) requires com.facebook.permission.prod.FB_APP_COMMUNICATION due to registered receiver BroadcastFilter{43211660 u0 ReceiverList{42e2aaf8 29093 com.facebook.katana/10067/u0 remote:42b55f78}}
W/BroadcastQueue(  504): Permission Denial: broadcasting Intent { act=android.net.conn.CONNECTIVITY_CHANGE flg=0x4000010 (has extras) } from null (pid=-1, uid=-1) requires com.facebook.permission.prod.FB_APP_COMMUNICATION due to registered receiver BroadcastFilter{43211660 u0 ReceiverList{42e2aaf8 29093 com.facebook.katana/10067/u0 remote:42b55f78}}
W/BroadcastQueue(  504): Permission Denial: broadcasting Intent { act=android.net.conn.CONNECTIVITY_CHANGE flg=0x4000010 (has extras) } from null (pid=-1, uid=-1) requires com.facebook.permission.prod.FB_APP_COMMUNICATION due to registered receiver BroadcastFilter{430dba68 u0 ReceiverList{42e1cff0 29093 com.facebook.katana/10067/u0 remote:42974270}}
W/BroadcastQueue(  504): Permission Denial: broadcasting Intent { act=android.net.conn.CONNECTIVITY_CHANGE flg=0x4000010 (has extras) } from null (pid=-1, uid=-1) requires com.facebook.permission.prod.FB_APP_COMMUNICATION due to registered receiver BroadcastFilter{42608de8 u0 ReceiverList{425c6cc0 29093 com.facebook.katana/10067/u0 remote:420108e8}}
I/ActivityManager(  504): Delay finish: com.facebook.katana/com.facebook.keyguardservice.KeyguardServiceBooter
I/ActivityManager(  504): Resuming delayed broadcast
W/BroadcastQueue(  504): Permission Denial: broadcasting Intent { act=android.net.conn.INET_CONDITION_ACTION flg=0x4000010 (has extras) } from null (pid=-1, uid=-1) requires com.facebook.permission.prod.FB_APP_COMMUNICATION due to registered receiver BroadcastFilter{4217ac10 u0 ReceiverList{42412b50 29366 com.facebook.katana:dash_service/10067/u0 remote:43790088}}
W/BroadcastQueue(  504): Permission Denial: broadcasting Intent { act=android.net.conn.CONNECTIVITY_CHANGE flg=0x4000010 (has extras) } from null (pid=-1, uid=-1) requires com.facebook.permission.prod.FB_APP_COMMUNICATION due to registered receiver BroadcastFilter{4217ac10 u0 ReceiverList{42412b50 29366 com.facebook.katana:dash_service/10067/u0 remote:43790088}}
W/BroadcastQueue(  504): Permission Denial: broadcasting Intent { act=android.net.conn.CONNECTIVITY_CHANGE flg=0x4000010 (has extras) } from null (pid=-1, uid=-1) requires com.facebook.permission.prod.FB_APP_COMMUNICATION due to registered receiver BroadcastFilter{4212dfa8 u0 ReceiverList{4240bf48 29366 com.facebook.katana:dash_service/10067/u0 remote:437905f0}}
I/ActivityManager(  504): Start proc com.google.android.deskclock for broadcast com.google.android.deskclock/com.android.alarmclock.DigitalAppWidgetProvider: pid=29575 uid=10013 gids={50013, 1028}
I/ActivityManager(  504): Killing 28396:com.android.keychain/1000 (adj 15): empty #17
D/ConnectivityService(  504): Sampling interval elapsed, updating statistics ..
D/ConnectivityService(  504): Done.
D/ConnectivityService(  504): Setting timer for 720seconds
V/BackupManagerService(  504): Running a backup pass
V/BackupManagerService(  504): clearing pending backups
V/PerformBackupTask(  504): Beginning backup of 1 targets
D/PerformBackupTask(  504): invokeAgentForBackup on @pm@
I/PerformBackupTask(  504): no backup data written; not calling transport
D/PerformBackupTask(  504): starting agent for backup of BackupRequest{pkg=android}
D/BackupManagerService(  504): awaiting agent for ApplicationInfo{42044ad8 android}
D/BackupManagerService(  504): agentConnected pkg=android agent=android.app.backup.BackupAgent$BackupServiceBinder@425d94d0
I/BackupManagerService(  504): got agent android.app.backup.BackupAgent$BackupServiceBinder@425d94d0
D/PerformBackupTask(  504): invokeAgentForBackup on android
I/PerformBackupTask(  504): no backup data written; not calling transport
I/PerformBackupTask(  504): Backup pass finished.
D/ConnectivityService(  504): handleInetConditionHoldEnd: net=1, condition=0, published condition=100
D/ConnectivityService(  504): handleInetConditionHoldEnd: net=1, condition=100, published condition=0
I/ProcessStatsService(  504): Prepared write state in 15ms
D/ConnectivityService(  504): Sampling interval elapsed, updating statistics ..
D/ConnectivityService(  504): Done.
D/ConnectivityService(  504): Setting timer for 720seconds
E/ActivityThread(12762): Failed to find provider info for com.facebook.wakizashi.provider.MessagesForegroundProvider
D/ConnectivityService(  504): handleInetConditionHoldEnd: net=1, condition=100, published condition=100
I/PowerManagerService(  504): Waking up from sleep...
I/WindowManager(  504): Lock screen displayed!
W/InputMethodManagerService(  504): Window already focused, ignoring focus gain of: com.android.internal.view.IInputMethodClient$Stub$Proxy@42767ce0 attribute=android.view.inputmethod.EditorInfo@42778f80, token = android.os.BinderProxy@430a2c58
I/ActivityManager(  504): START u0 {act=android.intent.action.MAIN cat=[android.intent.category.HOME] flg=0x10200000 cmp=com.android.launcher/com.android.launcher2.Launcher} from pid 504
I/ActivityManager(  504): START u0 {act=android.intent.action.MAIN cat=[android.intent.category.LAUNCHER] flg=0x10200000 cmp=us.aichisteel.ntsensor/.NTSensorActivity bnds=[528,435][656,563]} from pid 767
D/BackupManagerService(  504): Now staging backup of android
I/ActivityManager(  504): Start proc us.aichisteel.ntsensor for activity us.aichisteel.ntsensor/.NTSensorActivity: pid=31041 uid=10123 gids={50123}
D/ConnectivityService(  504): handleInetConditionHoldEnd: net=1, condition=100, published condition=100
