W/msgr(:<default>):l(12762): 	at com.facebook.contacts.protocol.a.i.a(FetchMessagingFavoritesMethod.java:63)
W/msgr(:<default>):l(12762): 	at com.facebook.contacts.protocol.a.i.a(FetchMessagingFavoritesMethod.java:34)
W/msgr(:<default>):l(12762): 	at com.facebook.http.protocol.aa.a(ApiResponseHandler.java:59)
W/msgr(:<default>):l(12762): 	at com.facebook.http.protocol.aa.handleResponse(ApiResponseHandler.java:31)
W/msgr(:<default>):l(12762): 	at com.facebook.http.b.s.a(FbHttpRequestProcessor.java:312)
W/msgr(:<default>):l(12762): 	at com.facebook.http.b.s.a(FbHttpRequestProcessor.java:142)
W/msgr(:<default>):l(12762): 	at com.facebook.http.b.s.b(FbHttpRequestProcessor.java:98)
W/msgr(:<default>):l(12762): 	at com.facebook.http.b.s.a(FbHttpRequestProcessor.java:228)
W/msgr(:<default>):l(12762): 	at com.facebook.http.protocol.bx.a(SingleMethodRunnerImpl.java:415)
W/msgr(:<default>):l(12762): 	at com.facebook.http.protocol.bx.a(SingleMethodRunnerImpl.java:170)
W/msgr(:<default>):l(12762): 	at com.facebook.http.protocol.b.a(AbstractSingleMethodRunner.java:18)
W/msgr(:<default>):l(12762): 	at com.facebook.contacts.service.b.f(ContactsServiceHandler.java:671)
W/msgr(:<default>):l(12762): 	at com.facebook.contacts.service.b.d(ContactsServiceHandler.java:534)
W/msgr(:<default>):l(12762): 	at com.facebook.contacts.service.b.a(ContactsServiceHandler.java:206)
W/msgr(:<default>):l(12762): 	at com.facebook.fbservice.service.l.e(BlueServiceQueue.java:345)
W/msgr(:<default>):l(12762): 	at com.facebook.fbservice.service.l.d(BlueServiceQueue.java:56)
W/msgr(:<default>):l(12762): 	at com.facebook.fbservice.service.o.run(BlueServiceQueue.java:265)
W/msgr(:<default>):l(12762): 	at java.util.concurrent.Executors$RunnableAdapter.call(Executors.java:422)
W/msgr(:<default>):l(12762): 	at java.util.concurrent.FutureTask.run(FutureTask.java:237)
W/msgr(:<default>):l(12762): 	at com.facebook.common.executors.av.run(ListenableScheduledFutureImpl.java:59)
W/msgr(:<default>):l(12762): 	at android.os.Handler.handleCallback(Handler.java:733)
W/msgr(:<default>):l(12762): 	at android.os.Handler.dispatchMessage(Handler.java:95)
W/msgr(:<default>):l(12762): 	at android.os.Looper.loop(Looper.java:136)
W/msgr(:<default>):l(12762): 	at android.os.HandlerThread.run(HandlerThread.java:61)
W/Settings(12762): Setting wifi_sleep_policy has moved from android.provider.Settings.System to android.provider.Settings.Global, returning read-only value.
W/msgr(:<default>):x(12762): Requested time interval of 1200000 ms should be increased to at least 3600000 ms for n
W/msgr(:<default>):x(12762): Requested time interval of 1200000 ms should be increased to at least 3600000 ms for n
D/dalvikvm(  916): GC_CONCURRENT freed 952K, 11% free 9424K/10544K, paused 2ms+3ms, total 31ms
D/libgps  (  504): proxy_gps_inject_location()
D/GCoreUlr(  916): Throttling analytics event: entity, location_received, 1
D/GCoreUlr(  916): Throttling analytics event: entity, wifi_received, 1
D/GCoreUlr(  916): Throttling analytics event: entity, wifi_attached, 1
D/GCoreUlr(  916): Throttling analytics event: entity, LocationRecordStore:save_attempt, 1
D/GCoreUlr(  916): Throttling analytics event: entity, LocationRecordStore:saved, 1
I/GCoreUlr(  916): Successfully inserted location
I/GCoreUlr(  916): Not calling LocationReportingService, hasMoved: false, elapsed millis: 124899, request: Tablet
I/jid     (  916): Not returning location for the following outliers: [57569247770, 670061934911]
D/dalvikvm(  916): GC_CONCURRENT freed 568K, 11% free 9413K/10488K, paused 3ms+2ms, total 41ms
D/libgps  (  504): proxy_gps_inject_location()
D/GCoreUlr(  916): Throttling analytics event: entity, location_received, 1
D/GCoreUlr(  916): Throttling analytics event: entity, wifi_received, 1
D/GCoreUlr(  916): Throttling analytics event: entity, LocationRecordStore:save_attempt, 1
D/GCoreUlr(  916): Throttling analytics event: entity, LocationRecordStore:saved, 1
I/GCoreUlr(  916): Successfully inserted location
I/GCoreUlr(  916): Not calling LocationReportingService, hasMoved: true, elapsed millis: 184969, request: Tablet
I/PowerManagerService(  504): Going to sleep due to screen timeout...
I/MPL-storeload(  504): mpl state size = 5584
E/MPL-storeload(  504): calData from inv_save_mpl_states, size=2
I/MPL-storeload(  504): cal data size to write = 5584
I/MPL-storeload(  504): Bytes written = 5584
D/SurfaceFlinger(  122): Screen released, type=0 flinger=0x41da4450
D/hwcomposer(  122): hwc_blank: display 0: blank
D/hwcomposer(  122): hwc_blank_display: display 0: [0 -> 1]
D/hwcomposer(  122): hwc_blank_display: releasing buffer 0x1e
D/hwcomposer(  122): dc_blank: display 0, [0 -> 1]
D/NfcService(31780): NFC-C OFF, disconnect
W/IdleConnectionHandler(12762): Removing a connection that never existed!
W/IdleConnectionHandler(12762): Removing a connection that never existed!
W/IdleConnectionHandler(29093): Removing a connection that never existed!
D/hwcomposer(  122): hotplug_thread: processing control fd
I/hwcomposer(  122): hotplug: connected = 0
V/KeyguardHostView(  584): Initial transport state: 0, pbstate=0
V/KeyguardHostView(  584): hide transport, gen:118
V/KeyguardHostView(  584): music state changed: 0
V/KeyguardHostView(  584): Initial transport state: 0, pbstate=0
V/KeyguardHostView(  584): hide transport, gen:118
V/KeyguardHostView(  584): music state changed: 0
D/hwcomposer(  122): hotplug_thread: processing control fd
I/hwcomposer(  122): hotplug: connected = 0
D/PhoneStatusBar(  584): disable: < expand icons alerts ticker system_info BACK* HOME* RECENT* CLOCK* search >
I/Choreographer(  584): Skipped 40 frames!  The application may be doing too much work on its main thread.
D/hwcomposer(  122): hotplug_thread: processing control fd
I/hwcomposer(  122): hotplug: connected = 0
D/hwcomposer(  122): hotplug_thread: processing control fd
I/hwcomposer(  122): hotplug: connected = 0
D/hwcomposer(  122): hotplug_thread: processing control fd
I/hwcomposer(  122): hotplug: connected = 0
D/hwcomposer(  122): hotplug_thread: processing control fd
I/hwcomposer(  122): hotplug: connected = 0
D/libgps  (  504): proxy_gps_inject_location()
D/GCoreUlr(  916): Throttling analytics event: entity, location_received, 1
D/GCoreUlr(  916): Throttling analytics event: entity, wifi_received, 1
D/GCoreUlr(  916): Throttling analytics event: entity, LocationRecordStore:save_attempt, 1
D/GCoreUlr(  916): Throttling analytics event: entity, LocationRecordStore:saved, 1
D/dalvikvm(  916): GC_CONCURRENT freed 396K, 10% free 9483K/10488K, paused 3ms+2ms, total 50ms
I/GCoreUlr(  916): Successfully inserted location
I/GCoreUlr(  916): Not calling LocationReportingService, hasMoved: true, elapsed millis: 251109, request: Tablet
I/MPL-storeload(  504): mpl state size = 5584
E/MPL-storeload(  504): calData from inv_save_mpl_states, size=2
I/MPL-storeload(  504): cal data size to write = 5584
I/MPL-storeload(  504): Bytes written = 5584
D/dalvikvm(  916): GC_FOR_ALLOC freed 374K, 11% free 9410K/10488K, paused 24ms, total 24ms
D/dalvikvm(  916): GC_CONCURRENT freed 286K, 8% free 9709K/10488K, paused 3ms+2ms, total 34ms
D/dalvikvm(  916): WAIT_FOR_CONCURRENT_GC blocked 29ms
D/GCoreUlr(  916): Throttling analytics event: entity, activity_received, 1
D/GCoreUlr(  916): Throttling analytics event: entity, DetectedActivityStore:save_attempt, 1
D/GCoreUlr(  916): Throttling analytics event: entity, DetectedActivityStore:saved, 1
D/hwcomposer(  122): hotplug_thread: processing control fd
I/hwcomposer(  122): hotplug: connected = 0
D/hwcomposer(  122): hotplug_thread: processing control fd
I/hwcomposer(  122): hotplug: connected = 0
D/hwcomposer(  122): hotplug_thread: processing control fd
I/hwcomposer(  122): hotplug: connected = 0
D/hwcomposer(  122): hotplug_thread: processing control fd
I/hwcomposer(  122): hotplug: connected = 0
D/hwcomposer(  122): hotplug_thread: processing control fd
I/hwcomposer(  122): hotplug: connected = 0
D/hwcomposer(  122): hotplug_thread: processing control fd
I/hwcomposer(  122): hotplug: connected = 0
D/hwcomposer(  122): hotplug_thread: processing control fd
I/hwcomposer(  122): hotplug: connected = 0
D/hwcomposer(  122): hotplug_thread: processing control fd
I/hwcomposer(  122): hotplug: connected = 0
D/hwcomposer(  122): hotplug_thread: processing control fd
I/hwcomposer(  122): hotplug: connected = 0
D/hwcomposer(  122): hotplug_thread: processing control fd
I/hwcomposer(  122): hotplug: connected = 0
I/jid     (  916): Not returning location for the following outliers: [57569247770]
D/dalvikvm(  504): GC_EXPLICIT freed 2847K, 43% free 25430K/43904K, paused 5ms+24ms, total 170ms
D/libgps  (  504): proxy_gps_inject_location()
D/GCoreUlr(  916): Throttling analytics event: entity, location_received, 1
D/GCoreUlr(  916): Throttling analytics event: entity, wifi_received, 1
D/GCoreUlr(  916): Throttling analytics event: entity, wifi_attached, 1
D/GCoreUlr(  916): Throttling analytics event: entity, LocationRecordStore:save_attempt, 1
D/GCoreUlr(  916): Throttling analytics event: entity, LocationRecordStore:saved, 1
I/GCoreUlr(  916): Successfully inserted location
I/GCoreUlr(  916): Not calling LocationReportingService, hasMoved: true, elapsed millis: 330608, request: Tablet
D/ConnectivityService(  504): Sampling interval elapsed, updating statistics ..
D/ConnectivityService(  504): Done.
D/ConnectivityService(  504): Setting timer for 720seconds
D/hwcomposer(  122): hotplug_thread: processing control fd
I/hwcomposer(  122): hotplug: connected = 0
W/msgr(:<default>):x(12762): Requested time interval of 1200000 ms should be increased to at least 3600000 ms for n
D/hwcomposer(  122): hotplug_thread: processing control fd
I/hwcomposer(  122): hotplug: connected = 0
D/MtpService(31197): updating state; isCurrentUser=true, mMtpLocked=false
D/MtpService(31197): addStorageLocked 65537 /storage/emulated/0
D/MtpService(31197): updating state; isCurrentUser=true, mMtpLocked=false
D/MtpService(31197): starting MTP server in PTP mode
D/MtpService(31197): addStorageLocked 65537 /storage/emulated/0
I/PowerManagerService(  504): Waking up from sleep...
D/PicasaSyncManager( 1642): battery info: true
E/LocalFingerprints(21631): cannot compute fingerprint for: content://media/external/images/media/8054
E/LocalFingerprints(21631): java.io.FileNotFoundException: No such file or directory
E/LocalFingerprints(21631): 	at android.database.DatabaseUtils.readExceptionWithFileNotFoundExceptionFromParcel(DatabaseUtils.java:146)
E/LocalFingerprints(21631): 	at android.content.ContentProviderProxy.openTypedAssetFile(ContentProviderNative.java:682)
E/LocalFingerprints(21631): 	at android.content.ContentResolver.openTypedAssetFileDescriptor(ContentResolver.java:1063)
E/LocalFingerprints(21631): 	at android.content.ContentResolver.openAssetFileDescriptor(ContentResolver.java:904)
E/LocalFingerprints(21631): 	at android.content.ContentResolver.openInputStream(ContentResolver.java:629)
E/LocalFingerprints(21631): 	at cak.a(PG:159)
E/LocalFingerprints(21631): 	at bzj.a(PG:123)
E/LocalFingerprints(21631): 	at com.google.android.apps.plus.service.FingerprintScannerIntentService.onHandleIntent(PG:79)
E/LocalFingerprints(21631): 	at android.app.IntentService$ServiceHandler.handleMessage(IntentService.java:65)
E/LocalFingerprints(21631): 	at android.os.Handler.dispatchMessage(Handler.java:102)
E/LocalFingerprints(21631): 	at android.os.Looper.loop(Looper.java:136)
E/LocalFingerprints(21631): 	at android.os.HandlerThread.run(HandlerThread.java:61)
V/KeyguardServiceDelegate(  504): onScreenTurnedOn(showListener = com.android.internal.policy.impl.PhoneWindowManager$17@42185f80)
I/EntropyMixer(  504): Writing entropy...
D/PowerManagerService-JNI(  504): Excessive delay in autosuspend_disable() while turning screen on: 271ms
D/SurfaceFlinger(  122): Screen acquired, type=0 flinger=0x41da4450
D/hwcomposer(  122): hwc_blank: display 0: unblank
D/hwcomposer(  122): hwc_blank_display: display 0: [1 -> 0]
D/hwcomposer(  122): Display 0 is 800 x 1280
D/hwcomposer(  122): dc_blank: display 0, [1 -> 0]
V/KeyguardServiceDelegate(  504): **** SHOWN CALLED ****
I/WindowManager(  504): Lock screen displayed!
D/AndroidRuntime( 2843): 
D/AndroidRuntime( 2843): >>>>>> AndroidRuntime START com.android.internal.os.RuntimeInit <<<<<<
D/AndroidRuntime( 2843): CheckJNI is OFF
D/dalvikvm( 2843): Trying to load lib libjavacore.so 0x0
D/dalvikvm( 2843): Added shared lib libjavacore.so 0x0
D/dalvikvm( 2843): Trying to load lib libnativehelper.so 0x0
D/dalvikvm( 2843): Added shared lib libnativehelper.so 0x0
D/dalvikvm( 2843): No JNI_OnLoad found in libnativehelper.so 0x0, skipping init
D/dalvikvm( 2843): Note: class Landroid/app/ActivityManagerNative; has 179 unimplemented (abstract) methods
E/memtrack( 2843): Couldn't load memtrack module (No such file or directory)
E/android.os.Debug( 2843): failed to load memtrack module: -2
D/AndroidRuntime( 2843): Calling main entry com.android.commands.pm.Pm
W/ActivityManager(  504): No content provider found for permission revoke: file:///data/local/tmp/linesensor.apk
W/ActivityManager(  504): No content provider found for permission revoke: file:///data/local/tmp/linesensor.apk
I/PackageManager(  504): Copying native libraries to /data/app-lib/vmdl2074956721
I/ActivityManager(  504): Force stopping us.aichisteel.linesensor appid=10122 user=-1: uninstall pkg
I/ActivityManager(  504): Killing 2595:us.aichisteel.linesensor/u0a122 (adj 15): stop us.aichisteel.linesensor
D/dalvikvm(31197): GC_CONCURRENT freed 431K, 6% free 8040K/8520K, paused 2ms+3ms, total 25ms
I/PackageManager(  504): Running dexopt on: us.aichisteel.linesensor
I/PackageManager(  504): Package us.aichisteel.linesensor codePath changed from /data/app/us.aichisteel.linesensor-1.apk to /data/app/us.aichisteel.linesensor-2.apk; Retaining data and using new
D/dalvikvm( 2855): DexOpt: 'Landroid/annotation/SuppressLint;' has an earlier definition; blocking out
D/dalvikvm( 2855): DexOpt: 'Landroid/annotation/TargetApi;' has an earlier definition; blocking out
D/dalvikvm( 2855): DexOpt: not verifying/optimizing 'Landroid/annotation/SuppressLint;': multiple definitions
D/dalvikvm( 2855): DexOpt: not verifying/optimizing 'Landroid/annotation/TargetApi;': multiple definitions
D/dalvikvm( 2855): DexOpt: load 15ms, verify+opt 107ms, 504460 bytes
W/PackageManager(  504): Code path for pkg : us.aichisteel.linesensor changing from /data/app/us.aichisteel.linesensor-1.apk to /data/app/us.aichisteel.linesensor-2.apk
I/ActivityManager(  504): Force stopping us.aichisteel.linesensor appid=10122 user=-1: update pkg
W/PackageManager(  504): Resource path for pkg : us.aichisteel.linesensor changing from /data/app/us.aichisteel.linesensor-1.apk to /data/app/us.aichisteel.linesensor-2.apk
D/dalvikvm(  504): GC_EXPLICIT freed 1995K, 43% free 25328K/43904K, paused 5ms+11ms, total 125ms
I/ActivityManager(  504): Force stopping us.aichisteel.linesensor appid=10122 user=0: pkg removed
I/InputReader(  504): Reconfiguring input devices.  changes=0x00000010
D/dalvikvm(31780): GC_CONCURRENT freed 387K, 6% free 7959K/8400K, paused 2ms+2ms, total 31ms
I/InputReader(  504): Reconfiguring input devices.  changes=0x00000010
D/dalvikvm(  767): GC_EXPLICIT freed 459K, 30% free 18393K/26260K, paused 4ms+7ms, total 80ms
D/dalvikvm(26265): GC_EXPLICIT freed 309K, 9% free 8681K/9468K, paused 2ms+5ms, total 81ms
I/InputReader(  504): Reconfiguring input devices.  changes=0x00000010
I/Launcher(  767): Deferring update until onResume
I/ActivityManager(  504): Start proc com.android.keychain for broadcast com.android.keychain/.KeyChainBroadcastReceiver: pid=2863 uid=1000 gids={41000, 1028, 1015, 3002, 3001, 3003}
I/Launcher(  767): Deferring update until onResume
D/dalvikvm( 1994): GC_EXPLICIT freed 266K, 16% free 8775K/10380K, paused 3ms+7ms, total 172ms
W/ContextImpl( 2863): Calling a method in the system process without a qualified user: android.app.ContextImpl.startService:1479 android.content.ContextWrapper.startService:494 android.content.ContextWrapper.startService:494 com.android.keychain.KeyChainBroadcastReceiver.onReceive:12 android.app.ActivityThread.handleReceiver:2419 
D/PackageBroadcastService(  798): Received broadcast action=android.intent.action.PACKAGE_REMOVED and uri=us.aichisteel.linesensor
I/ActivityManager(  504): Start proc com.google.android.gms.drive for broadcast com.google.android.gms/.drive.api.DriveSystemBroadcastReceiver: pid=2878 uid=10021 gids={50021, 3003, 1007, 1028, 1015, 3002, 3001, 3007, 2001, 3006}
I/MultiDex( 2878): load(/data/app/com.google.android.gms-2.apk, forceReload=false)
D/BackupManagerService(  504): Received broadcast Intent { act=android.intent.action.PACKAGE_REMOVED dat=package:us.aichisteel.linesensor flg=0x4000010 (has extras) }
D/dalvikvm( 2878): GC_CONCURRENT freed 182K, 3% free 7989K/8208K, paused 5ms+2ms, total 29ms
D/dalvikvm( 2878): WAIT_FOR_CONCURRENT_GC blocked 7ms
D/BackupManagerService(  504): Received broadcast Intent { act=android.intent.action.PACKAGE_ADDED dat=package:us.aichisteel.linesensor flg=0x4000010 (has extras) }
V/BackupManagerService(  504): removePackageParticipantsLocked: uid=10122 #1
V/BackupManagerService(  504): addPackageParticipantsLocked: #1
D/dalvikvm(  504): GC_EXPLICIT freed 665K, 43% free 25270K/43904K, paused 10ms+18ms, total 328ms
D/AndroidRuntime( 2843): Shutting down VM
D/jdwp    ( 2843): Got wake-up signal, bailing out of select
D/dalvikvm( 2843): Debugger has detached; object registry had 1 entries
D/dalvikvm( 2878): GC_CONCURRENT freed 140K, 2% free 8360K/8520K, paused 2ms+5ms, total 38ms
I/MultiDex( 2878): Need extracted file /data/data/com.google.android.gms/files/secondary-dexes/com.google.android.gms-2.apk.classes2.zip
I/MultiDex( 2878): No extraction needed for /data/data/com.google.android.gms/files/secondary-dexes/com.google.android.gms-2.apk.classes2.zip of size 1809539
D/dalvikvm(31197): GC_CONCURRENT freed 344K, 5% free 8096K/8520K, paused 2ms+7ms, total 39ms
D/PackageBroadcastService(  798): Received broadcast action=android.intent.action.PACKAGE_ADDED and uri=us.aichisteel.linesensor
I/InternalIcingCorporaPro(26265): Updating corpora: APPS=us.aichisteel.linesensor, CONTACTS=MAYBE
D/dalvikvm( 1157): GC_CONCURRENT freed 351K, 5% free 7695K/8084K, paused 3ms+2ms, total 35ms
I/ActivityManager(  504): Delay finish: com.google.android.googlequicksearchbox/com.google.android.search.core.summons.icing.InternalIcingCorporaProvider$CorporaChangedReceiver
I/PeopleContactsSync(  798): CP2 sync disabled
I/InternalIcingCorporaPro(26265): UpdateCorporaTask done [took 36 ms] updated apps [took 36 ms] 
I/ActivityManager(  504): Resuming delayed broadcast
I/ActivityManager(  504): START u0 {flg=0x10800000 cmp=com.estrongs.android.pop/.app.InstallMonitorActivity (has extras)} from pid 32470
D/PackageBroadcastService(  798): Received broadcast action=android.intent.action.PACKAGE_REPLACED and uri=us.aichisteel.linesensor
I/PeopleContactsSync(  798): CP2 sync disabled
I/ActivityManager(  504): Delay finish: com.google.android.apps.magazines/com.google.apps.dots.android.app.receiver.FirstInstallNotificationReceiver
D/GCM     (28690): GcmService start Intent { act=com.google.android.gms.INITIALIZE flg=0x10 pkg=com.google.android.gms cmp=com.google.android.gms/.gcm.GcmService } com.google.android.gms.INITIALIZE
I/ActivityManager(  504): Resuming delayed broadcast
D/dalvikvm(  504): GC_EXPLICIT freed 485K, 43% free 25222K/43904K, paused 5ms+10ms, total 106ms
D/dalvikvm(31197): GC_CONCURRENT freed 393K, 6% free 8098K/8532K, paused 3ms+4ms, total 27ms
D/dalvikvm( 1994): GC_CONCURRENT freed 460K, 15% free 8825K/10380K, paused 5ms+2ms, total 33ms
D/dalvikvm( 1994): WAIT_FOR_CONCURRENT_GC blocked 11ms
D/dalvikvm( 1994): GC_CONCURRENT freed 490K, 15% free 8846K/10380K, paused 6ms+2ms, total 33ms
D/dalvikvm( 1994): WAIT_FOR_CONCURRENT_GC blocked 21ms
D/dalvikvm( 1994): GC_CONCURRENT freed 472K, 15% free 8884K/10380K, paused 2ms+2ms, total 32ms
D/dalvikvm( 1994): WAIT_FOR_CONCURRENT_GC blocked 25ms
D/dalvikvm( 1994): GC_CONCURRENT freed 473K, 15% free 8921K/10380K, paused 4ms+4ms, total 33ms
D/dalvikvm( 1994): WAIT_FOR_CONCURRENT_GC blocked 20ms
D/dalvikvm( 1994): GC_CONCURRENT freed 476K, 14% free 8955K/10380K, paused 7ms+2ms, total 34ms
D/dalvikvm( 1994): WAIT_FOR_CONCURRENT_GC blocked 22ms
D/dalvikvm( 1994): GC_CONCURRENT freed 479K, 14% free 8987K/10380K, paused 2ms+2ms, total 33ms
D/dalvikvm( 1994): WAIT_FOR_CONCURRENT_GC blocked 18ms
D/dalvikvm( 1994): GC_CONCURRENT freed 465K, 13% free 9033K/10380K, paused 4ms+2ms, total 32ms
D/dalvikvm( 1994): WAIT_FOR_CONCURRENT_GC blocked 23ms
D/dalvikvm( 1994): GC_CONCURRENT freed 485K, 13% free 9059K/10380K, paused 3ms+2ms, total 35ms
D/dalvikvm( 1994): WAIT_FOR_CONCURRENT_GC blocked 24ms
D/dalvikvm( 1994): GC_CONCURRENT freed 476K, 13% free 9095K/10380K, paused 3ms+4ms, total 53ms
D/dalvikvm( 1994): WAIT_FOR_CONCURRENT_GC blocked 37ms
D/dalvikvm( 1994): GC_CONCURRENT freed 472K, 12% free 9134K/10380K, paused 3ms+2ms, total 36ms
D/dalvikvm( 1994): WAIT_FOR_CONCURRENT_GC blocked 27ms
D/dalvikvm( 1994): GC_CONCURRENT freed 485K, 12% free 9166K/10380K, paused 4ms+4ms, total 50ms
D/dalvikvm( 1994): WAIT_FOR_CONCURRENT_GC blocked 39ms
D/NfcService(31780): NFC-C ON
D/PhoneStatusBar(  584): disable: < expand icons alerts ticker system_info back* home* recent* clock* search >
D/dalvikvm( 1994): GC_CONCURRENT freed 495K, 12% free 9198K/10380K, paused 9ms+4ms, total 44ms
D/dalvikvm( 1994): WAIT_FOR_CONCURRENT_GC blocked 28ms
W/InputMethodManagerService(  504): Window already focused, ignoring focus gain of: com.android.internal.view.IInputMethodClient$Stub$Proxy@427408d0 attribute=android.view.inputmethod.EditorInfo@42717058, token = android.os.BinderProxy@42f88d90
D/dalvikvm( 1994): GC_CONCURRENT freed 924K, 16% free 8810K/10380K, paused 4ms+5ms, total 48ms
D/dalvikvm( 1994): WAIT_FOR_CONCURRENT_GC blocked 38ms
D/dalvikvm( 1994): GC_CONCURRENT freed 482K, 15% free 8840K/10380K, paused 3ms+2ms, total 39ms
D/dalvikvm( 1994): WAIT_FOR_CONCURRENT_GC blocked 33ms
D/dalvikvm( 1994): GC_CONCURRENT freed 472K, 15% free 8877K/10380K, paused 3ms+2ms, total 24ms
D/dalvikvm( 1994): WAIT_FOR_CONCURRENT_GC blocked 17ms
D/dalvikvm( 1994): GC_CONCURRENT freed 469K, 15% free 8919K/10380K, paused 2ms+2ms, total 34ms
D/dalvikvm( 1994): WAIT_FOR_CONCURRENT_GC blocked 29ms
D/dalvikvm( 1994): GC_CONCURRENT freed 491K, 14% free 8939K/10380K, paused 2ms+3ms, total 33ms
D/dalvikvm( 1994): WAIT_FOR_CONCURRENT_GC blocked 28ms
D/dalvikvm( 1994): GC_CONCURRENT freed 459K, 14% free 8991K/10380K, paused 4ms+5ms, total 34ms
D/dalvikvm( 1994): WAIT_FOR_CONCURRENT_GC blocked 27ms
D/dalvikvm( 1994): GC_CONCURRENT freed 492K, 14% free 9010K/10380K, paused 2ms+2ms, total 35ms
D/dalvikvm( 1994): WAIT_FOR_CONCURRENT_GC blocked 26ms
D/dalvikvm( 1994): GC_CONCURRENT freed 459K, 13% free 9061K/10380K, paused 1ms+2ms, total 35ms
D/dalvikvm( 1994): WAIT_FOR_CONCURRENT_GC blocked 30ms
D/dalvikvm( 1994): GC_CONCURRENT freed 488K, 13% free 9085K/10380K, paused 2ms+2ms, total 32ms
D/dalvikvm( 1994): WAIT_FOR_CONCURRENT_GC blocked 24ms
D/dalvikvm( 1994): GC_CONCURRENT freed 470K, 13% free 9126K/10380K, paused 2ms+6ms, total 32ms
D/dalvikvm( 1994): WAIT_FOR_CONCURRENT_GC blocked 28ms
D/dalvikvm( 1994): GC_CONCURRENT freed 484K, 12% free 9156K/10380K, paused 3ms+2ms, total 33ms
D/dalvikvm( 1994): WAIT_FOR_CONCURRENT_GC blocked 26ms
D/dalvikvm( 1994): GC_CONCURRENT freed 447K, 12% free 9189K/10380K, paused 2ms+2ms, total 28ms
D/dalvikvm( 1994): GC_CONCURRENT freed 912K, 16% free 8810K/10380K, paused 2ms+2ms, total 23ms
D/dalvikvm( 1994): WAIT_FOR_CONCURRENT_GC blocked 18ms
D/dalvikvm( 1994): GC_CONCURRENT freed 471K, 15% free 8848K/10380K, paused 1ms+1ms, total 21ms
D/dalvikvm( 1994): WAIT_FOR_CONCURRENT_GC blocked 17ms
D/dalvikvm( 1994): GC_CONCURRENT freed 453K, 15% free 8906K/10380K, paused 2ms+2ms, total 27ms
D/dalvikvm( 1994): WAIT_FOR_CONCURRENT_GC blocked 21ms
D/dalvikvm( 1994): GC_CONCURRENT freed 500K, 15% free 8917K/10380K, paused 2ms+2ms, total 22ms
D/dalvikvm( 1994): WAIT_FOR_CONCURRENT_GC blocked 17ms
D/dalvikvm( 1994): GC_CONCURRENT freed 474K, 14% free 8953K/10380K, paused 2ms+1ms, total 25ms
D/dalvikvm( 1994): WAIT_FOR_CONCURRENT_GC blocked 19ms
D/dalvikvm( 1994): GC_CONCURRENT freed 475K, 14% free 8989K/10380K, paused 3ms+2ms, total 23ms
D/dalvikvm( 1994): WAIT_FOR_CONCURRENT_GC blocked 15ms
D/dalvikvm( 1994): GC_CONCURRENT freed 478K, 14% free 9022K/10380K, paused 1ms+2ms, total 21ms
D/dalvikvm( 1994): WAIT_FOR_CONCURRENT_GC blocked 17ms
D/dalvikvm( 1994): GC_CONCURRENT freed 470K, 13% free 9062K/10380K, paused 1ms+2ms, total 22ms
D/dalvikvm( 1994): WAIT_FOR_CONCURRENT_GC blocked 18ms
D/dalvikvm( 1994): GC_CONCURRENT freed 483K, 13% free 9090K/10380K, paused 2ms+2ms, total 26ms
D/dalvikvm( 1994): WAIT_FOR_CONCURRENT_GC blocked 21ms
D/dalvikvm( 1994): GC_CONCURRENT freed 468K, 13% free 9132K/10380K, paused 2ms+2ms, total 22ms
D/dalvikvm( 1994): WAIT_FOR_CONCURRENT_GC blocked 18ms
D/dalvikvm( 1994): GC_CONCURRENT freed 474K, 12% free 9170K/10380K, paused 3ms+2ms, total 25ms
D/dalvikvm( 1994): WAIT_FOR_CONCURRENT_GC blocked 20ms
D/dalvikvm( 1994): GC_CONCURRENT freed 486K, 12% free 9213K/10380K, paused 2ms+2ms, total 22ms
D/dalvikvm( 1994): WAIT_FOR_CONCURRENT_GC blocked 18ms
D/dalvikvm( 1994): GC_CONCURRENT freed 962K, 16% free 8793K/10380K, paused 2ms+6ms, total 29ms
D/dalvikvm( 1994): WAIT_FOR_CONCURRENT_GC blocked 25ms
D/dalvikvm( 1994): GC_CONCURRENT freed 472K, 15% free 8833K/10380K, paused 2ms+2ms, total 26ms
D/dalvikvm( 1994): WAIT_FOR_CONCURRENT_GC blocked 21ms
D/dalvikvm( 1994): GC_CONCURRENT freed 474K, 15% free 8869K/10380K, paused 3ms+2ms, total 24ms
D/dalvikvm( 1994): WAIT_FOR_CONCURRENT_GC blocked 18ms
D/dalvikvm( 1994): GC_CONCURRENT freed 473K, 15% free 8907K/10380K, paused 2ms+2ms, total 23ms
D/dalvikvm( 1994): WAIT_FOR_CONCURRENT_GC blocked 15ms
I/ActivityManager(  504): START u0 {act=android.intent.action.MAIN cat=[android.intent.category.LAUNCHER] flg=0x10200000 cmp=us.aichisteel.linesensor/.LineSensorActivity bnds=[400,435][528,563]} from pid 767
D/dalvikvm( 1994): GC_CONCURRENT freed 475K, 14% free 8942K/10380K, paused 1ms+3ms, total 35ms
D/dalvikvm( 1994): WAIT_FOR_CONCURRENT_GC blocked 31ms
I/ActivityManager(  504): Start proc us.aichisteel.linesensor for activity us.aichisteel.linesensor/.LineSensorActivity: pid=2924 uid=10122 gids={50122}
D/dalvikvm( 1994): GC_CONCURRENT freed 463K, 14% free 8990K/10380K, paused 5ms+4ms, total 53ms
D/dalvikvm( 1994): WAIT_FOR_CONCURRENT_GC blocked 41ms
D/dalvikvm( 1994): GC_CONCURRENT freed 500K, 14% free 9001K/10380K, paused 2ms+2ms, total 26ms
D/dalvikvm( 1994): WAIT_FOR_CONCURRENT_GC blocked 21ms
D/LINESENSOR( 2924): buildDataset
D/LINESENSOR( 2924): buildRenderer
D/LINESENSOR( 2924): addView
D/UsbCdcConnection( 2924): Cannot find VID:9025, PID:0
D/UsbCdcConnection( 2924): Cannot find VID:1027, PID:0
D/UsbCdcConnection( 2924): Cannot find VID:3368, PID:0
D/UsbCdcConnection( 2924): Cannot find VID:3368, PID:0
D/UsbCdcConnection( 2924): Cannot find VID:4951, PID:0
D/UsbCdcConnection( 2924): Cannot find VID:5538, PID:0
D/UsbCdcConnection( 2924): Cannot find VID:4292, PID:0
D/UsbCdcConnection( 2924): Cannot find VID:1121, PID:0
D/dalvikvm( 1994): GC_CONCURRENT freed 464K, 13% free 9047K/10380K, paused 2ms+4ms, total 30ms
D/dalvikvm( 1994): WAIT_FOR_CONCURRENT_GC blocked 25ms
D/dalvikvm( 1994): GC_CONCURRENT freed 486K, 13% free 9071K/10380K, paused 4ms+3ms, total 36ms
D/dalvikvm( 1994): WAIT_FOR_CONCURRENT_GC blocked 23ms
D/dalvikvm( 1994): GC_CONCURRENT freed 472K, 13% free 9109K/10380K, paused 7ms+3ms, total 32ms
D/dalvikvm( 1994): WAIT_FOR_CONCURRENT_GC blocked 26ms
D/libEGL  ( 2924): loaded /system/lib/egl/libEGL_tegra.so
D/dalvikvm( 1994): GC_CONCURRENT freed 462K, 12% free 9156K/10380K, paused 13ms+3ms, total 48ms
D/dalvikvm( 1994): WAIT_FOR_CONCURRENT_GC blocked 35ms
D/libEGL  ( 2924): loaded /system/lib/egl/libGLESv1_CM_tegra.so
D/libEGL  ( 2924): loaded /system/lib/egl/libGLESv2_tegra.so
D/dalvikvm( 1994): GC_CONCURRENT freed 494K, 12% free 9184K/10380K, paused 3ms+2ms, total 49ms
D/dalvikvm( 1994): WAIT_FOR_CONCURRENT_GC blocked 39ms
D/OpenGLRenderer( 2924): Enabling debug mode 0
D/dalvikvm( 1994): GC_CONCURRENT freed 503K, 12% free 9213K/10380K, paused 4ms+3ms, total 54ms
D/dalvikvm( 1994): WAIT_FOR_CONCURRENT_GC blocked 42ms
D/dalvikvm( 1994): GC_CONCURRENT freed 487K, 11% free 9265K/10380K, paused 8ms+4ms, total 40ms
D/dalvikvm( 1994): WAIT_FOR_CONCURRENT_GC blocked 27ms
D/dalvikvm( 1994): GC_CONCURRENT freed 529K, 11% free 9292K/10380K, paused 3ms+2ms, total 24ms
D/dalvikvm( 1994): WAIT_FOR_CONCURRENT_GC blocked 16ms
D/dalvikvm(  504): GC_EXPLICIT freed 482K, 43% free 25216K/43904K, paused 4ms+11ms, total 120ms
D/dalvikvm( 1994): GC_CONCURRENT freed 1058K, 16% free 8802K/10380K, paused 4ms+3ms, total 30ms
D/dalvikvm( 1994): WAIT_FOR_CONCURRENT_GC blocked 20ms
D/dalvikvm( 1994): GC_CONCURRENT freed 482K, 15% free 8830K/10380K, paused 2ms+2ms, total 29ms
D/dalvikvm( 1994): WAIT_FOR_CONCURRENT_GC blocked 24ms
I/ActivityManager(  504): Displayed us.aichisteel.linesensor/.LineSensorActivity: +669ms (total +4m51s74ms)
D/dalvikvm( 1994): GC_CONCURRENT freed 468K, 15% free 8873K/10380K, paused 1ms+2ms, total 29ms
D/dalvikvm( 1994): WAIT_FOR_CONCURRENT_GC blocked 25ms
D/dalvikvm( 1994): GC_CONCURRENT freed 475K, 15% free 8907K/10380K, paused 1ms+3ms, total 24ms
D/dalvikvm( 1994): WAIT_FOR_CONCURRENT_GC blocked 20ms
D/dalvikvm( 1994): GC_CONCURRENT freed 471K, 14% free 8945K/10380K, paused 3ms+2ms, total 30ms
D/dalvikvm( 1994): WAIT_FOR_CONCURRENT_GC blocked 23ms
D/dalvikvm( 1994): GC_CONCURRENT freed 470K, 14% free 8986K/10380K, paused 2ms+3ms, total 28ms
D/dalvikvm( 1994): WAIT_FOR_CONCURRENT_GC blocked 21ms
D/dalvikvm( 1994): GC_CONCURRENT freed 488K, 14% free 9008K/10380K, paused 2ms+3ms, total 30ms
D/dalvikvm( 1994): WAIT_FOR_CONCURRENT_GC blocked 26ms
D/dalvikvm( 1994): GC_CONCURRENT freed 481K, 13% free 9038K/10380K, paused 2ms+2ms, total 27ms
D/dalvikvm( 1994): WAIT_FOR_CONCURRENT_GC blocked 20ms
D/dalvikvm( 1994): GC_CONCURRENT freed 453K, 13% free 9097K/10380K, paused 2ms+2ms, total 22ms
D/dalvikvm( 1994): WAIT_FOR_CONCURRENT_GC blocked 18ms
D/dalvikvm( 1994): GC_CONCURRENT freed 500K, 13% free 9108K/10380K, paused 1ms+2ms, total 21ms
D/dalvikvm( 1994): WAIT_FOR_CONCURRENT_GC blocked 17ms
D/dalvikvm( 1994): GC_CONCURRENT freed 472K, 12% free 9147K/10380K, paused 2ms+2ms, total 24ms
D/dalvikvm( 1994): WAIT_FOR_CONCURRENT_GC blocked 19ms
D/dalvikvm( 1994): GC_CONCURRENT freed 486K, 12% free 9179K/10380K, paused 2ms+3ms, total 25ms
D/dalvikvm( 1994): WAIT_FOR_CONCURRENT_GC blocked 20ms
D/dalvikvm( 1994): GC_CONCURRENT freed 477K, 12% free 9234K/10380K, paused 3ms+2ms, total 23ms
D/dalvikvm( 1994): WAIT_FOR_CONCURRENT_GC blocked 18ms
D/dalvikvm( 1994): GC_CONCURRENT freed 516K, 11% free 9264K/10380K, paused 2ms+2ms, total 28ms
D/dalvikvm( 1994): WAIT_FOR_CONCURRENT_GC blocked 22ms
D/dalvikvm( 1994): GC_CONCURRENT freed 531K, 11% free 9292K/10380K, paused 2ms+2ms, total 22ms
D/dalvikvm( 1994): WAIT_FOR_CONCURRENT_GC blocked 18ms
D/dalvikvm( 1994): GC_CONCURRENT freed 526K, 11% free 9333K/10380K, paused 2ms+1ms, total 24ms
D/dalvikvm( 1994): WAIT_FOR_CONCURRENT_GC blocked 20ms
D/dalvikvm( 1994): GC_CONCURRENT freed 543K, 10% free 9372K/10380K, paused 3ms+3ms, total 29ms
D/dalvikvm( 1994): WAIT_FOR_CONCURRENT_GC blocked 23ms
D/dalvikvm( 1994): GC_CONCURRENT freed 542K, 10% free 9423K/10380K, paused 3ms+2ms, total 26ms
D/dalvikvm( 1994): WAIT_FOR_CONCURRENT_GC blocked 19ms
D/dalvikvm( 1994): GC_CONCURRENT freed 570K, 9% free 9465K/10380K, paused 2ms+1ms, total 24ms
D/dalvikvm( 1994): WAIT_FOR_CONCURRENT_GC blocked 18ms
D/dalvikvm( 1994): GC_CONCURRENT freed 587K, 9% free 9503K/10380K, paused 3ms+1ms, total 24ms
D/dalvikvm( 1994): WAIT_FOR_CONCURRENT_GC blocked 18ms
D/dalvikvm( 1994): GC_CONCURRENT freed 1335K, 16% free 8806K/10380K, paused 2ms+3ms, total 25ms
D/dalvikvm( 1994): WAIT_FOR_CONCURRENT_GC blocked 20ms
D/dalvikvm( 1994): GC_CONCURRENT freed 466K, 15% free 8851K/10380K, paused 2ms+2ms, total 22ms
D/dalvikvm( 1994): WAIT_FOR_CONCURRENT_GC blocked 18ms
D/dalvikvm( 1994): GC_CONCURRENT freed 483K, 15% free 8878K/10380K, paused 2ms+3ms, total 27ms
D/dalvikvm( 1994): WAIT_FOR_CONCURRENT_GC blocked 22ms
D/dalvikvm( 1994): GC_CONCURRENT freed 470K, 15% free 8919K/10380K, paused 2ms+2ms, total 23ms
D/dalvikvm( 1994): WAIT_FOR_CONCURRENT_GC blocked 19ms
D/dalvikvm( 1994): GC_CONCURRENT freed 485K, 14% free 8945K/10380K, paused 1ms+2ms, total 22ms
D/dalvikvm( 1994): WAIT_FOR_CONCURRENT_GC blocked 19ms
D/dalvikvm( 1994): GC_CONCURRENT freed 467K, 14% free 8988K/10380K, paused 1ms+3ms, total 25ms
D/dalvikvm( 1994): WAIT_FOR_CONCURRENT_GC blocked 21ms
D/dalvikvm( 1994): GC_CONCURRENT freed 452K, 13% free 9047K/10380K, paused 2ms+2ms, total 27ms
D/dalvikvm( 1994): WAIT_FOR_CONCURRENT_GC blocked 22ms
D/dalvikvm( 1994): GC_CONCURRENT freed 506K, 13% free 9051K/10380K, paused 2ms+2ms, total 22ms
D/dalvikvm( 1994): WAIT_FOR_CONCURRENT_GC blocked 18ms
D/dalvikvm( 1994): GC_CONCURRENT freed 478K, 13% free 9084K/10380K, paused 2ms+1ms, total 21ms
D/dalvikvm( 1994): WAIT_FOR_CONCURRENT_GC blocked 17ms
D/dalvikvm( 1994): GC_CONCURRENT freed 481K, 13% free 9114K/10380K, paused 1ms+2ms, total 21ms
D/dalvikvm( 1994): WAIT_FOR_CONCURRENT_GC blocked 18ms
D/dalvikvm(18252): Debugger has detached; object registry had 1 entries
D/dalvikvm( 1994): GC_CONCURRENT freed 463K, 12% free 9161K/10380K, paused 2ms+2ms, total 26ms
D/dalvikvm( 1994): WAIT_FOR_CONCURRENT_GC blocked 18ms
D/dalvikvm( 1994): GC_CONCURRENT freed 493K, 12% free 9191K/10380K, paused 2ms+2ms, total 24ms
D/dalvikvm( 1994): WAIT_FOR_CONCURRENT_GC blocked 19ms
D/dalvikvm( 1994): GC_CONCURRENT freed 488K, 12% free 9235K/10380K, paused 2ms+2ms, total 23ms
D/dalvikvm( 1994): WAIT_FOR_CONCURRENT_GC blocked 19ms
D/dalvikvm( 1994): GC_CONCURRENT freed 507K, 11% free 9277K/10380K, paused 3ms+2ms, total 27ms
D/dalvikvm( 1994): WAIT_FOR_CONCURRENT_GC blocked 21ms
D/dalvikvm( 1994): GC_CONCURRENT freed 534K, 11% free 9306K/10380K, paused 1ms+3ms, total 21ms
D/dalvikvm( 1994): WAIT_FOR_CONCURRENT_GC blocked 17ms
D/dalvikvm( 1994): GC_CONCURRENT freed 537K, 10% free 9343K/10380K, paused 3ms+2ms, total 22ms
D/dalvikvm( 1994): WAIT_FOR_CONCURRENT_GC blocked 16ms
D/dalvikvm( 1994): GC_CONCURRENT freed 547K, 10% free 9382K/10380K, paused 2ms+2ms, total 22ms
D/dalvikvm( 1994): WAIT_FOR_CONCURRENT_GC blocked 17ms
D/dalvikvm( 1994): GC_CONCURRENT freed 557K, 10% free 9422K/10380K, paused 2ms+1ms, total 21ms
D/dalvikvm( 1994): WAIT_FOR_CONCURRENT_GC blocked 17ms
D/dalvikvm( 1994): GC_CONCURRENT freed 562K, 9% free 9472K/10380K, paused 2ms+2ms, total 21ms
D/dalvikvm( 1994): WAIT_FOR_CONCURRENT_GC blocked 17ms
D/dalvikvm( 1994): GC_CONCURRENT freed 589K, 9% free 9511K/10380K, paused 4ms+2ms, total 26ms
D/dalvikvm( 1994): WAIT_FOR_CONCURRENT_GC blocked 20ms
D/dalvikvm( 1994): GC_CONCURRENT freed 553K, 8% free 9570K/10380K, paused 1ms+2ms, total 21ms
D/dalvikvm( 1994): WAIT_FOR_CONCURRENT_GC blocked 18ms
D/dalvikvm( 1994): GC_CONCURRENT freed 531K, 8% free 9579K/10380K, paused 1ms+1ms, total 22ms
D/dalvikvm( 1994): WAIT_FOR_CONCURRENT_GC blocked 20ms
D/dalvikvm( 1994): GC_CONCURRENT freed 508K, 8% free 9614K/10380K, paused 2ms+2ms, total 22ms
D/dalvikvm( 1994): WAIT_FOR_CONCURRENT_GC blocked 20ms
D/dalvikvm( 1994): GC_FOR_ALLOC freed 1321K, 16% free 8811K/10392K, paused 19ms, total 19ms
D/dalvikvm( 1994): GC_CONCURRENT freed 468K, 15% free 8853K/10392K, paused 1ms+2ms, total 20ms
D/dalvikvm( 1994): WAIT_FOR_CONCURRENT_GC blocked 16ms
D/dalvikvm( 1994): GC_CONCURRENT freed 474K, 15% free 8888K/10392K, paused 1ms+2ms, total 20ms
D/dalvikvm( 1994): WAIT_FOR_CONCURRENT_GC blocked 18ms
D/dalvikvm( 1994): GC_CONCURRENT freed 490K, 15% free 8909K/10392K, paused 2ms+3ms, total 23ms
D/dalvikvm( 1994): WAIT_FOR_CONCURRENT_GC blocked 18ms
D/PicasaSyncManager( 1642): battery info: false
I/ActivityManager(  504): Killing 2863:com.android.keychain/1000 (adj 15): empty #17
W/UsbSettingsManager(  504): no meta-data for ResolveInfo{423f2f70 com.estrongs.android.pop/.view.FileExplorerActivity m=0x108000}
D/UsbCdcConnection( 2924): Cannot find VID:9025, PID:0
D/UsbCdcConnection( 2924): Cannot find VID:1027, PID:0
D/UsbCdcConnection( 2924): Cannot find VID:3368, PID:0
D/UsbCdcConnection( 2924): Cannot find VID:3368, PID:0
D/UsbCdcConnection( 2924): Cannot find VID:4951, PID:0
D/UsbCdcConnection( 2924): Cannot find VID:5538, PID:0
D/UsbCdcConnection( 2924): Cannot find VID:4292, PID:0
D/UsbCdcConnection( 2924): Cannot find VID:1121, PID:0
D/UsbCdcConnection( 2924): Cannot find VID:9025, PID:0
W/ContextImpl(  504): Calling a method in the system process without a qualified user: android.app.ContextImpl.sendBroadcast:1123 com.android.server.usb.UsbSettingsManager.deviceAttached:621 com.android.server.usb.UsbHostManager.usbDeviceAdded:156 com.android.server.usb.UsbHostManager.monitorUsbHostBus:-2 com.android.server.usb.UsbHostManager.access$000:38 
I/ActivityManager(  504): START u0 {act=android.hardware.usb.action.USB_DEVICE_ATTACHED flg=0x10000000 cmp=us.aichisteel.linesensor/.LineSensorActivity (has extras)} from pid 504
D/UsbCdcConnection( 2924): Cannot find VID:1027, PID:0
D/UsbCdcConnection( 2924): Cannot find VID:3368, PID:0
D/UsbCdcConnection( 2924): Cannot find VID:3368, PID:0
D/UsbCdcConnection( 2924): Cannot find VID:4951, PID:0
D/UsbCdcConnection( 2924): Cannot find VID:5538, PID:0
D/UsbCdcConnection( 2924): Cannot find VID:4292, PID:0
D/UsbCdcConnection( 2924): Cannot find VID:1121, PID:0
W/UsbSettingsManager(  504): no meta-data for ResolveInfo{42394118 com.estrongs.android.pop/.view.FileExplorerActivity m=0x108000}
W/ContextImpl(  504): Calling a method in the system process without a qualified user: android.app.ContextImpl.sendBroadcast:1123 com.android.server.usb.UsbSettingsManager.deviceAttached:621 com.android.server.usb.UsbHostManager.usbDeviceAdded:156 com.android.server.usb.UsbHostManager.monitorUsbHostBus:-2 com.android.server.usb.UsbHostManager.access$000:38 
D/UsbCdcConnection( 2924): Cannot find VID:9025, PID:0
D/UsbCdcConnection( 2924): Cannot find VID:1027, PID:0
D/UsbCdcConnection( 2924): Cannot find VID:3368, PID:0
I/ActivityManager(  504): START u0 {act=android.hardware.usb.action.USB_DEVICE_ATTACHED flg=0x10000000 cmp=us.aichisteel.linesensor/.LineSensorActivity (has extras)} from pid 504
D/UsbCdcConnection( 2924): Cannot find VID:3368, PID:0
D/UsbCdcConnection( 2924): Cannot find VID:4951, PID:0
D/UsbCdcConnection( 2924): Cannot find VID:5538, PID:0
D/UsbCdcConnection( 2924): Cannot find VID:4292, PID:0
D/UsbCdcConnection( 2924): Cannot find VID:1121, PID:0
D/UsbCdcConnection( 2924): Cannot find VID:9025, PID:0
D/UsbCdcConnection( 2924): Cannot find VID:1027, PID:0
D/UsbCdcConnection( 2924): Cannot find VID:3368, PID:0
D/UsbCdcConnection( 2924): Cannot find VID:3368, PID:0
D/UsbCdcConnection( 2924): Cannot find VID:4951, PID:0
D/UsbCdcConnection( 2924): Cannot find VID:5538, PID:0
D/UsbCdcConnection( 2924): Cannot find VID:4292, PID:0
D/UsbCdcConnection( 2924): Cannot find VID:1121, PID:0
D/Finsky  (32614): [1] 5.onFinished: Installation state replication succeeded.
I/ActivityManager(  504): Config changes=480 {1.0 310mcc?mnc ja_JP ldltr sw600dp w961dp h528dp 213dpi lrg land finger -keyb/v/h -nav/h s.212}
I/InputReader(  504): Reconfiguring input devices.  changes=0x00000004
I/InputReader(  504): Device reconfigured: id=2, name='elan-touchscreen', size 800x1280, orientation 3, mode 1, display id 0
D/PhoneStatusBar(  584): mSettingsPanelGravity = 8388661
D/dalvikvm( 2924): GC_CONCURRENT freed 175K, 3% free 7917K/8132K, paused 11ms+19ms, total 78ms
D/LINESENSOR( 2924): buildDataset
D/LINESENSOR( 2924): buildRenderer
D/LINESENSOR( 2924): addView
I/dalvikvm( 2924): Could not find method com.ftdi.j2xx.D2xxManager.getInstance, referenced from method com.physicaloid.lib.usb.driver.uart.UartFtdi.<init>
W/dalvikvm( 2924): VFY: unable to resolve static method 155: Lcom/ftdi/j2xx/D2xxManager;.getInstance (Landroid/content/Context;)Lcom/ftdi/j2xx/D2xxManager;
D/dalvikvm( 2924): VFY: replacing opcode 0x71 at 0x0030
W/dalvikvm( 2924): VFY: unable to resolve exception class 58 (Lcom/ftdi/j2xx/D2xxManager$D2xxException;)
W/dalvikvm( 2924): VFY: unable to find exception handler at addr 0x37
W/dalvikvm( 2924): VFY:  rejected Lcom/physicaloid/lib/usb/driver/uart/UartFtdi;.<init> (Landroid/content/Context;)V
W/dalvikvm( 2924): VFY:  rejecting opcode 0x0d at 0x0037
W/dalvikvm( 2924): VFY:  rejected Lcom/physicaloid/lib/usb/driver/uart/UartFtdi;.<init> (Landroid/content/Context;)V
W/dalvikvm( 2924): Verifier rejected class Lcom/physicaloid/lib/usb/driver/uart/UartFtdi;
D/AndroidRuntime( 2924): Shutting down VM
W/dalvikvm( 2924): threadid=1: thread exiting with uncaught exception (group=0x4175bba8)
E/AndroidRuntime( 2924): FATAL EXCEPTION: main
E/AndroidRuntime( 2924): Process: us.aichisteel.linesensor, PID: 2924
E/AndroidRuntime( 2924): java.lang.VerifyError: com/physicaloid/lib/usb/driver/uart/UartFtdi
E/AndroidRuntime( 2924): 	at com.physicaloid.lib.framework.AutoCommunicator.getSerialCommunicator(AutoCommunicator.java:44)
E/AndroidRuntime( 2924): 	at com.physicaloid.lib.Physicaloid.open(Physicaloid.java:74)
E/AndroidRuntime( 2924): 	at com.physicaloid.lib.Physicaloid.open(Physicaloid.java:62)
E/AndroidRuntime( 2924): 	at us.aichisteel.linesensor.LineSensorActivity.openUsbSerial(LineSensorActivity.java:297)
E/AndroidRuntime( 2924): 	at us.aichisteel.linesensor.LineSensorActivity.onCreate(LineSensorActivity.java:204)
E/AndroidRuntime( 2924): 	at android.app.Activity.performCreate(Activity.java:5231)
E/AndroidRuntime( 2924): 	at android.app.Instrumentation.callActivityOnCreate(Instrumentation.java:1087)
E/AndroidRuntime( 2924): 	at android.app.ActivityThread.performLaunchActivity(ActivityThread.java:2159)
E/AndroidRuntime( 2924): 	at android.app.ActivityThread.handleLaunchActivity(ActivityThread.java:2245)
E/AndroidRuntime( 2924): 	at android.app.ActivityThread.handleRelaunchActivity(ActivityThread.java:3738)
E/AndroidRuntime( 2924): 	at android.app.ActivityThread.access$900(ActivityThread.java:135)
E/AndroidRuntime( 2924): 	at android.app.ActivityThread$H.handleMessage(ActivityThread.java:1202)
E/AndroidRuntime( 2924): 	at android.os.Handler.dispatchMessage(Handler.java:102)
E/AndroidRuntime( 2924): 	at android.os.Looper.loop(Looper.java:136)
E/AndroidRuntime( 2924): 	at android.app.ActivityThread.main(ActivityThread.java:5017)
E/AndroidRuntime( 2924): 	at java.lang.reflect.Method.invokeNative(Native Method)
E/AndroidRuntime( 2924): 	at java.lang.reflect.Method.invoke(Method.java:515)
E/AndroidRuntime( 2924): 	at com.android.internal.os.ZygoteInit$MethodAndArgsCaller.run(ZygoteInit.java:779)
E/AndroidRuntime( 2924): 	at com.android.internal.os.ZygoteInit.main(ZygoteInit.java:595)
E/AndroidRuntime( 2924): 	at dalvik.system.NativeStart.main(Native Method)
I/WindowManager(  504): Screen frozen for +360ms due to AppWindowToken{43222558 token=Token{423b2d48 ActivityRecord{425c7478 u0 us.aichisteel.linesensor/.LineSensorActivity t342}}}
W/ActivityManager(  504):   Force finishing activity us.aichisteel.linesensor/.LineSensorActivity
D/dalvikvm( 1994): GC_CONCURRENT freed 521K, 16% free 8773K/10348K, paused 1ms+2ms, total 307ms
W/ActivityManager(  504): Activity pause timeout for ActivityRecord{425c7478 u0 us.aichisteel.linesensor/.LineSensorActivity t342 f}
D/dalvikvm(  916): GC_CONCURRENT freed 965K, 11% free 9431K/10488K, paused 9ms+9ms, total 80ms
D/dalvikvm(  916): WAIT_FOR_CONCURRENT_GC blocked 54ms
D/libgps  (  504): proxy_gps_inject_location()
D/GCoreUlr(  916): Throttling analytics event: entity, location_received, 1
D/GCoreUlr(  916): Throttling analytics event: entity, wifi_received, 1
D/GCoreUlr(  916): Throttling analytics event: entity, LocationRecordStore:save_attempt, 1
D/GCoreUlr(  916): Throttling analytics event: entity, LocationRecordStore:saved, 1
D/dalvikvm(  584): GC_FOR_ALLOC freed 2685K, 40% free 16280K/26760K, paused 135ms, total 152ms
I/dalvikvm-heap(  584): Grow heap (frag case) to 22.800MB for 7198736-byte allocation
D/Launcher.Model(  767): DbDebug    Modify item (Chrome) in db, id: 6 (4, 0, 0, 0) --> (4, 0, 0, 0)
D/Launcher.Model(  767): DbDebug    Modify item (Gmail) in db, id: 8 (4, 0, 1, 0) --> (4, 0, 1, 0)
D/Launcher.Model(  767): DbDebug    Modify item (Google+) in db, id: 10 (4, 0, 2, 0) --> (4, 0, 2, 0)
D/Launcher.Model(  767): DbDebug    Modify item () in db, id: 12 (4, 0, 3, 0) --> (4, 0, 3, 0)
D/Launcher.Model(  767): DbDebug    Modify item (YouTube) in db, id: 14 (4, 0, 0, 1) --> (4, 0, 0, 1)
D/Launcher.Model(  767): DbDebug    Modify item () in db, id: 16 (4, 0, 1, 1) --> (4, 0, 1, 1)
D/Launcher.Model(  767): DbDebug    Modify item () in db, id: 20 (4, 0, 2, 1) --> (4, 0, 2, 1)
D/Launcher.Model(  767): DbDebug    Modify item () in db, id: 22 (4, 0, 3, 1) --> (4, 0, 3, 1)
D/Launcher.Model(  767): DbDebug    Modify item (Earth) in db, id: 24 (4, 0, 0, 2) --> (4, 0, 0, 2)
D/Launcher.Model(  767): DbDebug    Modify item () in db, id: 26 (4, 0, 1, 2) --> (4, 0, 1, 2)
D/Launcher.Model(  767): DbDebug    Modify item (Wallet) in db, id: 28 (4, 0, 2, 2) --> (4, 0, 2, 2)
D/Launcher.Model(  767): DbDebug    Modify item () in db, id: 18 (4, 0, 3, 2) --> (4, 0, 3, 2)
D/dalvikvm(  584): GC_FOR_ALLOC freed 728K, 34% free 22582K/33792K, paused 126ms, total 126ms
I/ActivityManager(  504): Killing 2878:com.google.android.gms.drive/u0a21 (adj 15): empty #17
D/dalvikvm(  584): GC_CONCURRENT freed 263K, 34% free 22319K/33792K, paused 8ms+14ms, total 204ms
I/GCoreUlr(  916): Successfully inserted location
I/GCoreUlr(  916): Not calling LocationReportingService, hasMoved: true, elapsed millis: 391480, request: Tablet
I/InputReader(  504): Reconfiguring input devices.  changes=0x00000004
I/InputReader(  504): Device reconfigured: id=2, name='elan-touchscreen', size 800x1280, orientation 0, mode 1, display id 0
I/ActivityManager(  504): Config changes=480 {1.0 310mcc?mnc ja_JP ldltr sw600dp w600dp h880dp 213dpi lrg port finger -keyb/v/h -nav/h s.213}
D/dalvikvm(31780): GC_CONCURRENT freed 387K, 6% free 7957K/8400K, paused 15ms+6ms, total 70ms
D/PhoneStatusBar(  584): mSettingsPanelGravity = 8388661
D/dalvikvm(32614): GC_FOR_ALLOC freed 2506K, 18% free 14569K/17600K, paused 67ms, total 68ms
D/dalvikvm(  767): GC_CONCURRENT freed 1651K, 23% free 20225K/26260K, paused 4ms+16ms, total 59ms
D/Launcher.Model(  767): DbDebug    Modify item (Chrome) in db, id: 6 (4, 0, 0, 0) --> (4, 0, 0, 0)
D/Launcher.Model(  767): DbDebug    Modify item (Gmail) in db, id: 8 (4, 0, 1, 0) --> (4, 0, 1, 0)
D/Launcher.Model(  767): DbDebug    Modify item (Google+) in db, id: 10 (4, 0, 2, 0) --> (4, 0, 2, 0)
D/Launcher.Model(  767): DbDebug    Modify item () in db, id: 12 (4, 0, 3, 0) --> (4, 0, 3, 0)
D/Launcher.Model(  767): DbDebug    Modify item (YouTube) in db, id: 14 (4, 0, 0, 1) --> (4, 0, 0, 1)
D/Launcher.Model(  767): DbDebug    Modify item () in db, id: 16 (4, 0, 1, 1) --> (4, 0, 1, 1)
D/Launcher.Model(  767): DbDebug    Modify item () in db, id: 20 (4, 0, 2, 1) --> (4, 0, 2, 1)
D/Launcher.Model(  767): DbDebug    Modify item () in db, id: 22 (4, 0, 3, 1) --> (4, 0, 3, 1)
D/Launcher.Model(  767): DbDebug    Modify item (Earth) in db, id: 24 (4, 0, 0, 2) --> (4, 0, 0, 2)
D/Launcher.Model(  767): DbDebug    Modify item () in db, id: 26 (4, 0, 1, 2) --> (4, 0, 1, 2)
D/Launcher.Model(  767): DbDebug    Modify item (Wallet) in db, id: 28 (4, 0, 2, 2) --> (4, 0, 2, 2)
D/Launcher.Model(  767): DbDebug    Modify item () in db, id: 18 (4, 0, 3, 2) --> (4, 0, 3, 2)
D/dalvikvm(  767): GC_FOR_ALLOC freed 5112K, 34% free 17473K/26260K, paused 38ms, total 38ms
I/qtaguid (32614): Failed write_ctrl(u 65) res=-1 errno=22
I/qtaguid (32614): Untagging socket 65 failed errno=-22
W/NetworkManagementSocketTagger(32614): untagSocket(65) failed with errno -22
I/ElegantRequestDirector(32614): I/O exception (org.apache.http.NoHttpResponseException) caught when processing request: The target server failed to respond
I/ElegantRequestDirector(32614): Retrying request
I/WindowManager(  504): Screen frozen for +810ms due to Window{42daf180 u0 com.android.launcher/com.android.launcher2.Launcher}
D/dalvikvm(32614): GC_FOR_ALLOC freed 1638K, 16% free 14837K/17600K, paused 65ms, total 65ms
D/dalvikvm(  767): GC_FOR_ALLOC freed 1444K, 28% free 19101K/26260K, paused 36ms, total 37ms
D/dalvikvm(32614): GC_FOR_ALLOC freed 1861K, 16% free 14819K/17600K, paused 28ms, total 28ms
D/dalvikvm(  767): GC_FOR_ALLOC freed 1236K, 26% free 19456K/26260K, paused 38ms, total 38ms
D/dalvikvm(  767): GC_FOR_ALLOC freed 734K, 26% free 19455K/26260K, paused 38ms, total 38ms
D/dalvikvm(32614): GC_FOR_ALLOC freed 1933K, 17% free 14613K/17600K, paused 21ms, total 21ms
D/dalvikvm(  767): GC_FOR_ALLOC freed 914K, 26% free 19456K/26260K, paused 32ms, total 32ms
I/ElegantRequestDirector(32614): I/O exception (javax.net.ssl.SSLException) caught when processing request: Write error: ssl=0x68397158: I/O error during system call, Broken pipe
I/ElegantRequestDirector(32614): Retrying request
D/dalvikvm(  504): GC_EXPLICIT freed 1446K, 44% free 24799K/43904K, paused 12ms+13ms, total 124ms
